Archive member included to satisfy reference by file (symbol)

C:/NewFiles/STM32CubeIDE_2.1.0/STM32CubeIDE/plugins/com.st.stm32cube.ide.mcu.externaltools.gnu-tools-for-stm32.14.3.rel1.win32_1.0.100.202602081740/tools/bin/../lib/gcc/arm-none-eabi/14.3.1/../../../../arm-none-eabi/lib/thumb/v8-m.main+fp/hard\libc_nano.a(libc_a-exit.o)
                              C:/NewFiles/STM32CubeIDE_2.1.0/STM32CubeIDE/plugins/com.st.stm32cube.ide.mcu.externaltools.gnu-tools-for-stm32.14.3.rel1.win32_1.0.100.202602081740/tools/bin/../lib/gcc/arm-none-eabi/14.3.1/../../../../arm-none-eabi/lib/thumb/v8-m.main+fp/hard/crt0.o (exit)
C:/NewFiles/STM32CubeIDE_2.1.0/STM32CubeIDE/plugins/com.st.stm32cube.ide.mcu.externaltools.gnu-tools-for-stm32.14.3.rel1.win32_1.0.100.202602081740/tools/bin/../lib/gcc/arm-none-eabi/14.3.1/../../../../arm-none-eabi/lib/thumb/v8-m.main+fp/hard\libc_nano.a(libc_a-findfp.o)
                              C:/NewFiles/STM32CubeIDE_2.1.0/STM32CubeIDE/plugins/com.st.stm32cube.ide.mcu.externaltools.gnu-tools-for-stm32.14.3.rel1.win32_1.0.100.202602081740/tools/bin/../lib/gcc/arm-none-eabi/14.3.1/../../../../arm-none-eabi/lib/thumb/v8-m.main+fp/hard\libc_nano.a(libc_a-exit.o) (__stdio_exit_handler)
C:/NewFiles/STM32CubeIDE_2.1.0/STM32CubeIDE/plugins/com.st.stm32cube.ide.mcu.externaltools.gnu-tools-for-stm32.14.3.rel1.win32_1.0.100.202602081740/tools/bin/../lib/gcc/arm-none-eabi/14.3.1/../../../../arm-none-eabi/lib/thumb/v8-m.main+fp/hard\libc_nano.a(libc_a-fwalk.o)
                              C:/NewFiles/STM32CubeIDE_2.1.0/STM32CubeIDE/plugins/com.st.stm32cube.ide.mcu.externaltools.gnu-tools-for-stm32.14.3.rel1.win32_1.0.100.202602081740/tools/bin/../lib/gcc/arm-none-eabi/14.3.1/../../../../arm-none-eabi/lib/thumb/v8-m.main+fp/hard\libc_nano.a(libc_a-findfp.o) (_fwalk_sglue)
C:/NewFiles/STM32CubeIDE_2.1.0/STM32CubeIDE/plugins/com.st.stm32cube.ide.mcu.externaltools.gnu-tools-for-stm32.14.3.rel1.win32_1.0.100.202602081740/tools/bin/../lib/gcc/arm-none-eabi/14.3.1/../../../../arm-none-eabi/lib/thumb/v8-m.main+fp/hard\libc_nano.a(libc_a-snprintf.o)
                              ./Core/Src/app/printer_output.o (snprintf)
C:/NewFiles/STM32CubeIDE_2.1.0/STM32CubeIDE/plugins/com.st.stm32cube.ide.mcu.externaltools.gnu-tools-for-stm32.14.3.rel1.win32_1.0.100.202602081740/tools/bin/../lib/gcc/arm-none-eabi/14.3.1/../../../../arm-none-eabi/lib/thumb/v8-m.main+fp/hard\libc_nano.a(libc_a-stdio.o)
                              C:/NewFiles/STM32CubeIDE_2.1.0/STM32CubeIDE/plugins/com.st.stm32cube.ide.mcu.externaltools.gnu-tools-for-stm32.14.3.rel1.win32_1.0.100.202602081740/tools/bin/../lib/gcc/arm-none-eabi/14.3.1/../../../../arm-none-eabi/lib/thumb/v8-m.main+fp/hard\libc_nano.a(libc_a-findfp.o) (__sread)
C:/NewFiles/STM32CubeIDE_2.1.0/STM32CubeIDE/plugins/com.st.stm32cube.ide.mcu.externaltools.gnu-tools-for-stm32.14.3.rel1.win32_1.0.100.202602081740/tools/bin/../lib/gcc/arm-none-eabi/14.3.1/../../../../arm-none-eabi/lib/thumb/v8-m.main+fp/hard\libc_nano.a(libc_a-vsnprintf.o)
                              ./Core/Src/log/myprintf.o (vsnprintf)
C:/NewFiles/STM32CubeIDE_2.1.0/STM32CubeIDE/plugins/com.st.stm32cube.ide.mcu.externaltools.gnu-tools-for-stm32.14.3.rel1.win32_1.0.100.202602081740/tools/bin/../lib/gcc/arm-none-eabi/14.3.1/../../../../arm-none-eabi/lib/thumb/v8-m.main+fp/hard\libc_nano.a(libc_a-memset.o)
                              C:/NewFiles/STM32CubeIDE_2.1.0/STM32CubeIDE/plugins/com.st.stm32cube.ide.mcu.externaltools.gnu-tools-for-stm32.14.3.rel1.win32_1.0.100.202602081740/tools/bin/../lib/gcc/arm-none-eabi/14.3.1/../../../../arm-none-eabi/lib/thumb/v8-m.main+fp/hard/crt0.o (memset)
C:/NewFiles/STM32CubeIDE_2.1.0/STM32CubeIDE/plugins/com.st.stm32cube.ide.mcu.externaltools.gnu-tools-for-stm32.14.3.rel1.win32_1.0.100.202602081740/tools/bin/../lib/gcc/arm-none-eabi/14.3.1/../../../../arm-none-eabi/lib/thumb/v8-m.main+fp/hard\libc_nano.a(libc_a-strcspn.o)
                              ./Core/Src/app/dotmatrix_converter_debug.o (strcspn)
C:/NewFiles/STM32CubeIDE_2.1.0/STM32CubeIDE/plugins/com.st.stm32cube.ide.mcu.externaltools.gnu-tools-for-stm32.14.3.rel1.win32_1.0.100.202602081740/tools/bin/../lib/gcc/arm-none-eabi/14.3.1/../../../../arm-none-eabi/lib/thumb/v8-m.main+fp/hard\libc_nano.a(libc_a-strncpy.o)
                              ./Core/Src/app/dotmatrix_converter_debug.o (strncpy)
C:/NewFiles/STM32CubeIDE_2.1.0/STM32CubeIDE/plugins/com.st.stm32cube.ide.mcu.externaltools.gnu-tools-for-stm32.14.3.rel1.win32_1.0.100.202602081740/tools/bin/../lib/gcc/arm-none-eabi/14.3.1/../../../../arm-none-eabi/lib/thumb/v8-m.main+fp/hard\libc_nano.a(libc_a-closer.o)
                              C:/NewFiles/STM32CubeIDE_2.1.0/STM32CubeIDE/plugins/com.st.stm32cube.ide.mcu.externaltools.gnu-tools-for-stm32.14.3.rel1.win32_1.0.100.202602081740/tools/bin/../lib/gcc/arm-none-eabi/14.3.1/../../../../arm-none-eabi/lib/thumb/v8-m.main+fp/hard\libc_nano.a(libc_a-stdio.o) (_close_r)
[...]
Memory Configuration

Name             Origin             Length             Attributes
RAM              0x20000000         0x000c0000         xrw
SRAM4            0x28000000         0x00004000         xrw
FLASH            0x08000000         0x00200000         xr
*default*        0x00000000         0xffffffff

Linker script and memory map

LOAD C:/NewFiles/STM32CubeIDE_2.1.0/STM32CubeIDE/plugins/com.st.stm32cube.ide.mcu.externaltools.gnu-tools-for-stm32.14.3.rel1.win32_1.0.100.202602081740/tools/bin/../lib/gcc/arm-none-eabi/14.3.1/thumb/v8-m.main+fp/hard/crti.o
LOAD C:/NewFiles/STM32CubeIDE_2.1.0/STM32CubeIDE/plugins/com.st.stm32cube.ide.mcu.externaltools.gnu-tools-for-stm32.14.3.rel1.win32_1.0.100.202602081740/tools/bin/../lib/gcc/arm-none-eabi/14.3.1/thumb/v8-m.main+fp/hard/crtbegin.o
LOAD C:/NewFiles/STM32CubeIDE_2.1.0/STM32CubeIDE/plugins/com.st.stm32cube.ide.mcu.externaltools.gnu-tools-for-stm32.14.3.rel1.win32_1.0.100.202602081740/tools/bin/../lib/gcc/arm-none-eabi/14.3.1/../../../../arm-none-eabi/lib/thumb/v8-m.main+fp/hard/crt0.o
LOAD ./Core/Src/app/Receive.o
LOAD ./Core/Src/app/app_printer.o
LOAD ./Core/Src/app/dotmatrix_converter_debug.o
LOAD ./Core/Src/app/escpos_commands.o
LOAD ./Core/Src/app/ku_font.o
LOAD ./Core/Src/app/print_buffer.o
LOAD ./Core/Src/app/printer_output.o
LOAD ./Core/Src/app_freertos.o
LOAD ./Core/Src/gpio.o
LOAD ./Core/Src/main.o
LOAD ./Core/Src/stm32u5xx_hal_msp.o
LOAD ./Core/Src/stm32u5xx_hal_timebase_tim.o
LOAD ./Core/Src/stm32u5xx_it.o
LOAD ./Core/Src/syscalls.o
LOAD ./Core/Src/sysmem.o
LOAD ./Core/Src/system_stm32u5xx.o
LOAD ./Core/Src/usart.o
LOAD ./Core/Src/log/myprintf.o
LOAD ./Core/Startup/startup_stm32u575zitxq.o
LOAD ./Drivers/STM32U5xx_HAL_Driver/Src/stm32u5xx_hal.o
LOAD ./Drivers/STM32U5xx_HAL_Driver/Src/stm32u5xx_hal_cortex.o
LOAD ./Drivers/STM32U5xx_HAL_Driver/Src/stm32u5xx_hal_dma.o
LOAD ./Drivers/STM32U5xx_HAL_Driver/Src/stm32u5xx_hal_dma_ex.o
LOAD ./Drivers/STM32U5xx_HAL_Driver/Src/stm32u5xx_hal_exti.o
LOAD ./Drivers/STM32U5xx_HAL_Driver/Src/stm32u5xx_hal_flash.o
LOAD ./Drivers/STM32U5xx_HAL_Driver/Src/stm32u5xx_hal_flash_ex.o
LOAD ./Drivers/STM32U5xx_HAL_Driver/Src/stm32u5xx_hal_gpio.o
LOAD ./Drivers/STM32U5xx_HAL_Driver/Src/stm32u5xx_hal_gtzc.o
LOAD ./Drivers/STM32U5xx_HAL_Driver/Src/stm32u5xx_hal_i2c.o
LOAD ./Drivers/STM32U5xx_HAL_Driver/Src/stm32u5xx_hal_i2c_ex.o
LOAD ./Drivers/STM32U5xx_HAL_Driver/Src/stm32u5xx_hal_icache.o
LOAD ./Drivers/STM32U5xx_HAL_Driver/Src/stm32u5xx_hal_pwr.o
LOAD ./Drivers/STM32U5xx_HAL_Driver/Src/stm32u5xx_hal_pwr_ex.o
LOAD ./Drivers/STM32U5xx_HAL_Driver/Src/stm32u5xx_hal_rcc.o
LOAD ./Drivers/STM32U5xx_HAL_Driver/Src/stm32u5xx_hal_rcc_ex.o
LOAD ./Drivers/STM32U5xx_HAL_Driver/Src/stm32u5xx_hal_tim.o
LOAD ./Drivers/STM32U5xx_HAL_Driver/Src/stm32u5xx_hal_tim_ex.o
LOAD ./Drivers/STM32U5xx_HAL_Driver/Src/stm32u5xx_hal_uart.o
LOAD ./Drivers/STM32U5xx_HAL_Driver/Src/stm32u5xx_hal_uart_ex.o
LOAD ./Middlewares/Third_Party/FreeRTOS/Source/CMSIS_RTOS_V2/cmsis_os2.o
LOAD ./Middlewares/Third_Party/FreeRTOS/Source/croutine.o
LOAD ./Middlewares/Third_Party/FreeRTOS/Source/event_groups.o
LOAD ./Middlewares/Third_Party/FreeRTOS/Source/list.o
LOAD ./Middlewares/Third_Party/FreeRTOS/Source/queue.o
LOAD ./Middlewares/Third_Party/FreeRTOS/Source/stream_buffer.o
LOAD ./Middlewares/Third_Party/FreeRTOS/Source/tasks.o
LOAD ./Middlewares/Third_Party/FreeRTOS/Source/timers.o
LOAD ./Middlewares/Third_Party/FreeRTOS/Source/portable/GCC/ARM_CM33_NTZ/non_secure/port.o
LOAD ./Middlewares/Third_Party/FreeRTOS/Source/portable/GCC/ARM_CM33_NTZ/non_secure/portasm.o
LOAD ./Middlewares/Third_Party/FreeRTOS/Source/portable/MemMang/heap_4.o
START GROUP
LOAD C:/NewFiles/STM32CubeIDE_2.1.0/STM32CubeIDE/plugins/com.st.stm32cube.ide.mcu.externaltools.gnu-tools-for-stm32.14.3.rel1.win32_1.0.100.202602081740/tools/bin/../lib/gcc/arm-none-eabi/14.3.1/../../../../arm-none-eabi/lib/thumb/v8-m.main+fp/hard\libc_nano.a
LOAD C:/NewFiles/STM32CubeIDE_2.1.0/STM32CubeIDE/plugins/com.st.stm32cube.ide.mcu.externaltools.gnu-tools-for-stm32.14.3.rel1.win32_1.0.100.202602081740/tools/bin/../lib/gcc/arm-none-eabi/14.3.1/../../../../arm-none-eabi/lib/thumb/v8-m.main+fp/hard\libm.a
END GROUP
START GROUP
LOAD C:/NewFiles/STM32CubeIDE_2.1.0/STM32CubeIDE/plugins/com.st.stm32cube.ide.mcu.externaltools.gnu-tools-for-stm32.14.3.rel1.win32_1.0.100.202602081740/tools/bin/../lib/gcc/arm-none-eabi/14.3.1/thumb/v8-m.main+fp/hard\libgcc.a
LOAD C:/NewFiles/STM32CubeIDE_2.1.0/STM32CubeIDE/plugins/com.st.stm32cube.ide.mcu.externaltools.gnu-tools-for-stm32.14.3.rel1.win32_1.0.100.202602081740/tools/bin/../lib/gcc/arm-none-eabi/14.3.1/../../../../arm-none-eabi/lib/thumb/v8-m.main+fp/hard\libc_nano.a
END GROUP
START GROUP
LOAD C:/NewFiles/STM32CubeIDE_2.1.0/STM32CubeIDE/plugins/com.st.stm32cube.ide.mcu.externaltools.gnu-tools-for-stm32.14.3.rel1.win32_1.0.100.202602081740/tools/bin/../lib/gcc/arm-none-eabi/14.3.1/thumb/v8-m.main+fp/hard\libgcc.a
LOAD C:/NewFiles/STM32CubeIDE_2.1.0/STM32CubeIDE/plugins/com.st.stm32cube.ide.mcu.externaltools.gnu-tools-for-stm32.14.3.rel1.win32_1.0.100.202602081740/tools/bin/../lib/gcc/arm-none-eabi/14.3.1/../../../../arm-none-eabi/lib/thumb/v8-m.main+fp/hard\libc_nano.a
LOAD C:/NewFiles/STM32CubeIDE_2.1.0/STM32CubeIDE/plugins/com.st.stm32cube.ide.mcu.externaltools.gnu-tools-for-stm32.14.3.rel1.win32_1.0.100.202602081740/tools/bin/../lib/gcc/arm-none-eabi/14.3.1/../../../../arm-none-eabi/lib/thumb/v8-m.main+fp/hard\libnosys.a
END GROUP
START GROUP
LOAD C:/NewFiles/STM32CubeIDE_2.1.0/STM32CubeIDE/plugins/com.st.stm32cube.ide.mcu.externaltools.gnu-tools-for-stm32.14.3.rel1.win32_1.0.100.202602081740/tools/bin/../lib/gcc/arm-none-eabi/14.3.1/thumb/v8-m.main+fp/hard\libgcc.a
LOAD C:/NewFiles/STM32CubeIDE_2.1.0/STM32CubeIDE/plugins/com.st.stm32cube.ide.mcu.externaltools.gnu-tools-for-stm32.14.3.rel1.win32_1.0.100.202602081740/tools/bin/../lib/gcc/arm-none-eabi/14.3.1/../../../../arm-none-eabi/lib/thumb/v8-m.main+fp/hard\libc_nano.a
LOAD C:/NewFiles/STM32CubeIDE_2.1.0/STM32CubeIDE/plugins/com.st.stm32cube.ide.mcu.externaltools.gnu-tools-for-stm32.14.3.rel1.win32_1.0.100.202602081740/tools/bin/../lib/gcc/arm-none-eabi/14.3.1/../../../../arm-none-eabi/lib/thumb/v8-m.main+fp/hard\libnosys.a
END GROUP
LOAD C:/NewFiles/STM32CubeIDE_2.1.0/STM32CubeIDE/plugins/com.st.stm32cube.ide.mcu.externaltools.gnu-tools-for-stm32.14.3.rel1.win32_1.0.100.202602081740/tools/bin/../lib/gcc/arm-none-eabi/14.3.1/thumb/v8-m.main+fp/hard/crtend.o
LOAD C:/NewFiles/STM32CubeIDE_2.1.0/STM32CubeIDE/plugins/com.st.stm32cube.ide.mcu.externaltools.gnu-tools-for-stm32.14.3.rel1.win32_1.0.100.202602081740/tools/bin/../lib/gcc/arm-none-eabi/14.3.1/thumb/v8-m.main+fp/hard/crtn.o
                0x200c0000                        _estack = (ORIGIN (RAM) + LENGTH (RAM))
                0x200bfc00                        _sstack = (_estack - _Min_Stack_Size)
                0x00000200                        _Min_Heap_Size = 0x200
                0x00000400                        _Min_Stack_Size = 0x400

.isr_vector     0x08000000      0x238
 *(.isr_vector)
 .isr_vector    0x08000000      0x238 ./Core/Startup/startup_stm32u575zitxq.o
                0x08000000                g_pfnVectors

.text           0x08000238     0xddf8
 *(.text)
 .text          0x08000238       0x40 C:/NewFiles/STM32CubeIDE_2.1.0/STM32CubeIDE/plugins/com.st.stm32cube.ide.mcu.externaltools.gnu-tools-for-stm32.14.3.rel1.win32_1.0.100.202602081740/tools/bin/../lib/gcc/arm-none-eabi/14.3.1/thumb/v8-m.main+fp/hard/crtbegin.o
 .text          0x08000278       0x10 C:/NewFiles/STM32CubeIDE_2.1.0/STM32CubeIDE/plugins/com.st.stm32cube.ide.mcu.externaltools.gnu-tools-for-stm32.14.3.rel1.win32_1.0.100.202602081740/tools/bin/../lib/gcc/arm-none-eabi/14.3.1/../../../../arm-none-eabi/lib/thumb/v8-m.main+fp/hard\libc_nano.a(libc_a-strlen.o)
                0x08000278                strlen
 .text          0x08000288       0x30 C:/NewFiles/STM32CubeIDE_2.1.0/STM32CubeIDE/plugins/com.st.stm32cube.ide.mcu.externaltools.gnu-tools-for-stm32.14.3.rel1.win32_1.0.100.202602081740/tools/bin/../lib/gcc/arm-none-eabi/14.3.1/thumb/v8-m.main+fp/hard\libgcc.a(_aeabi_uldivmod.o)
                0x08000288                __aeabi_uldivmod
 .text          0x080002b8      0x34c C:/NewFiles/STM32CubeIDE_2.1.0/STM32CubeIDE/plugins/com.st.stm32cube.ide.mcu.externaltools.gnu-tools-for-stm32.14.3.rel1.win32_1.0.100.202602081740/tools/bin/../lib/gcc/arm-none-eabi/14.3.1/thumb/v8-m.main+fp/hard\libgcc.a(_udivmoddi4.o)
                0x080002b8                __udivmoddi4
 .text          0x08000604        0x4 C:/NewFiles/STM32CubeIDE_2.1.0/STM32CubeIDE/plugins/com.st.stm32cube.ide.mcu.externaltools.gnu-tools-for-stm32.14.3.rel1.win32_1.0.100.202602081740/tools/bin/../lib/gcc/arm-none-eabi/14.3.1/thumb/v8-m.main+fp/hard\libgcc.a(_dvmd_tls.o)
                0x08000604                __aeabi_idiv0
                0x08000604                __aeabi_ldiv0
 *(.text*)
 .text.ring_used_length
                0x08000608       0x38 ./Core/Src/app/Receive.o
 .text.ring_free_length
                0x08000640       0x16 ./Core/Src/app/Receive.o
 .text.is_command_frame
                0x08000656       0x5a ./Core/Src/app/Receive.o
 .text.handle_text_data
                0x080006b0       0xc8 ./Core/Src/app/Receive.o
 .text.uart_rx_restart_idle
                0x08000778       0x44 ./Core/Src/app/Receive.o
 .text.uart_rx_start
                0x080007bc       0xac ./Core/Src/app/Receive.o
                0x080007bc                uart_rx_start
 .text.HAL_UARTEx_RxEventCallback
                0x08000868      0x10c ./Core/Src/app/Receive.o
                0x08000868                HAL_UARTEx_RxEventCallback
 .text.HAL_UART_RxCpltCallback
                0x08000974       0x14 ./Core/Src/app/Receive.o
                0x08000974                HAL_UART_RxCpltCallback
 .text.HAL_UART_ErrorCallback
                0x08000988       0x48 ./Core/Src/app/Receive.o
                0x08000988                HAL_UART_ErrorCallback
 .text.uart_GetDate
                0x080009d0      0x1b0 ./Core/Src/app/Receive.o
                0x080009d0                uart_GetDate
 .text.app_printer_process_rx
                0x08000b80        0xc ./Core/Src/app/app_printer.o
                0x08000b80                app_printer_process_rx
 .text.app_printer_wait_print_task
                0x08000b8c        0xc ./Core/Src/app/app_printer.o
                0x08000b8c                app_printer_wait_print_task
 .text.app_printer_init
                0x08000b98       0x24 ./Core/Src/app/app_printer.o
                0x08000b98                app_printer_init
 .text.normalize_printable_char
                0x08000bbc       0x2c ./Core/Src/app/dotmatrix_converter_debug.o
 .text.normalize_debug_display_char
                0x08000be8       0x34 ./Core/Src/app/dotmatrix_converter_debug.o
 .text.get_font_char_ptr
                0x08000c1c       0x34 ./Core/Src/app/dotmatrix_converter_debug.o
 .text.load_font_bits_16x16
                0x08000c50       0x62 ./Core/Src/app/dotmatrix_converter_debug.o
 .text.fill_zero_row
                0x08000cb2       0x3e ./Core/Src/app/dotmatrix_converter_debug.o
 .text.write_char_bits_to_row
                0x08000cf0       0x6c ./Core/Src/app/dotmatrix_converter_debug.o
 .text.dm_print_string_debug
                0x08000d5c      0x284 ./Core/Src/app/dotmatrix_converter_debug.o
                0x08000d5c                dm_print_string_debug
 .text.settings_lock
                0x08000fe0       0x44 ./Core/Src/app/escpos_commands.o
 .text.settings_unlock
                0x08001024       0x28 ./Core/Src/app/escpos_commands.o
 .text.printer_clear_text_buffer
                0x0800104c       0x28 ./Core/Src/app/escpos_commands.o
 .text.printer_settings_reset_default_unlocked
                0x08001074       0x30 ./Core/Src/app/escpos_commands.o
 .text.printer_settings_set_alignment
                0x080010a4       0x30 ./Core/Src/app/escpos_commands.o
 .text.printer_settings_set_line_spacing
                0x080010d4       0x30 ./Core/Src/app/escpos_commands.o
 .text.printer_settings_set_margin_left
                0x08001104       0x30 ./Core/Src/app/escpos_commands.o
 .text.printer_settings_set_margin_right
                0x08001134       0x30 ./Core/Src/app/escpos_commands.o
 .text.printer_settings_set_scale
                0x08001164       0x44 ./Core/Src/app/escpos_commands.o
 .text.printer_clear_pending_execute_requests
                0x080011a8       0x3c ./Core/Src/app/escpos_commands.o
 .text.printer_reset_to_default
                0x080011e4       0x2c ./Core/Src/app/escpos_commands.o
 .text.log_command_frame
                0x08001210       0x58 ./Core/Src/app/escpos_commands.o
 .text.parse_alignment_value
                0x08001268       0x4e ./Core/Src/app/escpos_commands.o
 *fill*         0x080012b6        0x2 
 .text.printer_bind_print_task
                0x080012b8       0x20 ./Core/Src/app/escpos_commands.o
                0x080012b8                printer_bind_print_task
 .text.printer_bind_print_semaphore
                0x080012d8       0x20 ./Core/Src/app/escpos_commands.o
                0x080012d8                printer_bind_print_semaphore
 .text.printer_bind_settings_mutex
                0x080012f8       0x20 ./Core/Src/app/escpos_commands.o
                0x080012f8                printer_bind_settings_mutex
 .text.printer_copy_settings_snapshot
                0x08001318       0x40 ./Core/Src/app/escpos_commands.o
                0x08001318                printer_copy_settings_snapshot
 .text.printer_request_execute
                0x08001358       0x60 ./Core/Src/app/escpos_commands.o
                0x08001358                printer_request_execute
 .text.printer_consume_execute_request
                0x080013b8       0x28 ./Core/Src/app/escpos_commands.o
                0x080013b8                printer_consume_execute_request
 .text.printer_execute_buffer
                0x080013e0       0xa8 ./Core/Src/app/escpos_commands.o
                0x080013e0                printer_execute_buffer
 .text.printer_process_execute_request
                0x08001488       0x16 ./Core/Src/app/escpos_commands.o
                0x08001488                printer_process_execute_request
 *fill*         0x0800149e        0x2 
 .text.printer_wait_and_process_execute_request
                0x080014a0       0x74 ./Core/Src/app/escpos_commands.o
                0x080014a0                printer_wait_and_process_execute_request
 .text.handle_escpos_command
                0x08001514      0x268 ./Core/Src/app/escpos_commands.o
                0x08001514                handle_escpos_command
 .text.print_buffer_lock
                0x0800177c       0x44 ./Core/Src/app/print_buffer.o
 .text.print_buffer_unlock
                0x080017c0       0x28 ./Core/Src/app/print_buffer.o
 .text.print_buffer_bind_mutex
                0x080017e8       0x20 ./Core/Src/app/print_buffer.o
                0x080017e8                print_buffer_bind_mutex
 .text.print_buffer_init
                0x08001808        0xc ./Core/Src/app/print_buffer.o
                0x08001808                print_buffer_init
 .text.print_buffer_clear
                0x08001814       0x34 ./Core/Src/app/print_buffer.o
                0x08001814                print_buffer_clear
 .text.print_buffer_append_text
                0x08001848       0x88 ./Core/Src/app/print_buffer.o
                0x08001848                print_buffer_append_text
 .text.print_buffer_get_length
                0x080018d0       0x34 ./Core/Src/app/print_buffer.o
                0x080018d0                print_buffer_get_length
 .text.print_buffer_take_snapshot_and_clear
                0x08001904       0x98 ./Core/Src/app/print_buffer.o
                0x08001904                print_buffer_take_snapshot_and_clear
 .text.printer_output_uart2_send_raw
                0x0800199c       0x34 ./Core/Src/app/printer_output.o
 .text.printer_output_send_buffer
                0x080019d0       0x1e ./Core/Src/app/printer_output.o
                0x080019d0                printer_output_send_buffer
 .text.printer_output_send_text
                0x080019ee       0x2a ./Core/Src/app/printer_output.o
                0x080019ee                printer_output_send_text
 .text.printer_output_frame_begin
                0x08001a18       0x4c ./Core/Src/app/printer_output.o
                0x08001a18                printer_output_frame_begin
 .text.printer_output_frame_row_bits
                0x08001a64       0x34 ./Core/Src/app/printer_output.o
                0x08001a64                printer_output_frame_row_bits
 .text.printer_output_frame_end
                0x08001a98       0x14 ./Core/Src/app/printer_output.o
                0x08001a98                printer_output_frame_end
 .text.MX_FREERTOS_Init
                0x08001aac      0x130 ./Core/Src/app_freertos.o
                0x08001aac                MX_FREERTOS_Init
 .text.StartDefaultTask
                0x08001bdc       0x12 ./Core/Src/app_freertos.o
                0x08001bdc                StartDefaultTask
 .text.StartRxProcessTask
                0x08001bee       0x16 ./Core/Src/app_freertos.o
 .text.StartPrintTask
                0x08001c04        0xe ./Core/Src/app_freertos.o
 *fill*         0x08001c12        0x2 
 .text.MX_GPIO_Init
                0x08001c14       0x88 ./Core/Src/gpio.o
                0x08001c14                MX_GPIO_Init
 .text.main     0x08001c9c       0x2c ./Core/Src/main.o
                0x08001c9c                main
 .text.SystemClock_Config
                0x08001cc8       0x92 ./Core/Src/main.o
                0x08001cc8                SystemClock_Config
 *fill*         0x08001d5a        0x2 
 .text.HAL_TIM_PeriodElapsedCallback
                0x08001d5c       0x24 ./Core/Src/main.o
                0x08001d5c                HAL_TIM_PeriodElapsedCallback
 .text.Error_Handler
                0x08001d80        0xc ./Core/Src/main.o
                0x08001d80                Error_Handler
 .text.HAL_MspInit
                0x08001d8c       0x3c ./Core/Src/stm32u5xx_hal_msp.o
                0x08001d8c                HAL_MspInit
 .text.HAL_InitTick
                0x08001dc8       0xe0 ./Core/Src/stm32u5xx_hal_timebase_tim.o
                0x08001dc8                HAL_InitTick
 .text.NMI_Handler
                0x08001ea8        0x8 ./Core/Src/stm32u5xx_it.o
                0x08001ea8                NMI_Handler
 .text.HardFault_Handler
                0x08001eb0        0x8 ./Core/Src/stm32u5xx_it.o
                0x08001eb0                HardFault_Handler
 .text.MemManage_Handler
                0x08001eb8        0x8 ./Core/Src/stm32u5xx_it.o
                0x08001eb8                MemManage_Handler
 .text.BusFault_Handler
                0x08001ec0        0x8 ./Core/Src/stm32u5xx_it.o
                0x08001ec0                BusFault_Handler
 .text.UsageFault_Handler
                0x08001ec8        0x8 ./Core/Src/stm32u5xx_it.o
                0x08001ec8                UsageFault_Handler
 .text.DebugMon_Handler
                0x08001ed0        0xe ./Core/Src/stm32u5xx_it.o
                0x08001ed0                DebugMon_Handler
 *fill*         0x08001ede        0x2 
 .text.TIM6_IRQHandler
                0x08001ee0       0x14 ./Core/Src/stm32u5xx_it.o
                0x08001ee0                TIM6_IRQHandler
 .text.USART1_IRQHandler
                0x08001ef4       0x14 ./Core/Src/stm32u5xx_it.o
                0x08001ef4                USART1_IRQHandler
 .text._sbrk    0x08001f08       0x6c ./Core/Src/sysmem.o
                0x08001f08                _sbrk
 .text.SystemInit
                0x08001f74       0x70 ./Core/Src/system_stm32u5xx.o
                0x08001f74                SystemInit
 .text.MX_USART1_UART_Init
                0x08001fe4       0xa0 ./Core/Src/usart.o
                0x08001fe4                MX_USART1_UART_Init
 .text.MX_USART2_UART_Init
                0x08002084       0x98 ./Core/Src/usart.o
                0x08002084                MX_USART2_UART_Init
 .text.HAL_UART_MspInit
                0x0800211c      0x17c ./Core/Src/usart.o
                0x0800211c                HAL_UART_MspInit
 .text.log_bind_uart1_mutex
                0x08002298       0x20 ./Core/Src/log/myprintf.o
                0x08002298                log_bind_uart1_mutex
 .text.log_uart1_send
                0x080022b8       0x80 ./Core/Src/log/myprintf.o
 .text.log_printf
                0x08002338       0x4a ./Core/Src/log/myprintf.o
                0x08002338                log_printf
 *fill*         0x08002382        0x2 
 .text.log_info
                0x08002384       0x5c ./Core/Src/log/myprintf.o
                0x08002384                log_info
 .text.log_error
                0x080023e0       0x5c ./Core/Src/log/myprintf.o
                0x080023e0                log_error
 .text.log_debug
                0x0800243c       0x5c ./Core/Src/log/myprintf.o
                0x0800243c                log_debug
 .text.Reset_Handler
                0x08002498       0x50 ./Core/Startup/startup_stm32u575zitxq.o
                0x08002498                Reset_Handler
 .text.Default_Handler
                0x080024e8        0x2 ./Core/Startup/startup_stm32u575zitxq.o
                0x080024e8                EXTI2_IRQHandler
                0x080024e8                TIM8_TRG_COM_IRQHandler
                0x080024e8                TIM8_CC_IRQHandler
                0x080024e8                EXTI5_IRQHandler
                0x080024e8                FLASH_S_IRQHandler
                0x080024e8                EXTI13_IRQHandler
                0x080024e8                TIM1_CC_IRQHandler
                0x080024e8                TSC_IRQHandler
                0x080024e8                TAMP_IRQHandler
                0x080024e8                EXTI12_IRQHandler
                0x080024e8                CORDIC_IRQHandler
                0x080024e8                EXTI3_IRQHandler
                0x080024e8                LPTIM4_IRQHandler
                0x080024e8                GPDMA1_Channel5_IRQHandler
                0x080024e8                EXTI8_IRQHandler
                0x080024e8                LPTIM2_IRQHandler
                0x080024e8                I2C3_ER_IRQHandler
                0x080024e8                PWR_S3WU_IRQHandler
                0x080024e8                MDF1_FLT2_IRQHandler
                0x080024e8                LPDMA1_Channel3_IRQHandler
                0x080024e8                LPTIM3_IRQHandler
                0x080024e8                EXTI0_IRQHandler
                0x080024e8                I2C2_EV_IRQHandler
                0x080024e8                FPU_IRQHandler
                0x080024e8                GPDMA1_Channel3_IRQHandler
                0x080024e8                GPDMA1_Channel7_IRQHandler
                0x080024e8                MDF1_FLT4_IRQHandler
                0x080024e8                FDCAN1_IT1_IRQHandler
                0x080024e8                RAMCFG_IRQHandler
                0x080024e8                GPDMA1_Channel9_IRQHandler
                0x080024e8                DCACHE1_IRQHandler
                0x080024e8                SPI1_IRQHandler
                0x080024e8                OCTOSPI1_IRQHandler
                0x080024e8                GPDMA1_Channel2_IRQHandler
                0x080024e8                TIM8_UP_IRQHandler
                0x080024e8                RCC_S_IRQHandler
                0x080024e8                OCTOSPI2_IRQHandler
                0x080024e8                SAI2_IRQHandler
                0x080024e8                MDF1_FLT1_IRQHandler
                0x080024e8                ADC1_IRQHandler
                0x080024e8                MDF1_FLT5_IRQHandler
                0x080024e8                EXTI15_IRQHandler
                0x080024e8                TIM17_IRQHandler
                0x080024e8                USART3_IRQHandler
                0x080024e8                RTC_IRQHandler
                0x080024e8                EXTI9_IRQHandler
                0x080024e8                UART5_IRQHandler
                0x080024e8                TIM4_IRQHandler
                0x080024e8                I2C1_EV_IRQHandler
                0x080024e8                GPDMA1_Channel12_IRQHandler
                0x080024e8                GPDMA1_Channel1_IRQHandler
                0x080024e8                TIM16_IRQHandler
                0x080024e8                GPDMA1_Channel15_IRQHandler
                0x080024e8                UART4_IRQHandler
                0x080024e8                SecureFault_Handler
                0x080024e8                TIM3_IRQHandler
                0x080024e8                RCC_IRQHandler
                0x080024e8                TIM1_TRG_COM_IRQHandler
                0x080024e8                Default_Handler
                0x080024e8                GPDMA1_Channel8_IRQHandler
                0x080024e8                FMAC_IRQHandler
                0x080024e8                GPDMA1_Channel11_IRQHandler
                0x080024e8                TIM7_IRQHandler
                0x080024e8                SDMMC1_IRQHandler
                0x080024e8                TIM5_IRQHandler
                0x080024e8                UCPD1_IRQHandler
                0x080024e8                GPDMA1_Channel0_IRQHandler
                0x080024e8                TIM15_IRQHandler
                0x080024e8                I2C3_EV_IRQHandler
                0x080024e8                LPDMA1_Channel0_IRQHandler
                0x080024e8                PVD_PVM_IRQHandler
                0x080024e8                SPI2_IRQHandler
                0x080024e8                LPDMA1_Channel1_IRQHandler
                0x080024e8                EXTI14_IRQHandler
                0x080024e8                EXTI11_IRQHandler
                0x080024e8                CRS_IRQHandler
                0x080024e8                GPDMA1_Channel14_IRQHandler
                0x080024e8                LSECSSD_IRQHandler
                0x080024e8                EXTI4_IRQHandler
                0x080024e8                RTC_S_IRQHandler
                0x080024e8                GPDMA1_Channel13_IRQHandler
                0x080024e8                RNG_IRQHandler
                0x080024e8                COMP_IRQHandler
                0x080024e8                TIM1_UP_IRQHandler
                0x080024e8                ADC4_IRQHandler
                0x080024e8                WWDG_IRQHandler
                0x080024e8                I2C4_EV_IRQHandler
                0x080024e8                ADF1_IRQHandler
                0x080024e8                IWDG_IRQHandler
                0x080024e8                LPUART1_IRQHandler
                0x080024e8                MDF1_FLT0_IRQHandler
                0x080024e8                FDCAN1_IT0_IRQHandler
                0x080024e8                TIM2_IRQHandler
                0x080024e8                GPDMA1_Channel4_IRQHandler
                0x080024e8                EXTI7_IRQHandler
                0x080024e8                DMA2D_IRQHandler
                0x080024e8                TIM1_BRK_IRQHandler
                0x080024e8                EXTI1_IRQHandler
                0x080024e8                SDMMC2_IRQHandler
                0x080024e8                DAC1_IRQHandler
                0x080024e8                GTZC_IRQHandler
                0x080024e8                MDF1_FLT3_IRQHandler
                0x080024e8                USART2_IRQHandler
                0x080024e8                GPDMA1_Channel6_IRQHandler
                0x080024e8                I2C2_ER_IRQHandler
                0x080024e8                TIM8_BRK_IRQHandler
                0x080024e8                FLASH_IRQHandler
                0x080024e8                EXTI10_IRQHandler
                0x080024e8                OTG_FS_IRQHandler
                0x080024e8                SPI3_IRQHandler
                0x080024e8                LPDMA1_Channel2_IRQHandler
                0x080024e8                I2C1_ER_IRQHandler
                0x080024e8                FMC_IRQHandler
                0x080024e8                EXTI6_IRQHandler
                0x080024e8                LPTIM1_IRQHandler
                0x080024e8                DCMI_PSSI_IRQHandler
                0x080024e8                I2C4_ER_IRQHandler
                0x080024e8                GPDMA1_Channel10_IRQHandler
                0x080024e8                ICACHE_IRQHandler
                0x080024e8                SAI1_IRQHandler
                0x080024e8                HASH_IRQHandler
 *fill*         0x080024ea        0x2 
 .text.HAL_Init
                0x080024ec       0x60 ./Drivers/STM32U5xx_HAL_Driver/Src/stm32u5xx_hal.o
                0x080024ec                HAL_Init
 .text.HAL_IncTick
                0x0800254c       0x28 ./Drivers/STM32U5xx_HAL_Driver/Src/stm32u5xx_hal.o
                0x0800254c                HAL_IncTick
 .text.HAL_GetTick
                0x08002574       0x18 ./Drivers/STM32U5xx_HAL_Driver/Src/stm32u5xx_hal.o
                0x08002574                HAL_GetTick
 .text.__NVIC_SetPriorityGrouping
                0x0800258c       0x48 ./Drivers/STM32U5xx_HAL_Driver/Src/stm32u5xx_hal_cortex.o
 .text.__NVIC_GetPriorityGrouping
                0x080025d4       0x1c ./Drivers/STM32U5xx_HAL_Driver/Src/stm32u5xx_hal_cortex.o
 .text.__NVIC_EnableIRQ
                0x080025f0       0x3c ./Drivers/STM32U5xx_HAL_Driver/Src/stm32u5xx_hal_cortex.o
 .text.__NVIC_SetPriority
                0x0800262c       0x54 ./Drivers/STM32U5xx_HAL_Driver/Src/stm32u5xx_hal_cortex.o
 .text.NVIC_EncodePriority
                0x08002680       0x66 ./Drivers/STM32U5xx_HAL_Driver/Src/stm32u5xx_hal_cortex.o
 .text.HAL_NVIC_SetPriorityGrouping
                0x080026e6       0x16 ./Drivers/STM32U5xx_HAL_Driver/Src/stm32u5xx_hal_cortex.o
                0x080026e6                HAL_NVIC_SetPriorityGrouping
 .text.HAL_NVIC_SetPriority
                0x080026fc       0x34 ./Drivers/STM32U5xx_HAL_Driver/Src/stm32u5xx_hal_cortex.o
                0x080026fc                HAL_NVIC_SetPriority
 .text.HAL_NVIC_EnableIRQ
                0x08002730       0x1c ./Drivers/STM32U5xx_HAL_Driver/Src/stm32u5xx_hal_cortex.o
                0x08002730                HAL_NVIC_EnableIRQ
 .text.HAL_SYSTICK_CLKSourceConfig
                0x0800274c       0xb0 ./Drivers/STM32U5xx_HAL_Driver/Src/stm32u5xx_hal_cortex.o
                0x0800274c                HAL_SYSTICK_CLKSourceConfig
 .text.HAL_DMA_Abort
                0x080027fc       0xf8 ./Drivers/STM32U5xx_HAL_Driver/Src/stm32u5xx_hal_dma.o
                0x080027fc                HAL_DMA_Abort
 .text.HAL_DMA_Abort_IT
                0x080028f4       0x52 ./Drivers/STM32U5xx_HAL_Driver/Src/stm32u5xx_hal_dma.o
                0x080028f4                HAL_DMA_Abort_IT
 *fill*         0x08002946        0x2 
 .text.HAL_GPIO_Init
                0x08002948      0x3c0 ./Drivers/STM32U5xx_HAL_Driver/Src/stm32u5xx_hal_gpio.o
                0x08002948                HAL_GPIO_Init
 .text.HAL_GPIO_WritePin
                0x08002d08       0x30 ./Drivers/STM32U5xx_HAL_Driver/Src/stm32u5xx_hal_gpio.o
                0x08002d08                HAL_GPIO_WritePin
 .text.HAL_PWREx_ControlVoltageScaling
                0x08002d38       0xfc ./Drivers/STM32U5xx_HAL_Driver/Src/stm32u5xx_hal_pwr_ex.o
                0x08002d38                HAL_PWREx_ControlVoltageScaling
 .text.HAL_PWREx_GetVoltageRange
                0x08002e34       0x1c ./Drivers/STM32U5xx_HAL_Driver/Src/stm32u5xx_hal_pwr_ex.o
                0x08002e34                HAL_PWREx_GetVoltageRange
 .text.HAL_RCC_OscConfig
                0x08002e50      0xdb8 ./Drivers/STM32U5xx_HAL_Driver/Src/stm32u5xx_hal_rcc.o
                0x08002e50                HAL_RCC_OscConfig
 .text.HAL_RCC_ClockConfig
                0x08003c08      0x3e4 ./Drivers/STM32U5xx_HAL_Driver/Src/stm32u5xx_hal_rcc.o
                0x08003c08                HAL_RCC_ClockConfig
 .text.HAL_RCC_GetSysClockFreq
                0x08003fec      0x204 ./Drivers/STM32U5xx_HAL_Driver/Src/stm32u5xx_hal_rcc.o
                0x08003fec                HAL_RCC_GetSysClockFreq
 .text.HAL_RCC_GetHCLKFreq
                0x080041f0       0x34 ./Drivers/STM32U5xx_HAL_Driver/Src/stm32u5xx_hal_rcc.o
                0x080041f0                HAL_RCC_GetHCLKFreq
 .text.HAL_RCC_GetPCLK1Freq
                0x08004224       0x28 ./Drivers/STM32U5xx_HAL_Driver/Src/stm32u5xx_hal_rcc.o
                0x08004224                HAL_RCC_GetPCLK1Freq
 .text.HAL_RCC_GetPCLK2Freq
                0x0800424c       0x28 ./Drivers/STM32U5xx_HAL_Driver/Src/stm32u5xx_hal_rcc.o
                0x0800424c                HAL_RCC_GetPCLK2Freq
 .text.HAL_RCC_GetPCLK3Freq
                0x08004274       0x28 ./Drivers/STM32U5xx_HAL_Driver/Src/stm32u5xx_hal_rcc.o
                0x08004274                HAL_RCC_GetPCLK3Freq
 .text.HAL_RCC_GetClockConfig
                0x0800429c       0x70 ./Drivers/STM32U5xx_HAL_Driver/Src/stm32u5xx_hal_rcc.o
                0x0800429c                HAL_RCC_GetClockConfig
 .text.RCC_SetFlashLatencyFromMSIRange
                0x0800430c      0x10c ./Drivers/STM32U5xx_HAL_Driver/Src/stm32u5xx_hal_rcc.o
 .text.HAL_RCCEx_PeriphCLKConfig
                0x08004418      0xb48 ./Drivers/STM32U5xx_HAL_Driver/Src/stm32u5xx_hal_rcc_ex.o
                0x08004418                HAL_RCCEx_PeriphCLKConfig
 .text.HAL_RCCEx_GetPLL1ClockFreq
                0x08004f60      0x2b4 ./Drivers/STM32U5xx_HAL_Driver/Src/stm32u5xx_hal_rcc_ex.o
                0x08004f60                HAL_RCCEx_GetPLL1ClockFreq
 .text.HAL_RCCEx_GetPLL2ClockFreq
                0x08005214      0x2b4 ./Drivers/STM32U5xx_HAL_Driver/Src/stm32u5xx_hal_rcc_ex.o
                0x08005214                HAL_RCCEx_GetPLL2ClockFreq
 .text.HAL_RCCEx_GetPLL3ClockFreq
                0x080054c8      0x2b4 ./Drivers/STM32U5xx_HAL_Driver/Src/stm32u5xx_hal_rcc_ex.o
                0x080054c8                HAL_RCCEx_GetPLL3ClockFreq
 .text.HAL_RCCEx_GetPeriphCLKFreq
                0x0800577c     0x136c ./Drivers/STM32U5xx_HAL_Driver/Src/stm32u5xx_hal_rcc_ex.o
                0x0800577c                HAL_RCCEx_GetPeriphCLKFreq
 .text.RCCEx_PLL2_Config
                0x08006ae8      0x130 ./Drivers/STM32U5xx_HAL_Driver/Src/stm32u5xx_hal_rcc_ex.o
 .text.RCCEx_PLL3_Config
                0x08006c18      0x130 ./Drivers/STM32U5xx_HAL_Driver/Src/stm32u5xx_hal_rcc_ex.o
 .text.HAL_TIM_Base_Init
                0x08006d48       0xae ./Drivers/STM32U5xx_HAL_Driver/Src/stm32u5xx_hal_tim.o
                0x08006d48                HAL_TIM_Base_Init
 .text.HAL_TIM_Base_MspInit
                0x08006df6       0x14 ./Drivers/STM32U5xx_HAL_Driver/Src/stm32u5xx_hal_tim.o
                0x08006df6                HAL_TIM_Base_MspInit
 *fill*         0x08006e0a        0x2 
 .text.HAL_TIM_Base_Start_IT
                0x08006e0c      0x140 ./Drivers/STM32U5xx_HAL_Driver/Src/stm32u5xx_hal_tim.o
                0x08006e0c                HAL_TIM_Base_Start_IT
 .text.HAL_TIM_IRQHandler
                0x08006f4c      0x29e ./Drivers/STM32U5xx_HAL_Driver/Src/stm32u5xx_hal_tim.o
                0x08006f4c                HAL_TIM_IRQHandler
 .text.HAL_TIM_OC_DelayElapsedCallback
                0x080071ea       0x14 ./Drivers/STM32U5xx_HAL_Driver/Src/stm32u5xx_hal_tim.o
                0x080071ea                HAL_TIM_OC_DelayElapsedCallback
 .text.HAL_TIM_IC_CaptureCallback
                0x080071fe       0x14 ./Drivers/STM32U5xx_HAL_Driver/Src/stm32u5xx_hal_tim.o
                0x080071fe                HAL_TIM_IC_CaptureCallback
 .text.HAL_TIM_PWM_PulseFinishedCallback
                0x08007212       0x14 ./Drivers/STM32U5xx_HAL_Driver/Src/stm32u5xx_hal_tim.o
                0x08007212                HAL_TIM_PWM_PulseFinishedCallback
 .text.HAL_TIM_TriggerCallback
                0x08007226       0x14 ./Drivers/STM32U5xx_HAL_Driver/Src/stm32u5xx_hal_tim.o
                0x08007226                HAL_TIM_TriggerCallback
 *fill*         0x0800723a        0x2 
 .text.TIM_Base_SetConfig
                0x0800723c      0x200 ./Drivers/STM32U5xx_HAL_Driver/Src/stm32u5xx_hal_tim.o
                0x0800723c                TIM_Base_SetConfig
 .text.HAL_TIMEx_CommutCallback
                0x0800743c       0x14 ./Drivers/STM32U5xx_HAL_Driver/Src/stm32u5xx_hal_tim_ex.o
                0x0800743c                HAL_TIMEx_CommutCallback
 .text.HAL_TIMEx_BreakCallback
                0x08007450       0x14 ./Drivers/STM32U5xx_HAL_Driver/Src/stm32u5xx_hal_tim_ex.o
                0x08007450                HAL_TIMEx_BreakCallback
 .text.HAL_TIMEx_Break2Callback
                0x08007464       0x14 ./Drivers/STM32U5xx_HAL_Driver/Src/stm32u5xx_hal_tim_ex.o
                0x08007464                HAL_TIMEx_Break2Callback
 .text.HAL_TIMEx_EncoderIndexCallback
                0x08007478       0x14 ./Drivers/STM32U5xx_HAL_Driver/Src/stm32u5xx_hal_tim_ex.o
                0x08007478                HAL_TIMEx_EncoderIndexCallback
 .text.HAL_TIMEx_DirectionChangeCallback
                0x0800748c       0x14 ./Drivers/STM32U5xx_HAL_Driver/Src/stm32u5xx_hal_tim_ex.o
                0x0800748c                HAL_TIMEx_DirectionChangeCallback
 .text.HAL_TIMEx_IndexErrorCallback
                0x080074a0       0x14 ./Drivers/STM32U5xx_HAL_Driver/Src/stm32u5xx_hal_tim_ex.o
                0x080074a0                HAL_TIMEx_IndexErrorCallback
 .text.HAL_TIMEx_TransitionErrorCallback
                0x080074b4       0x14 ./Drivers/STM32U5xx_HAL_Driver/Src/stm32u5xx_hal_tim_ex.o
                0x080074b4                HAL_TIMEx_TransitionErrorCallback
 .text.HAL_UART_Init
                0x080074c8       0xa0 ./Drivers/STM32U5xx_HAL_Driver/Src/stm32u5xx_hal_uart.o
                0x080074c8                HAL_UART_Init
 .text.HAL_UART_Transmit
                0x08007568      0x13c ./Drivers/STM32U5xx_HAL_Driver/Src/stm32u5xx_hal_uart.o
                0x08007568                HAL_UART_Transmit
 .text.HAL_UART_IRQHandler
                0x080076a4      0x5b0 ./Drivers/STM32U5xx_HAL_Driver/Src/stm32u5xx_hal_uart.o
                0x080076a4                HAL_UART_IRQHandler
 .text.HAL_UART_TxCpltCallback
                0x08007c54       0x14 ./Drivers/STM32U5xx_HAL_Driver/Src/stm32u5xx_hal_uart.o
                0x08007c54                HAL_UART_TxCpltCallback
 .text.UART_SetConfig
                0x08007c68      0x344 ./Drivers/STM32U5xx_HAL_Driver/Src/stm32u5xx_hal_uart.o
                0x08007c68                UART_SetConfig
 .text.UART_AdvFeatureConfig
                0x08007fac      0x144 ./Drivers/STM32U5xx_HAL_Driver/Src/stm32u5xx_hal_uart.o
                0x08007fac                UART_AdvFeatureConfig
 .text.UART_CheckIdleState
                0x080080f0      0x154 ./Drivers/STM32U5xx_HAL_Driver/Src/stm32u5xx_hal_uart.o
                0x080080f0                UART_CheckIdleState
 .text.UART_WaitOnFlagUntilTimeout
                0x08008244       0xda ./Drivers/STM32U5xx_HAL_Driver/Src/stm32u5xx_hal_uart.o
                0x08008244                UART_WaitOnFlagUntilTimeout
 *fill*         0x0800831e        0x2 
 .text.UART_Start_Receive_IT
                0x08008320      0x244 ./Drivers/STM32U5xx_HAL_Driver/Src/stm32u5xx_hal_uart.o
                0x08008320                UART_Start_Receive_IT
 .text.UART_EndRxTransfer
                0x08008564       0xcc ./Drivers/STM32U5xx_HAL_Driver/Src/stm32u5xx_hal_uart.o
 .text.UART_DMAAbortOnError
                0x08008630       0x24 ./Drivers/STM32U5xx_HAL_Driver/Src/stm32u5xx_hal_uart.o
 .text.UART_EndTransmit_IT
                0x08008654       0x56 ./Drivers/STM32U5xx_HAL_Driver/Src/stm32u5xx_hal_uart.o
 *fill*         0x080086aa        0x2 
 .text.UART_RxISR_8BIT
                0x080086ac      0x1c4 ./Drivers/STM32U5xx_HAL_Driver/Src/stm32u5xx_hal_uart.o
 .text.UART_RxISR_16BIT
                0x08008870      0x1c4 ./Drivers/STM32U5xx_HAL_Driver/Src/stm32u5xx_hal_uart.o
 .text.UART_RxISR_8BIT_FIFOEN
                0x08008a34      0x370 ./Drivers/STM32U5xx_HAL_Driver/Src/stm32u5xx_hal_uart.o
 .text.UART_RxISR_16BIT_FIFOEN
                0x08008da4      0x378 ./Drivers/STM32U5xx_HAL_Driver/Src/stm32u5xx_hal_uart.o
 .text.HAL_UARTEx_RxFifoFullCallback
                0x0800911c       0x14 ./Drivers/STM32U5xx_HAL_Driver/Src/stm32u5xx_hal_uart_ex.o
                0x0800911c                HAL_UARTEx_RxFifoFullCallback
 .text.HAL_UARTEx_TxFifoEmptyCallback
                0x08009130       0x14 ./Drivers/STM32U5xx_HAL_Driver/Src/stm32u5xx_hal_uart_ex.o
                0x08009130                HAL_UARTEx_TxFifoEmptyCallback
 .text.HAL_UARTEx_DisableFifoMode
                0x08009144       0x72 ./Drivers/STM32U5xx_HAL_Driver/Src/stm32u5xx_hal_uart_ex.o
                0x08009144                HAL_UARTEx_DisableFifoMode
 .text.HAL_UARTEx_SetTxFifoThreshold
                0x080091b6       0x7c ./Drivers/STM32U5xx_HAL_Driver/Src/stm32u5xx_hal_uart_ex.o
                0x080091b6                HAL_UARTEx_SetTxFifoThreshold
 .text.HAL_UARTEx_SetRxFifoThreshold
                0x08009232       0x7c ./Drivers/STM32U5xx_HAL_Driver/Src/stm32u5xx_hal_uart_ex.o
                0x08009232                HAL_UARTEx_SetRxFifoThreshold
 .text.HAL_UARTEx_ReceiveToIdle_IT
                0x080092ae       0xbe ./Drivers/STM32U5xx_HAL_Driver/Src/stm32u5xx_hal_uart_ex.o
                0x080092ae                HAL_UARTEx_ReceiveToIdle_IT
 .text.UARTEx_SetNbDataToProcess
                0x0800936c       0x9c ./Drivers/STM32U5xx_HAL_Driver/Src/stm32u5xx_hal_uart_ex.o
 .text.SysTick_Handler
                0x08009408       0x20 ./Middlewares/Third_Party/FreeRTOS/Source/CMSIS_RTOS_V2/cmsis_os2.o
                0x08009408                SysTick_Handler
 .text.IRQ_Context
                0x08009428       0x4e ./Middlewares/Third_Party/FreeRTOS/Source/CMSIS_RTOS_V2/cmsis_os2.o
 *fill*         0x08009476        0x2 
 .text.osKernelInitialize
                0x08009478       0x4c ./Middlewares/Third_Party/FreeRTOS/Source/CMSIS_RTOS_V2/cmsis_os2.o
                0x08009478                osKernelInitialize
 .text.osKernelGetState
                0x080094c4       0x44 ./Middlewares/Third_Party/FreeRTOS/Source/CMSIS_RTOS_V2/cmsis_os2.o
                0x080094c4                osKernelGetState
 .text.osKernelStart
                0x08009508       0x50 ./Middlewares/Third_Party/FreeRTOS/Source/CMSIS_RTOS_V2/cmsis_os2.o
                0x08009508                osKernelStart
 .text.osThreadNew
                0x08009558      0x124 ./Middlewares/Third_Party/FreeRTOS/Source/CMSIS_RTOS_V2/cmsis_os2.o
                0x08009558                osThreadNew
 .text.osThreadFlagsSet
                0x0800967c       0xa4 ./Middlewares/Third_Party/FreeRTOS/Source/CMSIS_RTOS_V2/cmsis_os2.o
                0x0800967c                osThreadFlagsSet
 .text.osThreadFlagsWait
                0x08009720      0x142 ./Middlewares/Third_Party/FreeRTOS/Source/CMSIS_RTOS_V2/cmsis_os2.o
                0x08009720                osThreadFlagsWait
 .text.osDelay  0x08009862       0x34 ./Middlewares/Third_Party/FreeRTOS/Source/CMSIS_RTOS_V2/cmsis_os2.o
                0x08009862                osDelay
 .text.osMutexNew
                0x08009896      0x10a ./Middlewares/Third_Party/FreeRTOS/Source/CMSIS_RTOS_V2/cmsis_os2.o
                0x08009896                osMutexNew
 .text.osMutexAcquire
                0x080099a0       0x94 ./Middlewares/Third_Party/FreeRTOS/Source/CMSIS_RTOS_V2/cmsis_os2.o
                0x080099a0                osMutexAcquire
 .text.osMutexRelease
                0x08009a34       0x78 ./Middlewares/Third_Party/FreeRTOS/Source/CMSIS_RTOS_V2/cmsis_os2.o
                0x08009a34                osMutexRelease
 .text.osSemaphoreNew
                0x08009aac      0x110 ./Middlewares/Third_Party/FreeRTOS/Source/CMSIS_RTOS_V2/cmsis_os2.o
                0x08009aac                osSemaphoreNew
 .text.osSemaphoreAcquire
                0x08009bbc       0x98 ./Middlewares/Third_Party/FreeRTOS/Source/CMSIS_RTOS_V2/cmsis_os2.o
                0x08009bbc                osSemaphoreAcquire
 .text.osSemaphoreRelease
                0x08009c54       0x7c ./Middlewares/Third_Party/FreeRTOS/Source/CMSIS_RTOS_V2/cmsis_os2.o
                0x08009c54                osSemaphoreRelease
 .text.vListInitialise
                0x08009cd0       0x40 ./Middlewares/Third_Party/FreeRTOS/Source/list.o
                0x08009cd0                vListInitialise
 .text.vListInitialiseItem
                0x08009d10       0x1a ./Middlewares/Third_Party/FreeRTOS/Source/list.o
                0x08009d10                vListInitialiseItem
 .text.vListInsert
                0x08009d2a       0x72 ./Middlewares/Third_Party/FreeRTOS/Source/list.o
                0x08009d2a                vListInsert
 .text.uxListRemove
                0x08009d9c       0x54 ./Middlewares/Third_Party/FreeRTOS/Source/list.o
                0x08009d9c                uxListRemove
 .text.xQueueGenericReset
                0x08009df0       0xf2 ./Middlewares/Third_Party/FreeRTOS/Source/queue.o
                0x08009df0                xQueueGenericReset
 .text.xQueueGenericCreateStatic
                0x08009ee2       0x92 ./Middlewares/Third_Party/FreeRTOS/Source/queue.o
                0x08009ee2                xQueueGenericCreateStatic
 .text.xQueueGenericCreate
                0x08009f74       0x96 ./Middlewares/Third_Party/FreeRTOS/Source/queue.o
                0x08009f74                xQueueGenericCreate
 .text.prvInitialiseNewQueue
                0x0800a00a       0x46 ./Middlewares/Third_Party/FreeRTOS/Source/queue.o
 .text.prvInitialiseMutex
                0x0800a050       0x34 ./Middlewares/Third_Party/FreeRTOS/Source/queue.o
 .text.xQueueCreateMutex
                0x0800a084       0x30 ./Middlewares/Third_Party/FreeRTOS/Source/queue.o
                0x0800a084                xQueueCreateMutex
 .text.xQueueCreateMutexStatic
                0x0800a0b4       0x36 ./Middlewares/Third_Party/FreeRTOS/Source/queue.o
                0x0800a0b4                xQueueCreateMutexStatic
 .text.xQueueGiveMutexRecursive
                0x0800a0ea       0x5a ./Middlewares/Third_Party/FreeRTOS/Source/queue.o
                0x0800a0ea                xQueueGiveMutexRecursive
 .text.xQueueTakeMutexRecursive
                0x0800a144       0x5e ./Middlewares/Third_Party/FreeRTOS/Source/queue.o
                0x0800a144                xQueueTakeMutexRecursive
 .text.xQueueCreateCountingSemaphoreStatic
                0x0800a1a2       0x56 ./Middlewares/Third_Party/FreeRTOS/Source/queue.o
                0x0800a1a2                xQueueCreateCountingSemaphoreStatic
 .text.xQueueCreateCountingSemaphore
                0x0800a1f8       0x4e ./Middlewares/Third_Party/FreeRTOS/Source/queue.o
                0x0800a1f8                xQueueCreateCountingSemaphore
 .text.xQueueGenericSend
                0x0800a246      0x19a ./Middlewares/Third_Party/FreeRTOS/Source/queue.o
                0x0800a246                xQueueGenericSend
 .text.xQueueGiveFromISR
                0x0800a3e0       0xf0 ./Middlewares/Third_Party/FreeRTOS/Source/queue.o
                0x0800a3e0                xQueueGiveFromISR
 .text.xQueueReceive
                0x0800a4d0      0x178 ./Middlewares/Third_Party/FreeRTOS/Source/queue.o
                0x0800a4d0                xQueueReceive
 .text.xQueueSemaphoreTake
                0x0800a648      0x1b4 ./Middlewares/Third_Party/FreeRTOS/Source/queue.o
                0x0800a648                xQueueSemaphoreTake
 .text.xQueueReceiveFromISR
                0x0800a7fc       0xe4 ./Middlewares/Third_Party/FreeRTOS/Source/queue.o
                0x0800a7fc                xQueueReceiveFromISR
 .text.vQueueDelete
                0x0800a8e0       0x38 ./Middlewares/Third_Party/FreeRTOS/Source/queue.o
                0x0800a8e0                vQueueDelete
 .text.prvGetHighestPriorityOfWaitToReceiveList
                0x0800a918       0x30 ./Middlewares/Third_Party/FreeRTOS/Source/queue.o
 .text.prvCopyDataToQueue
                0x0800a948       0xd4 ./Middlewares/Third_Party/FreeRTOS/Source/queue.o
 .text.prvCopyDataFromQueue
                0x0800aa1c       0x4c ./Middlewares/Third_Party/FreeRTOS/Source/queue.o
 .text.prvUnlockQueue
                0x0800aa68       0xa4 ./Middlewares/Third_Party/FreeRTOS/Source/queue.o
 .text.prvIsQueueEmpty
                0x0800ab0c       0x2c ./Middlewares/Third_Party/FreeRTOS/Source/queue.o
 .text.prvIsQueueFull
                0x0800ab38       0x30 ./Middlewares/Third_Party/FreeRTOS/Source/queue.o
 .text.vQueueAddToRegistry
                0x0800ab68       0x8c ./Middlewares/Third_Party/FreeRTOS/Source/queue.o
                0x0800ab68                vQueueAddToRegistry
 .text.vQueueUnregisterQueue
                0x0800abf4       0x60 ./Middlewares/Third_Party/FreeRTOS/Source/queue.o
                0x0800abf4                vQueueUnregisterQueue
 .text.vQueueWaitForMessageRestricted
                0x0800ac54       0x68 ./Middlewares/Third_Party/FreeRTOS/Source/queue.o
                0x0800ac54                vQueueWaitForMessageRestricted
 .text.prvCreateStaticTask
                0x0800acbc       0x92 ./Middlewares/Third_Party/FreeRTOS/Source/tasks.o
 .text.xTaskCreateStatic
                0x0800ad4e       0x48 ./Middlewares/Third_Party/FreeRTOS/Source/tasks.o
                0x0800ad4e                xTaskCreateStatic
 .text.prvCreateTask
                0x0800ad96       0x80 ./Middlewares/Third_Party/FreeRTOS/Source/tasks.o
 .text.xTaskCreate
                0x0800ae16       0x46 ./Middlewares/Third_Party/FreeRTOS/Source/tasks.o
                0x0800ae16                xTaskCreate
 .text.prvInitialiseNewTask
                0x0800ae5c      0x104 ./Middlewares/Third_Party/FreeRTOS/Source/tasks.o
 .text.prvAddNewTaskToReadyList
                0x0800af60      0x124 ./Middlewares/Third_Party/FreeRTOS/Source/tasks.o
 .text.vTaskDelay
                0x0800b084       0x4c ./Middlewares/Third_Party/FreeRTOS/Source/tasks.o
                0x0800b084                vTaskDelay
 .text.prvCreateIdleTasks
                0x0800b0d0       0xec ./Middlewares/Third_Party/FreeRTOS/Source/tasks.o
 .text.vTaskStartScheduler
                0x0800b1bc       0x68 ./Middlewares/Third_Party/FreeRTOS/Source/tasks.o
                0x0800b1bc                vTaskStartScheduler
 .text.vTaskSuspendAll
                0x0800b224       0x1c ./Middlewares/Third_Party/FreeRTOS/Source/tasks.o
                0x0800b224                vTaskSuspendAll
 .text.xTaskResumeAll
                0x0800b240      0x1f4 ./Middlewares/Third_Party/FreeRTOS/Source/tasks.o
                0x0800b240                xTaskResumeAll
 .text.xTaskGetTickCount
                0x0800b434       0x20 ./Middlewares/Third_Party/FreeRTOS/Source/tasks.o
                0x0800b434                xTaskGetTickCount
 .text.uxTaskGetNumberOfTasks
                0x0800b454       0x18 ./Middlewares/Third_Party/FreeRTOS/Source/tasks.o
                0x0800b454                uxTaskGetNumberOfTasks
 .text.xTaskIncrementTick
                0x0800b46c      0x224 ./Middlewares/Third_Party/FreeRTOS/Source/tasks.o
                0x0800b46c                xTaskIncrementTick
 .text.vTaskSwitchContext
                0x0800b690       0xac ./Middlewares/Third_Party/FreeRTOS/Source/tasks.o
                0x0800b690                vTaskSwitchContext
 .text.vTaskPlaceOnEventList
                0x0800b73c       0x3c ./Middlewares/Third_Party/FreeRTOS/Source/tasks.o
                0x0800b73c                vTaskPlaceOnEventList
 .text.vTaskPlaceOnEventListRestricted
                0x0800b778       0x7c ./Middlewares/Third_Party/FreeRTOS/Source/tasks.o
                0x0800b778                vTaskPlaceOnEventListRestricted
 .text.xTaskRemoveFromEventList
                0x0800b7f4      0x1a0 ./Middlewares/Third_Party/FreeRTOS/Source/tasks.o
                0x0800b7f4                xTaskRemoveFromEventList
 .text.vTaskInternalSetTimeOutState
                0x0800b994       0x2c ./Middlewares/Third_Party/FreeRTOS/Source/tasks.o
                0x0800b994                vTaskInternalSetTimeOutState
 .text.xTaskCheckForTimeOut
                0x0800b9c0       0xd0 ./Middlewares/Third_Party/FreeRTOS/Source/tasks.o
                0x0800b9c0                xTaskCheckForTimeOut
 .text.vTaskMissedYield
                0x0800ba90       0x18 ./Middlewares/Third_Party/FreeRTOS/Source/tasks.o
                0x0800ba90                vTaskMissedYield
 .text.prvIdleTask
                0x0800baa8       0x20 ./Middlewares/Third_Party/FreeRTOS/Source/tasks.o
 .text.prvInitialiseTaskLists
                0x0800bac8       0x80 ./Middlewares/Third_Party/FreeRTOS/Source/tasks.o
 .text.prvCheckTasksWaitingTermination
                0x0800bb48       0x5c ./Middlewares/Third_Party/FreeRTOS/Source/tasks.o
 .text.prvDeleteTCB
                0x0800bba4       0x50 ./Middlewares/Third_Party/FreeRTOS/Source/tasks.o
 .text.prvResetNextTaskUnblockTime
                0x0800bbf4       0x38 ./Middlewares/Third_Party/FreeRTOS/Source/tasks.o
 .text.xTaskGetCurrentTaskHandle
                0x0800bc2c       0x20 ./Middlewares/Third_Party/FreeRTOS/Source/tasks.o
                0x0800bc2c                xTaskGetCurrentTaskHandle
 .text.xTaskGetSchedulerState
                0x0800bc4c       0x3c ./Middlewares/Third_Party/FreeRTOS/Source/tasks.o
                0x0800bc4c                xTaskGetSchedulerState
 .text.xTaskPriorityInherit
                0x0800bc88      0x124 ./Middlewares/Third_Party/FreeRTOS/Source/tasks.o
                0x0800bc88                xTaskPriorityInherit
 .text.xTaskPriorityDisinherit
                0x0800bdac      0x114 ./Middlewares/Third_Party/FreeRTOS/Source/tasks.o
                0x0800bdac                xTaskPriorityDisinherit
 .text.vTaskPriorityDisinheritAfterTimeout
                0x0800bec0      0x13c ./Middlewares/Third_Party/FreeRTOS/Source/tasks.o
                0x0800bec0                vTaskPriorityDisinheritAfterTimeout
 .text.pvTaskIncrementMutexHeldCount
                0x0800bffc       0x30 ./Middlewares/Third_Party/FreeRTOS/Source/tasks.o
                0x0800bffc                pvTaskIncrementMutexHeldCount
 .text.xTaskGenericNotifyWait
                0x0800c02c      0x120 ./Middlewares/Third_Party/FreeRTOS/Source/tasks.o
                0x0800c02c                xTaskGenericNotifyWait
 .text.xTaskGenericNotify
                0x0800c14c      0x208 ./Middlewares/Third_Party/FreeRTOS/Source/tasks.o
                0x0800c14c                xTaskGenericNotify
 .text.xTaskGenericNotifyFromISR
                0x0800c354      0x274 ./Middlewares/Third_Party/FreeRTOS/Source/tasks.o
                0x0800c354                xTaskGenericNotifyFromISR
 .text.prvAddCurrentTaskToDelayedList
                0x0800c5c8       0xec ./Middlewares/Third_Party/FreeRTOS/Source/tasks.o
 .text.vApplicationGetIdleTaskMemory
                0x0800c6b4       0x34 ./Middlewares/Third_Party/FreeRTOS/Source/tasks.o
                0x0800c6b4                vApplicationGetIdleTaskMemory
 .text.vApplicationGetTimerTaskMemory
                0x0800c6e8       0x34 ./Middlewares/Third_Party/FreeRTOS/Source/tasks.o
                0x0800c6e8                vApplicationGetTimerTaskMemory
 .text.xTimerCreateTimerTask
                0x0800c71c       0x80 ./Middlewares/Third_Party/FreeRTOS/Source/timers.o
                0x0800c71c                xTimerCreateTimerTask
 .text.prvReloadTimer
                0x0800c79c       0x42 ./Middlewares/Third_Party/FreeRTOS/Source/timers.o
 *fill*         0x0800c7de        0x2 
 .text.prvProcessExpiredTimer
                0x0800c7e0       0x60 ./Middlewares/Third_Party/FreeRTOS/Source/timers.o
 .text.prvTimerTask
                0x0800c840       0x26 ./Middlewares/Third_Party/FreeRTOS/Source/timers.o
 *fill*         0x0800c866        0x2 
 .text.prvProcessTimerOrBlockTask
                0x0800c868       0x8c ./Middlewares/Third_Party/FreeRTOS/Source/timers.o
 .text.prvGetNextExpireTime
                0x0800c8f4       0x48 ./Middlewares/Third_Party/FreeRTOS/Source/timers.o
 .text.prvSampleTimeNow
                0x0800c93c       0x40 ./Middlewares/Third_Party/FreeRTOS/Source/timers.o
 .text.prvInsertTimerInActiveList
                0x0800c97c       0x84 ./Middlewares/Third_Party/FreeRTOS/Source/timers.o
 .text.prvProcessReceivedCommands
                0x0800ca00      0x1b0 ./Middlewares/Third_Party/FreeRTOS/Source/timers.o
 .text.prvSwitchTimerLists
                0x0800cbb0       0x4c ./Middlewares/Third_Party/FreeRTOS/Source/timers.o
 .text.prvCheckForValidListAndQueue
                0x0800cbfc       0x80 ./Middlewares/Third_Party/FreeRTOS/Source/timers.o
 .text.vPortSetupTimerInterrupt
                0x0800cc7c       0x48 ./Middlewares/Third_Party/FreeRTOS/Source/portable/GCC/ARM_CM33_NTZ/non_secure/port.o
                0x0800cc7c                vPortSetupTimerInterrupt
 .text.prvTaskExitError
                0x0800ccc4       0x38 ./Middlewares/Third_Party/FreeRTOS/Source/portable/GCC/ARM_CM33_NTZ/non_secure/port.o
 .text.vPortYield
                0x0800ccfc       0x24 ./Middlewares/Third_Party/FreeRTOS/Source/portable/GCC/ARM_CM33_NTZ/non_secure/port.o
                0x0800ccfc                vPortYield
 .text.vPortEnterCritical
                0x0800cd20       0x24 ./Middlewares/Third_Party/FreeRTOS/Source/portable/GCC/ARM_CM33_NTZ/non_secure/port.o
                0x0800cd20                vPortEnterCritical
 .text.vPortExitCritical
                0x0800cd44       0x34 ./Middlewares/Third_Party/FreeRTOS/Source/portable/GCC/ARM_CM33_NTZ/non_secure/port.o
                0x0800cd44                vPortExitCritical
 .text.xPortSysTickHandler
                0x0800cd78       0x30 ./Middlewares/Third_Party/FreeRTOS/Source/portable/GCC/ARM_CM33_NTZ/non_secure/port.o
                0x0800cd78                xPortSysTickHandler
 .text.vPortSVCHandler_C
                0x0800cda8       0x32 ./Middlewares/Third_Party/FreeRTOS/Source/portable/GCC/ARM_CM33_NTZ/non_secure/port.o
                0x0800cda8                vPortSVCHandler_C
 *fill*         0x0800cdda        0x2 
 .text.pxPortInitialiseStack
                0x0800cddc      0x114 ./Middlewares/Third_Party/FreeRTOS/Source/portable/GCC/ARM_CM33_NTZ/non_secure/port.o
                0x0800cddc                pxPortInitialiseStack
 .text.xPortStartScheduler
                0x0800cef0      0x12c ./Middlewares/Third_Party/FreeRTOS/Source/portable/GCC/ARM_CM33_NTZ/non_secure/port.o
                0x0800cef0                xPortStartScheduler
 .text.vPortValidateInterruptPriority
                0x0800d01c       0x60 ./Middlewares/Third_Party/FreeRTOS/Source/portable/GCC/ARM_CM33_NTZ/non_secure/port.o
                0x0800d01c                vPortValidateInterruptPriority
 .text.vRestoreContextOfFirstTask
                0x0800d07c       0x34 ./Middlewares/Third_Party/FreeRTOS/Source/portable/GCC/ARM_CM33_NTZ/non_secure/portasm.o
                0x0800d07c                vRestoreContextOfFirstTask
 .text.vStartFirstTask
                0x0800d0b0       0x20 ./Middlewares/Third_Party/FreeRTOS/Source/portable/GCC/ARM_CM33_NTZ/non_secure/portasm.o
                0x0800d0b0                vStartFirstTask
 .text.ulSetInterruptMask
                0x0800d0d0       0x1a ./Middlewares/Third_Party/FreeRTOS/Source/portable/GCC/ARM_CM33_NTZ/non_secure/portasm.o
                0x0800d0d0                ulSetInterruptMask
 .text.vClearInterruptMask
                0x0800d0ea       0x10 ./Middlewares/Third_Party/FreeRTOS/Source/portable/GCC/ARM_CM33_NTZ/non_secure/portasm.o
                0x0800d0ea                vClearInterruptMask
 *fill*         0x0800d0fa        0x2 
 .text.PendSV_Handler
                0x0800d0fc       0x4c ./Middlewares/Third_Party/FreeRTOS/Source/portable/GCC/ARM_CM33_NTZ/non_secure/portasm.o
                0x0800d0fc                PendSV_Handler
 .text.SVC_Handler
                0x0800d148       0x18 ./Middlewares/Third_Party/FreeRTOS/Source/portable/GCC/ARM_CM33_NTZ/non_secure/portasm.o
                0x0800d148                SVC_Handler
 .text.pvPortMalloc
                0x0800d160      0x20c ./Middlewares/Third_Party/FreeRTOS/Source/portable/MemMang/heap_4.o
                0x0800d160                pvPortMalloc
 .text.vPortFree
                0x0800d36c       0xbc ./Middlewares/Third_Party/FreeRTOS/Source/portable/MemMang/heap_4.o
                0x0800d36c                vPortFree
 .text.prvHeapInit
                0x0800d428       0xb4 ./Middlewares/Third_Party/FreeRTOS/Source/portable/MemMang/heap_4.o
 .text.prvInsertBlockIntoFreeList
                0x0800d4dc       0xe0 ./Middlewares/Third_Party/FreeRTOS/Source/portable/MemMang/heap_4.o
 .text.snprintf
                0x0800d5bc       0x6c C:/NewFiles/STM32CubeIDE_2.1.0/STM32CubeIDE/plugins/com.st.stm32cube.ide.mcu.externaltools.gnu-tools-for-stm32.14.3.rel1.win32_1.0.100.202602081740/tools/bin/../lib/gcc/arm-none-eabi/14.3.1/../../../../arm-none-eabi/lib/thumb/v8-m.main+fp/hard\libc_nano.a(libc_a-snprintf.o)
                0x0800d5bc                sniprintf
                0x0800d5bc                snprintf
 .text._vsnprintf_r
                0x0800d628       0x5c C:/NewFiles/STM32CubeIDE_2.1.0/STM32CubeIDE/plugins/com.st.stm32cube.ide.mcu.externaltools.gnu-tools-for-stm32.14.3.rel1.win32_1.0.100.202602081740/tools/bin/../lib/gcc/arm-none-eabi/14.3.1/../../../../arm-none-eabi/lib/thumb/v8-m.main+fp/hard\libc_nano.a(libc_a-vsnprintf.o)
                0x0800d628                _vsniprintf_r
                0x0800d628                _vsnprintf_r
 .text.vsnprintf
                0x0800d684       0x1c C:/NewFiles/STM32CubeIDE_2.1.0/STM32CubeIDE/plugins/com.st.stm32cube.ide.mcu.externaltools.gnu-tools-for-stm32.14.3.rel1.win32_1.0.100.202602081740/tools/bin/../lib/gcc/arm-none-eabi/14.3.1/../../../../arm-none-eabi/lib/thumb/v8-m.main+fp/hard\libc_nano.a(libc_a-vsnprintf.o)
                0x0800d684                vsniprintf
                0x0800d684                vsnprintf
 .text.memset   0x0800d6a0       0x10 C:/NewFiles/STM32CubeIDE_2.1.0/STM32CubeIDE/plugins/com.st.stm32cube.ide.mcu.externaltools.gnu-tools-for-stm32.14.3.rel1.win32_1.0.100.202602081740/tools/bin/../lib/gcc/arm-none-eabi/14.3.1/../../../../arm-none-eabi/lib/thumb/v8-m.main+fp/hard\libc_nano.a(libc_a-memset.o)
                0x0800d6a0                memset
 .text.strcspn  0x0800d6b0       0x22 C:/NewFiles/STM32CubeIDE_2.1.0/STM32CubeIDE/plugins/com.st.stm32cube.ide.mcu.externaltools.gnu-tools-for-stm32.14.3.rel1.win32_1.0.100.202602081740/tools/bin/../lib/gcc/arm-none-eabi/14.3.1/../../../../arm-none-eabi/lib/thumb/v8-m.main+fp/hard\libc_nano.a(libc_a-strcspn.o)
                0x0800d6b0                strcspn
 .text.strncpy  0x0800d6d2       0x26 C:/NewFiles/STM32CubeIDE_2.1.0/STM32CubeIDE/plugins/com.st.stm32cube.ide.mcu.externaltools.gnu-tools-for-stm32.14.3.rel1.win32_1.0.100.202602081740/tools/bin/../lib/gcc/arm-none-eabi/14.3.1/../../../../arm-none-eabi/lib/thumb/v8-m.main+fp/hard\libc_nano.a(libc_a-strncpy.o)
                0x0800d6d2                strncpy
 .text.__errno  0x0800d6f8        0xc C:/NewFiles/STM32CubeIDE_2.1.0/STM32CubeIDE/plugins/com.st.stm32cube.ide.mcu.externaltools.gnu-tools-for-stm32.14.3.rel1.win32_1.0.100.202602081740/tools/bin/../lib/gcc/arm-none-eabi/14.3.1/../../../../arm-none-eabi/lib/thumb/v8-m.main+fp/hard\libc_nano.a(libc_a-errno.o)
                0x0800d6f8                __errno
 .text.__libc_init_array
                0x0800d704       0x48 C:/NewFiles/STM32CubeIDE_2.1.0/STM32CubeIDE/plugins/com.st.stm32cube.ide.mcu.externaltools.gnu-tools-for-stm32.14.3.rel1.win32_1.0.100.202602081740/tools/bin/../lib/gcc/arm-none-eabi/14.3.1/../../../../arm-none-eabi/lib/thumb/v8-m.main+fp/hard\libc_nano.a(libc_a-init.o)
                0x0800d704                __libc_init_array
 .text.__retarget_lock_acquire_recursive
                0x0800d74c        0x2 C:/NewFiles/STM32CubeIDE_2.1.0/STM32CubeIDE/plugins/com.st.stm32cube.ide.mcu.externaltools.gnu-tools-for-stm32.14.3.rel1.win32_1.0.100.202602081740/tools/bin/../lib/gcc/arm-none-eabi/14.3.1/../../../../arm-none-eabi/lib/thumb/v8-m.main+fp/hard\libc_nano.a(libc_a-lock.o)
                0x0800d74c                __retarget_lock_acquire_recursive
 .text.__retarget_lock_release_recursive
                0x0800d74e        0x2 C:/NewFiles/STM32CubeIDE_2.1.0/STM32CubeIDE/plugins/com.st.stm32cube.ide.mcu.externaltools.gnu-tools-for-stm32.14.3.rel1.win32_1.0.100.202602081740/tools/bin/../lib/gcc/arm-none-eabi/14.3.1/../../../../arm-none-eabi/lib/thumb/v8-m.main+fp/hard\libc_nano.a(libc_a-lock.o)
                0x0800d74e                __retarget_lock_release_recursive
 .text.memcpy   0x0800d750       0x1a C:/NewFiles/STM32CubeIDE_2.1.0/STM32CubeIDE/plugins/com.st.stm32cube.ide.mcu.externaltools.gnu-tools-for-stm32.14.3.rel1.win32_1.0.100.202602081740/tools/bin/../lib/gcc/arm-none-eabi/14.3.1/../../../../arm-none-eabi/lib/thumb/v8-m.main+fp/hard\libc_nano.a(libc_a-memcpy-stub.o)
                0x0800d750                memcpy
 *fill*         0x0800d76a        0x2 
 .text._free_r  0x0800d76c       0x94 C:/NewFiles/STM32CubeIDE_2.1.0/STM32CubeIDE/plugins/com.st.stm32cube.ide.mcu.externaltools.gnu-tools-for-stm32.14.3.rel1.win32_1.0.100.202602081740/tools/bin/../lib/gcc/arm-none-eabi/14.3.1/../../../../arm-none-eabi/lib/thumb/v8-m.main+fp/hard\libc_nano.a(libc_a-freer.o)
                0x0800d76c                _free_r
 .text.sbrk_aligned
                0x0800d800       0x44 C:/NewFiles/STM32CubeIDE_2.1.0/STM32CubeIDE/plugins/com.st.stm32cube.ide.mcu.externaltools.gnu-tools-for-stm32.14.3.rel1.win32_1.0.100.202602081740/tools/bin/../lib/gcc/arm-none-eabi/14.3.1/../../../../arm-none-eabi/lib/thumb/v8-m.main+fp/hard\libc_nano.a(libc_a-mallocr.o)
 .text._malloc_r
                0x0800d844      0x100 C:/NewFiles/STM32CubeIDE_2.1.0/STM32CubeIDE/plugins/com.st.stm32cube.ide.mcu.externaltools.gnu-tools-for-stm32.14.3.rel1.win32_1.0.100.202602081740/tools/bin/../lib/gcc/arm-none-eabi/14.3.1/../../../../arm-none-eabi/lib/thumb/v8-m.main+fp/hard\libc_nano.a(libc_a-mallocr.o)
                0x0800d844                _malloc_r
 .text.__malloc_lock
                0x0800d944        0xc C:/NewFiles/STM32CubeIDE_2.1.0/STM32CubeIDE/plugins/com.st.stm32cube.ide.mcu.externaltools.gnu-tools-for-stm32.14.3.rel1.win32_1.0.100.202602081740/tools/bin/../lib/gcc/arm-none-eabi/14.3.1/../../../../arm-none-eabi/lib/thumb/v8-m.main+fp/hard\libc_nano.a(libc_a-mlock.o)
                0x0800d944                __malloc_lock
 .text.__malloc_unlock
                0x0800d950        0xc C:/NewFiles/STM32CubeIDE_2.1.0/STM32CubeIDE/plugins/com.st.stm32cube.ide.mcu.externaltools.gnu-tools-for-stm32.14.3.rel1.win32_1.0.100.202602081740/tools/bin/../lib/gcc/arm-none-eabi/14.3.1/../../../../arm-none-eabi/lib/thumb/v8-m.main+fp/hard\libc_nano.a(libc_a-mlock.o)
                0x0800d950                __malloc_unlock
 .text.__ssputs_r
                0x0800d95c       0xc0 C:/NewFiles/STM32CubeIDE_2.1.0/STM32CubeIDE/plugins/com.st.stm32cube.ide.mcu.externaltools.gnu-tools-for-stm32.14.3.rel1.win32_1.0.100.202602081740/tools/bin/../lib/gcc/arm-none-eabi/14.3.1/../../../../arm-none-eabi/lib/thumb/v8-m.main+fp/hard\libc_nano.a(libc_a-nano-svfprintf.o)
                0x0800d95c                __ssputs_r
 .text._svfprintf_r
                0x0800da1c      0x1f0 C:/NewFiles/STM32CubeIDE_2.1.0/STM32CubeIDE/plugins/com.st.stm32cube.ide.mcu.externaltools.gnu-tools-for-stm32.14.3.rel1.win32_1.0.100.202602081740/tools/bin/../lib/gcc/arm-none-eabi/14.3.1/../../../../arm-none-eabi/lib/thumb/v8-m.main+fp/hard\libc_nano.a(libc_a-nano-svfprintf.o)
                0x0800da1c                _svfiprintf_r
                0x0800da1c                _svfprintf_r
 .text._printf_common
                0x0800dc0c       0xe4 C:/NewFiles/STM32CubeIDE_2.1.0/STM32CubeIDE/plugins/com.st.stm32cube.ide.mcu.externaltools.gnu-tools-for-stm32.14.3.rel1.win32_1.0.100.202602081740/tools/bin/../lib/gcc/arm-none-eabi/14.3.1/../../../../arm-none-eabi/lib/thumb/v8-m.main+fp/hard\libc_nano.a(libc_a-nano-vfprintf_i.o)
                0x0800dc0c                _printf_common
 .text._printf_i
                0x0800dcf0      0x24c C:/NewFiles/STM32CubeIDE_2.1.0/STM32CubeIDE/plugins/com.st.stm32cube.ide.mcu.externaltools.gnu-tools-for-stm32.14.3.rel1.win32_1.0.100.202602081740/tools/bin/../lib/gcc/arm-none-eabi/14.3.1/../../../../arm-none-eabi/lib/thumb/v8-m.main+fp/hard\libc_nano.a(libc_a-nano-vfprintf_i.o)
                0x0800dcf0                _printf_i
 .text.memmove  0x0800df3c       0x32 C:/NewFiles/STM32CubeIDE_2.1.0/STM32CubeIDE/plugins/com.st.stm32cube.ide.mcu.externaltools.gnu-tools-for-stm32.14.3.rel1.win32_1.0.100.202602081740/tools/bin/../lib/gcc/arm-none-eabi/14.3.1/../../../../arm-none-eabi/lib/thumb/v8-m.main+fp/hard\libc_nano.a(libc_a-memmove.o)
                0x0800df3c                memmove
 *fill*         0x0800df6e        0x2 
 .text._sbrk_r  0x0800df70       0x20 C:/NewFiles/STM32CubeIDE_2.1.0/STM32CubeIDE/plugins/com.st.stm32cube.ide.mcu.externaltools.gnu-tools-for-stm32.14.3.rel1.win32_1.0.100.202602081740/tools/bin/../lib/gcc/arm-none-eabi/14.3.1/../../../../arm-none-eabi/lib/thumb/v8-m.main+fp/hard\libc_nano.a(libc_a-sbrkr.o)
                0x0800df70                _sbrk_r
 .text.memchr   0x0800df90       0x1c C:/NewFiles/STM32CubeIDE_2.1.0/STM32CubeIDE/plugins/com.st.stm32cube.ide.mcu.externaltools.gnu-tools-for-stm32.14.3.rel1.win32_1.0.100.202602081740/tools/bin/../lib/gcc/arm-none-eabi/14.3.1/../../../../arm-none-eabi/lib/thumb/v8-m.main+fp/hard\libc_nano.a(libc_a-memchr-stub.o)
                0x0800df90                memchr
 .text._realloc_r
                0x0800dfac       0x5c C:/NewFiles/STM32CubeIDE_2.1.0/STM32CubeIDE/plugins/com.st.stm32cube.ide.mcu.externaltools.gnu-tools-for-stm32.14.3.rel1.win32_1.0.100.202602081740/tools/bin/../lib/gcc/arm-none-eabi/14.3.1/../../../../arm-none-eabi/lib/thumb/v8-m.main+fp/hard\libc_nano.a(libc_a-reallocr.o)
                0x0800dfac                _realloc_r
 .text._malloc_usable_size_r
                0x0800e008       0x10 C:/NewFiles/STM32CubeIDE_2.1.0/STM32CubeIDE/plugins/com.st.stm32cube.ide.mcu.externaltools.gnu-tools-for-stm32.14.3.rel1.win32_1.0.100.202602081740/tools/bin/../lib/gcc/arm-none-eabi/14.3.1/../../../../arm-none-eabi/lib/thumb/v8-m.main+fp/hard\libc_nano.a(libc_a-msizer.o)
                0x0800e008                _malloc_usable_size_r
 *(.glue_7)
 .glue_7        0x0800e018        0x0 linker stubs
 *(.glue_7t)
 .glue_7t       0x0800e018        0x0 linker stubs
 *(.eh_frame)
 .eh_frame      0x0800e018        0x0 C:/NewFiles/STM32CubeIDE_2.1.0/STM32CubeIDE/plugins/com.st.stm32cube.ide.mcu.externaltools.gnu-tools-for-stm32.14.3.rel1.win32_1.0.100.202602081740/tools/bin/../lib/gcc/arm-none-eabi/14.3.1/thumb/v8-m.main+fp/hard/crtbegin.o
 *(.init)
 .init          0x0800e018        0x4 C:/NewFiles/STM32CubeIDE_2.1.0/STM32CubeIDE/plugins/com.st.stm32cube.ide.mcu.externaltools.gnu-tools-for-stm32.14.3.rel1.win32_1.0.100.202602081740/tools/bin/../lib/gcc/arm-none-eabi/14.3.1/thumb/v8-m.main+fp/hard/crti.o
                0x0800e018                _init
 .init          0x0800e01c        0x8 C:/NewFiles/STM32CubeIDE_2.1.0/STM32CubeIDE/plugins/com.st.stm32cube.ide.mcu.externaltools.gnu-tools-for-stm32.14.3.rel1.win32_1.0.100.202602081740/tools/bin/../lib/gcc/arm-none-eabi/14.3.1/thumb/v8-m.main+fp/hard/crtn.o
 *(.fini)
 .fini          0x0800e024        0x4 C:/NewFiles/STM32CubeIDE_2.1.0/STM32CubeIDE/plugins/com.st.stm32cube.ide.mcu.externaltools.gnu-tools-for-stm32.14.3.rel1.win32_1.0.100.202602081740/tools/bin/../lib/gcc/arm-none-eabi/14.3.1/thumb/v8-m.main+fp/hard/crti.o
                0x0800e024                _fini
 .fini          0x0800e028        0x8 C:/NewFiles/STM32CubeIDE_2.1.0/STM32CubeIDE/plugins/com.st.stm32cube.ide.mcu.externaltools.gnu-tools-for-stm32.14.3.rel1.win32_1.0.100.202602081740/tools/bin/../lib/gcc/arm-none-eabi/14.3.1/thumb/v8-m.main+fp/hard/crtn.o
                0x0800e030                        _etext = .

.vfp11_veneer   0x0800e030        0x0
 .vfp11_veneer  0x0800e030        0x0 linker stubs

.v4_bx          0x0800e030        0x0
 .v4_bx         0x0800e030        0x0 linker stubs

.iplt           0x0800e030        0x0
 .iplt          0x0800e030        0x0 C:/NewFiles/STM32CubeIDE_2.1.0/STM32CubeIDE/plugins/com.st.stm32cube.ide.mcu.externaltools.gnu-tools-for-stm32.14.3.rel1.win32_1.0.100.202602081740/tools/bin/../lib/gcc/arm-none-eabi/14.3.1/thumb/v8-m.main+fp/hard/crtbegin.o

.rodata         0x0800e030      0x6d7
 *(.rodata)
 .rodata        0x0800e030      0x101 ./Core/Src/app/Receive.o
 *fill*         0x0800e131        0x3 
 .rodata        0x0800e134       0x1a ./Core/Src/app/app_printer.o
 *fill*         0x0800e14e        0x2 
 .rodata        0x0800e150       0x15 ./Core/Src/app/dotmatrix_converter_debug.o
 *fill*         0x0800e165        0x3 
 .rodata        0x0800e168      0x2a6 ./Core/Src/app/escpos_commands.o
 *fill*         0x0800e40e        0x2 
 .rodata        0x0800e410       0x61 ./Core/Src/app/printer_output.o
 *fill*         0x0800e471        0x3 
 .rodata        0x0800e474       0x72 ./Core/Src/app_freertos.o
 *fill*         0x0800e4e6        0x2 
 .rodata        0x0800e4e8       0x23 ./Core/Src/log/myprintf.o
 *fill*         0x0800e50b        0x1 
 .rodata        0x0800e50c        0x5 ./Middlewares/Third_Party/FreeRTOS/Source/tasks.o
 *fill*         0x0800e511        0x3 
 .rodata        0x0800e514        0xd ./Middlewares/Third_Party/FreeRTOS/Source/timers.o
 *(.rodata*)
 *fill*         0x0800e521        0x3 
 .rodata.defaultTask_attributes
                0x0800e524       0x24 ./Core/Src/app_freertos.o
                0x0800e524                defaultTask_attributes
 .rodata.rxProcessTask_attributes
                0x0800e548       0x24 ./Core/Src/app_freertos.o
                0x0800e548                rxProcessTask_attributes
 .rodata.printTask_attributes
                0x0800e56c       0x24 ./Core/Src/app_freertos.o
                0x0800e56c                printTask_attributes
 .rodata.uart1LogMutex_attributes
                0x0800e590       0x10 ./Core/Src/app_freertos.o
                0x0800e590                uart1LogMutex_attributes
 .rodata.printRequestSemaphore_attributes
                0x0800e5a0       0x10 ./Core/Src/app_freertos.o
                0x0800e5a0                printRequestSemaphore_attributes
 .rodata.printBufferMutex_attributes
                0x0800e5b0       0x10 ./Core/Src/app_freertos.o
                0x0800e5b0                printBufferMutex_attributes
 .rodata.settingsMutex_attributes
                0x0800e5c0       0x10 ./Core/Src/app_freertos.o
                0x0800e5c0                settingsMutex_attributes
 .rodata.AHBPrescTable
                0x0800e5d0       0x10 ./Core/Src/system_stm32u5xx.o
                0x0800e5d0                AHBPrescTable
 .rodata.APBPrescTable
                0x0800e5e0        0x8 ./Core/Src/system_stm32u5xx.o
                0x0800e5e0                APBPrescTable
 .rodata.MSIRangeTable
                0x0800e5e8       0x40 ./Core/Src/system_stm32u5xx.o
                0x0800e5e8                MSIRangeTable
 .rodata.LPGPIO_Map
                0x0800e628       0x80 ./Drivers/STM32U5xx_HAL_Driver/Src/stm32u5xx_hal_gpio.o
 .rodata.UARTPrescTable
                0x0800e6a8       0x18 ./Drivers/STM32U5xx_HAL_Driver/Src/stm32u5xx_hal_uart.o
                0x0800e6a8                UARTPrescTable
 .rodata.numerator.1
                0x0800e6c0        0x8 ./Drivers/STM32U5xx_HAL_Driver/Src/stm32u5xx_hal_uart_ex.o
 .rodata.denominator.0
                0x0800e6c8        0x8 ./Drivers/STM32U5xx_HAL_Driver/Src/stm32u5xx_hal_uart_ex.o
 .rodata.uxTopUsedPriority
                0x0800e6d0        0x4 ./Middlewares/Third_Party/FreeRTOS/Source/tasks.o
 .rodata._svfprintf_r.str1.1
                0x0800e6d4       0x33 C:/NewFiles/STM32CubeIDE_2.1.0/STM32CubeIDE/plugins/com.st.stm32cube.ide.mcu.externaltools.gnu-tools-for-stm32.14.3.rel1.win32_1.0.100.202602081740/tools/bin/../lib/gcc/arm-none-eabi/14.3.1/../../../../arm-none-eabi/lib/thumb/v8-m.main+fp/hard\libc_nano.a(libc_a-nano-svfprintf.o)
                                 0x11 (size before relaxing)
 .rodata._printf_i.str1.1
                0x0800e707       0x22 C:/NewFiles/STM32CubeIDE_2.1.0/STM32CubeIDE/plugins/com.st.stm32cube.ide.mcu.externaltools.gnu-tools-for-stm32.14.3.rel1.win32_1.0.100.202602081740/tools/bin/../lib/gcc/arm-none-eabi/14.3.1/../../../../arm-none-eabi/lib/thumb/v8-m.main+fp/hard\libc_nano.a(libc_a-nano-vfprintf_i.o)

.ku_font_data   0x0800e707      0xc17
 .ku_font_data  0x0800e707      0xc17 ./Core/Src/app/ku_font.o
                0x0800e707                _binary_ku_bin_start
                0x0800f31e                _binary_ku_bin_end

.ARM.extab
 *(.ARM.extab* .gnu.linkonce.armextab.*)

.ARM            0x0800f320        0x8
                0x0800f320                        __exidx_start = .
 *(.ARM.exidx*)
 .ARM.exidx     0x0800f320        0x8 C:/NewFiles/STM32CubeIDE_2.1.0/STM32CubeIDE/plugins/com.st.stm32cube.ide.mcu.externaltools.gnu-tools-for-stm32.14.3.rel1.win32_1.0.100.202602081740/tools/bin/../lib/gcc/arm-none-eabi/14.3.1/../../../../arm-none-eabi/lib/thumb/v8-m.main+fp/hard\libc_nano.a(libc_a-strlen.o)
 .ARM.exidx     0x0800f328        0x0 C:/NewFiles/STM32CubeIDE_2.1.0/STM32CubeIDE/plugins/com.st.stm32cube.ide.mcu.externaltools.gnu-tools-for-stm32.14.3.rel1.win32_1.0.100.202602081740/tools/bin/../lib/gcc/arm-none-eabi/14.3.1/thumb/v8-m.main+fp/hard\libgcc.a(_udivmoddi4.o)
                                  0x8 (size before relaxing)
                0x0800f328                        __exidx_end = .

.preinit_array  0x0800f328        0x0
                0x0800f328                        PROVIDE (__preinit_array_start = .)
 *(.preinit_array*)
                0x0800f328                        PROVIDE (__preinit_array_end = .)

.init_array     0x0800f328        0x4
                0x0800f328                        PROVIDE (__init_array_start = .)
 *(SORT_BY_NAME(.init_array.*))
 *(.init_array*)
 .init_array    0x0800f328        0x4 C:/NewFiles/STM32CubeIDE_2.1.0/STM32CubeIDE/plugins/com.st.stm32cube.ide.mcu.externaltools.gnu-tools-for-stm32.14.3.rel1.win32_1.0.100.202602081740/tools/bin/../lib/gcc/arm-none-eabi/14.3.1/thumb/v8-m.main+fp/hard/crtbegin.o
                0x0800f32c                        PROVIDE (__init_array_end = .)

.fini_array     0x0800f32c        0x4
                [!provide]                        PROVIDE (__fini_array_start = .)
 *(SORT_BY_NAME(.fini_array.*))
 *(.fini_array*)
 .fini_array    0x0800f32c        0x4 C:/NewFiles/STM32CubeIDE_2.1.0/STM32CubeIDE/plugins/com.st.stm32cube.ide.mcu.externaltools.gnu-tools-for-stm32.14.3.rel1.win32_1.0.100.202602081740/tools/bin/../lib/gcc/arm-none-eabi/14.3.1/thumb/v8-m.main+fp/hard/crtbegin.o
                [!provide]                        PROVIDE (__fini_array_end = .)
                0x0800f330                        _sidata = LOADADDR (.data)

.rel.dyn        0x0800f330        0x0
 .rel.iplt      0x0800f330        0x0 C:/NewFiles/STM32CubeIDE_2.1.0/STM32CubeIDE/plugins/com.st.stm32cube.ide.mcu.externaltools.gnu-tools-for-stm32.14.3.rel1.win32_1.0.100.202602081740/tools/bin/../lib/gcc/arm-none-eabi/14.3.1/thumb/v8-m.main+fp/hard/crtbegin.o

.data           0x20000000       0x68 load address 0x0800f330
                0x20000000                        _sdata = .
 *(.data)
 *(.data*)
 .data.settings
                0x20000000        0x5 ./Core/Src/app/escpos_commands.o
 *fill*         0x20000005        0x3 
 .data.SystemCoreClock
                0x20000008        0x4 ./Core/Src/system_stm32u5xx.o
                0x20000008                SystemCoreClock
 .data.uwTickPrio
                0x2000000c        0x4 ./Drivers/STM32U5xx_HAL_Driver/Src/stm32u5xx_hal.o
                0x2000000c                uwTickPrio
 .data.uwTickFreq
                0x20000010        0x1 ./Drivers/STM32U5xx_HAL_Driver/Src/stm32u5xx_hal.o
                0x20000010                uwTickFreq
 *fill*         0x20000011        0x3 
 .data.ulCriticalNesting
                0x20000014        0x4 ./Middlewares/Third_Party/FreeRTOS/Source/portable/GCC/ARM_CM33_NTZ/non_secure/port.o
 .data._impure_ptr
                0x20000018        0x4 C:/NewFiles/STM32CubeIDE_2.1.0/STM32CubeIDE/plugins/com.st.stm32cube.ide.mcu.externaltools.gnu-tools-for-stm32.14.3.rel1.win32_1.0.100.202602081740/tools/bin/../lib/gcc/arm-none-eabi/14.3.1/../../../../arm-none-eabi/lib/thumb/v8-m.main+fp/hard\libc_nano.a(libc_a-impure.o)
                0x20000018                _impure_ptr
 .data._impure_data
                0x2000001c       0x4c C:/NewFiles/STM32CubeIDE_2.1.0/STM32CubeIDE/plugins/com.st.stm32cube.ide.mcu.externaltools.gnu-tools-for-stm32.14.3.rel1.win32_1.0.100.202602081740/tools/bin/../lib/gcc/arm-none-eabi/14.3.1/../../../../arm-none-eabi/lib/thumb/v8-m.main+fp/hard\libc_nano.a(libc_a-impure.o)
                0x2000001c                _impure_data
 *(.RamFunc)
 *(.RamFunc*)
                0x20000068                        _edata = .

.igot.plt       0x20000068        0x0 load address 0x0800f398
 .igot.plt      0x20000068        0x0 C:/NewFiles/STM32CubeIDE_2.1.0/STM32CubeIDE/plugins/com.st.stm32cube.ide.mcu.externaltools.gnu-tools-for-stm32.14.3.rel1.win32_1.0.100.202602081740/tools/bin/../lib/gcc/arm-none-eabi/14.3.1/thumb/v8-m.main+fp/hard/crtbegin.o

.bss            0x20000068     0x8f2c load address 0x0800f398
                0x20000068                        _sbss = .
                0x20000068                        __bss_start__ = _sbss
 *(.bss)
 .bss           0x20000068       0x1c C:/NewFiles/STM32CubeIDE_2.1.0/STM32CubeIDE/plugins/com.st.stm32cube.ide.mcu.externaltools.gnu-tools-for-stm32.14.3.rel1.win32_1.0.100.202602081740/tools/bin/../lib/gcc/arm-none-eabi/14.3.1/thumb/v8-m.main+fp/hard/crtbegin.o
 *(.bss*)
 .bss.rx_ring   0x20000084     0x1000 ./Core/Src/app/Receive.o
 .bss.readIndex
                0x20001084        0x2 ./Core/Src/app/Receive.o
 .bss.writeIndex
                0x20001086        0x2 ./Core/Src/app/Receive.o
 .bss.rx_tick   0x20001088        0x4 ./Core/Src/app/Receive.o
 .bss.rx_idle_chunk
                0x2000108c       0x80 ./Core/Src/app/Receive.o
 .bss.rx_frame_len_queue
                0x2000110c       0x20 ./Core/Src/app/Receive.o
 .bss.rx_frame_q_head
                0x2000112c        0x1 ./Core/Src/app/Receive.o
 .bss.rx_frame_q_tail
                0x2000112d        0x1 ./Core/Src/app/Receive.o
 .bss.rx_frame_q_count
                0x2000112e        0x1 ./Core/Src/app/Receive.o
 *fill*         0x2000112f        0x1 
 .bss.rx_ring_overflow_count
                0x20001130        0x4 ./Core/Src/app/Receive.o
 .bss.rx_ring_overflow_pending
                0x20001134        0x1 ./Core/Src/app/Receive.o
 *fill*         0x20001135        0x3 
 .bss.rx_frame_queue_overflow_count
                0x20001138        0x4 ./Core/Src/app/Receive.o
 .bss.rx_frame_queue_overflow_pending
                0x2000113c        0x1 ./Core/Src/app/Receive.o
 *fill*         0x2000113d        0x3 
 .bss.uart_error_count
                0x20001140        0x4 ./Core/Src/app/Receive.o
 .bss.uart_error_code_last
                0x20001144        0x4 ./Core/Src/app/Receive.o
 .bss.uart_error_pending
                0x20001148        0x1 ./Core/Src/app/Receive.o
 *fill*         0x20001149        0x3 
 .bss.frame.0   0x2000114c     0x1001 ./Core/Src/app/Receive.o
 .bss.printer_execute_request
                0x2000214d        0x1 ./Core/Src/app/escpos_commands.o
 *fill*         0x2000214e        0x2 
 .bss.g_print_task_handle
                0x20002150        0x4 ./Core/Src/app/escpos_commands.o
 .bss.g_print_semaphore
                0x20002154        0x4 ./Core/Src/app/escpos_commands.o
 .bss.g_settings_mutex
                0x20002158        0x4 ./Core/Src/app/escpos_commands.o
 .bss.g_print_snapshot
                0x2000215c     0x1000 ./Core/Src/app/escpos_commands.o
 .bss.g_print_buffer
                0x2000315c     0x1000 ./Core/Src/app/print_buffer.o
 .bss.g_print_buf_len
                0x2000415c        0x2 ./Core/Src/app/print_buffer.o
 *fill*         0x2000415e        0x2 
 .bss.g_print_buffer_mutex
                0x20004160        0x4 ./Core/Src/app/print_buffer.o
 .bss.defaultTaskHandle
                0x20004164        0x4 ./Core/Src/app_freertos.o
                0x20004164                defaultTaskHandle
 .bss.rxProcessTaskHandle
                0x20004168        0x4 ./Core/Src/app_freertos.o
                0x20004168                rxProcessTaskHandle
 .bss.printTaskHandle
                0x2000416c        0x4 ./Core/Src/app_freertos.o
                0x2000416c                printTaskHandle
 .bss.uart1LogMutexHandle
                0x20004170        0x4 ./Core/Src/app_freertos.o
                0x20004170                uart1LogMutexHandle
 .bss.printRequestSemaphoreHandle
                0x20004174        0x4 ./Core/Src/app_freertos.o
                0x20004174                printRequestSemaphoreHandle
 .bss.printBufferMutexHandle
                0x20004178        0x4 ./Core/Src/app_freertos.o
                0x20004178                printBufferMutexHandle
 .bss.settingsMutexHandle
                0x2000417c        0x4 ./Core/Src/app_freertos.o
                0x2000417c                settingsMutexHandle
 .bss.htim6     0x20004180       0x4c ./Core/Src/stm32u5xx_hal_timebase_tim.o
                0x20004180                htim6
 .bss.__sbrk_heap_end
                0x200041cc        0x4 ./Core/Src/sysmem.o
 .bss.huart1    0x200041d0       0x94 ./Core/Src/usart.o
                0x200041d0                huart1
 .bss.huart2    0x20004264       0x94 ./Core/Src/usart.o
                0x20004264                huart2
 .bss.g_uart1_log_mutex
                0x200042f8        0x4 ./Core/Src/log/myprintf.o
 .bss.uwTick    0x200042fc        0x4 ./Drivers/STM32U5xx_HAL_Driver/Src/stm32u5xx_hal.o
                0x200042fc                uwTick
 .bss.KernelState
                0x20004300        0x4 ./Middlewares/Third_Party/FreeRTOS/Source/CMSIS_RTOS_V2/cmsis_os2.o
 .bss.xQueueRegistry
                0x20004304       0x40 ./Middlewares/Third_Party/FreeRTOS/Source/queue.o
                0x20004304                xQueueRegistry
 .bss.pxCurrentTCB
                0x20004344        0x4 ./Middlewares/Third_Party/FreeRTOS/Source/tasks.o
                0x20004344                pxCurrentTCB
 .bss.pxReadyTasksLists
                0x20004348      0x460 ./Middlewares/Third_Party/FreeRTOS/Source/tasks.o
 .bss.xDelayedTaskList1
                0x200047a8       0x14 ./Middlewares/Third_Party/FreeRTOS/Source/tasks.o
 .bss.xDelayedTaskList2
                0x200047bc       0x14 ./Middlewares/Third_Party/FreeRTOS/Source/tasks.o
 .bss.pxDelayedTaskList
                0x200047d0        0x4 ./Middlewares/Third_Party/FreeRTOS/Source/tasks.o
 .bss.pxOverflowDelayedTaskList
                0x200047d4        0x4 ./Middlewares/Third_Party/FreeRTOS/Source/tasks.o
 .bss.xPendingReadyList
                0x200047d8       0x14 ./Middlewares/Third_Party/FreeRTOS/Source/tasks.o
 .bss.xTasksWaitingTermination
                0x200047ec       0x14 ./Middlewares/Third_Party/FreeRTOS/Source/tasks.o
 .bss.uxDeletedTasksWaitingCleanUp
                0x20004800        0x4 ./Middlewares/Third_Party/FreeRTOS/Source/tasks.o
 .bss.xSuspendedTaskList
                0x20004804       0x14 ./Middlewares/Third_Party/FreeRTOS/Source/tasks.o
 .bss.uxCurrentNumberOfTasks
                0x20004818        0x4 ./Middlewares/Third_Party/FreeRTOS/Source/tasks.o
 .bss.xTickCount
                0x2000481c        0x4 ./Middlewares/Third_Party/FreeRTOS/Source/tasks.o
 .bss.uxTopReadyPriority
                0x20004820        0x4 ./Middlewares/Third_Party/FreeRTOS/Source/tasks.o
 .bss.xSchedulerRunning
                0x20004824        0x4 ./Middlewares/Third_Party/FreeRTOS/Source/tasks.o
 .bss.xPendedTicks
                0x20004828        0x4 ./Middlewares/Third_Party/FreeRTOS/Source/tasks.o
 .bss.xYieldPendings
                0x2000482c        0x4 ./Middlewares/Third_Party/FreeRTOS/Source/tasks.o
 .bss.xNumOfOverflows
                0x20004830        0x4 ./Middlewares/Third_Party/FreeRTOS/Source/tasks.o
 .bss.uxTaskNumber
                0x20004834        0x4 ./Middlewares/Third_Party/FreeRTOS/Source/tasks.o
 .bss.xNextTaskUnblockTime
                0x20004838        0x4 ./Middlewares/Third_Party/FreeRTOS/Source/tasks.o
 .bss.xIdleTaskHandles
                0x2000483c        0x4 ./Middlewares/Third_Party/FreeRTOS/Source/tasks.o
 .bss.uxSchedulerSuspended
                0x20004840        0x4 ./Middlewares/Third_Party/FreeRTOS/Source/tasks.o
 .bss.xIdleTaskTCB.3
                0x20004844       0x5c ./Middlewares/Third_Party/FreeRTOS/Source/tasks.o
 .bss.uxIdleTaskStack.2
                0x200048a0      0x200 ./Middlewares/Third_Party/FreeRTOS/Source/tasks.o
 .bss.xTimerTaskTCB.1
                0x20004aa0       0x5c ./Middlewares/Third_Party/FreeRTOS/Source/tasks.o
 .bss.uxTimerTaskStack.0
                0x20004afc      0x200 ./Middlewares/Third_Party/FreeRTOS/Source/tasks.o
 .bss.xActiveTimerList1
                0x20004cfc       0x14 ./Middlewares/Third_Party/FreeRTOS/Source/timers.o
 .bss.xActiveTimerList2
                0x20004d10       0x14 ./Middlewares/Third_Party/FreeRTOS/Source/timers.o
 .bss.pxCurrentTimerList
                0x20004d24        0x4 ./Middlewares/Third_Party/FreeRTOS/Source/timers.o
 .bss.pxOverflowTimerList
                0x20004d28        0x4 ./Middlewares/Third_Party/FreeRTOS/Source/timers.o
 .bss.xTimerQueue
                0x20004d2c        0x4 ./Middlewares/Third_Party/FreeRTOS/Source/timers.o
 .bss.xTimerTaskHandle
                0x20004d30        0x4 ./Middlewares/Third_Party/FreeRTOS/Source/timers.o
 .bss.xLastTime.2
                0x20004d34        0x4 ./Middlewares/Third_Party/FreeRTOS/Source/timers.o
 .bss.ucStaticTimerQueueStorage.1
                0x20004d38       0xa0 ./Middlewares/Third_Party/FreeRTOS/Source/timers.o
 .bss.xStaticTimerQueue.0
                0x20004dd8       0x50 ./Middlewares/Third_Party/FreeRTOS/Source/timers.o
 .bss.ucMaxSysCallPriority
                0x20004e28        0x1 ./Middlewares/Third_Party/FreeRTOS/Source/portable/GCC/ARM_CM33_NTZ/non_secure/port.o
 *fill*         0x20004e29        0x3 
 .bss.ulMaxPRIGROUPValue
                0x20004e2c        0x4 ./Middlewares/Third_Party/FreeRTOS/Source/portable/GCC/ARM_CM33_NTZ/non_secure/port.o
 .bss.ucHeap    0x20004e30     0x4000 ./Middlewares/Third_Party/FreeRTOS/Source/portable/MemMang/heap_4.o
 .bss.xStart    0x20008e30        0x8 ./Middlewares/Third_Party/FreeRTOS/Source/portable/MemMang/heap_4.o
 .bss.pxEnd     0x20008e38        0x4 ./Middlewares/Third_Party/FreeRTOS/Source/portable/MemMang/heap_4.o
 .bss.xFreeBytesRemaining
                0x20008e3c        0x4 ./Middlewares/Third_Party/FreeRTOS/Source/portable/MemMang/heap_4.o
 .bss.xMinimumEverFreeBytesRemaining
                0x20008e40        0x4 ./Middlewares/Third_Party/FreeRTOS/Source/portable/MemMang/heap_4.o
 .bss.xNumberOfSuccessfulAllocations
                0x20008e44        0x4 ./Middlewares/Third_Party/FreeRTOS/Source/portable/MemMang/heap_4.o
 .bss.xNumberOfSuccessfulFrees
                0x20008e48        0x4 ./Middlewares/Third_Party/FreeRTOS/Source/portable/MemMang/heap_4.o
 .bss.__sf      0x20008e4c      0x138 C:/NewFiles/STM32CubeIDE_2.1.0/STM32CubeIDE/plugins/com.st.stm32cube.ide.mcu.externaltools.gnu-tools-for-stm32.14.3.rel1.win32_1.0.100.202602081740/tools/bin/../lib/gcc/arm-none-eabi/14.3.1/../../../../arm-none-eabi/lib/thumb/v8-m.main+fp/hard\libc_nano.a(libc_a-findfp.o)
                0x20008e4c                __sf
 .bss.errno     0x20008f84        0x4 C:/NewFiles/STM32CubeIDE_2.1.0/STM32CubeIDE/plugins/com.st.stm32cube.ide.mcu.externaltools.gnu-tools-for-stm32.14.3.rel1.win32_1.0.100.202602081740/tools/bin/../lib/gcc/arm-none-eabi/14.3.1/../../../../arm-none-eabi/lib/thumb/v8-m.main+fp/hard\libc_nano.a(libc_a-reent.o)
                0x20008f84                errno
 .bss.__lock___malloc_recursive_mutex
                0x20008f88        0x1 C:/NewFiles/STM32CubeIDE_2.1.0/STM32CubeIDE/plugins/com.st.stm32cube.ide.mcu.externaltools.gnu-tools-for-stm32.14.3.rel1.win32_1.0.100.202602081740/tools/bin/../lib/gcc/arm-none-eabi/14.3.1/../../../../arm-none-eabi/lib/thumb/v8-m.main+fp/hard\libc_nano.a(libc_a-lock.o)
                0x20008f88                __lock___malloc_recursive_mutex
 *fill*         0x20008f89        0x3 
 .bss.__malloc_sbrk_start
                0x20008f8c        0x4 C:/NewFiles/STM32CubeIDE_2.1.0/STM32CubeIDE/plugins/com.st.stm32cube.ide.mcu.externaltools.gnu-tools-for-stm32.14.3.rel1.win32_1.0.100.202602081740/tools/bin/../lib/gcc/arm-none-eabi/14.3.1/../../../../arm-none-eabi/lib/thumb/v8-m.main+fp/hard\libc_nano.a(libc_a-mallocr.o)
                0x20008f8c                __malloc_sbrk_start
 .bss.__malloc_free_list
                0x20008f90        0x4 C:/NewFiles/STM32CubeIDE_2.1.0/STM32CubeIDE/plugins/com.st.stm32cube.ide.mcu.externaltools.gnu-tools-for-stm32.14.3.rel1.win32_1.0.100.202602081740/tools/bin/../lib/gcc/arm-none-eabi/14.3.1/../../../../arm-none-eabi/lib/thumb/v8-m.main+fp/hard\libc_nano.a(libc_a-mallocr.o)
                0x20008f90                __malloc_free_list
 *(COMMON)
                0x20008f94                        _ebss = .
                0x20008f94                        __bss_end__ = _ebss

._user_heap_stack
                0x20008f94      0x604 load address 0x0800f398
                0x20008f98                        . = ALIGN (0x8)
 *fill*         0x20008f94        0x4 
                [!provide]                        PROVIDE (end = .)
                0x20008f98                        PROVIDE (_end = .)
                0x20009198                        . = (. + _Min_Heap_Size)
 *fill*         0x20008f98      0x200 
                0x20009598                        . = (. + _Min_Stack_Size)
 *fill*         0x20009198      0x400 
                0x20009598                        . = ALIGN (0x8)

/DISCARD/
 libc.a(*)
 libm.a(*)
 libgcc.a(*)

.ARM.attributes
                0x00000000       0x36
 *(.ARM.attributes)
 .ARM.attributes