Archive member included to satisfy reference by file (symbol)

C:/NewFiles/STM32CubeIDE_2.1.0/STM32CubeIDE/plugins/com.st.stm32cube.ide.mcu.externaltools.gnu-tools-for-stm32.14.3.rel1.win32_1.0.100.202602081740/tools/bin/../lib/gcc/arm-none-eabi/14.3.1/../../../../arm-none-eabi/lib/thumb/v8-m.main+fp/hard\libc_nano.a(libc_a-exit.o)
                              C:/NewFiles/STM32CubeIDE_2.1.0/STM32CubeIDE/plugins/com.st.stm32cube.ide.mcu.externaltools.gnu-tools-for-stm32.14.3.rel1.win32_1.0.100.202602081740/tools/bin/../lib/gcc/arm-none-eabi/14.3.1/../../../../arm-none-eabi/lib/thumb/v8-m.main+fp/hard/crt0.o (exit)
C:/NewFiles/STM32CubeIDE_2.1.0/STM32CubeIDE/plugins/com.st.stm32cube.ide.mcu.externaltools.gnu-tools-for-stm32.14.3.rel1.win32_1.0.100.202602081740/tools/bin/../lib/gcc/arm-none-eabi/14.3.1/../../../../arm-none-eabi/lib/thumb/v8-m.main+fp/hard\libc_nano.a(libc_a-findfp.o)
                              C:/NewFiles/STM32CubeIDE_2.1.0/STM32CubeIDE/plugins/com.st.stm32cube.ide.mcu.externaltools.gnu-tools-for-stm32.14.3.rel1.win32_1.0.100.202602081740/tools/bin/../lib/gcc/arm-none-eabi/14.3.1/../../../../arm-none-eabi/lib/thumb/v8-m.main+fp/hard\libc_nano.a(libc_a-exit.o) (__stdio_exit_handler)
C:/NewFiles/STM32CubeIDE_2.1.0/STM32CubeIDE/plugins/com.st.stm32cube.ide.mcu.externaltools.gnu-tools-for-stm32.14.3.rel1.win32_1.0.100.202602081740/tools/bin/../lib/gcc/arm-none-eabi/14.3.1/../../../../arm-none-eabi/lib/thumb/v8-m.main+fp/hard\libc_nano.a(libc_a-fwalk.o)
                              C:/NewFiles/STM32CubeIDE_2.1.0/STM32CubeIDE/plugins/com.st.stm32cube.ide.mcu.externaltools.gnu-tools-for-stm32.14.3.rel1.win32_1.0.100.202602081740/tools/bin/../lib/gcc/arm-none-eabi/14.3.1/../../../../arm-none-eabi/lib/thumb/v8-m.main+fp/hard\libc_nano.a(libc_a-findfp.o) (_fwalk_sglue)
C:/NewFiles/STM32CubeIDE_2.1.0/STM32CubeIDE/plugins/com.st.stm32cube.ide.mcu.externaltools.gnu-tools-for-stm32.14.3.rel1.win32_1.0.100.202602081740/tools/bin/../lib/gcc/arm-none-eabi/14.3.1/../../../../arm-none-eabi/lib/thumb/v8-m.main+fp/hard\libc_nano.a(libc_a-snprintf.o)
                              ./Core/Src/app/printer_output.o (snprintf)
C:/NewFiles/STM32CubeIDE_2.1.0/STM32CubeIDE/plugins/com.st.stm32cube.ide.mcu.externaltools.gnu-tools-for-stm32.14.3.rel1.win32_1.0.100.202602081740/tools/bin/../lib/gcc/arm-none-eabi/14.3.1/../../../../arm-none-eabi/lib/thumb/v8-m.main+fp/hard\libc_nano.a(libc_a-stdio.o)
                              C:/NewFiles/STM32CubeIDE_2.1.0/STM32CubeIDE/plugins/com.st.stm32cube.ide.mcu.externaltools.gnu-tools-for-stm32.14.3.rel1.win32_1.0.100.202602081740/tools/bin/../lib/gcc/arm-none-eabi/14.3.1/../../../../arm-none-eabi/lib/thumb/v8-m.main+fp/hard\libc_nano.a(libc_a-findfp.o) (__sread)
C:/NewFiles/STM32CubeIDE_2.1.0/STM32CubeIDE/plugins/com.st.stm32cube.ide.mcu.externaltools.gnu-tools-for-stm32.14.3.rel1.win32_1.0.100.202602081740/tools/bin/../lib/gcc/arm-none-eabi/14.3.1/../../../../arm-none-eabi/lib/thumb/v8-m.main+fp/hard\libc_nano.a(libc_a-vsnprintf.o)
                              ./Core/Src/log/myprintf.o (vsnprintf)
C:/NewFiles/STM32CubeIDE_2.1.0/STM32CubeIDE/plugins/com.st.stm32cube.ide.mcu.externaltools.gnu-tools-for-stm32.14.3.rel1.win32_1.0.100.202602081740/tools/bin/../lib/gcc/arm-none-eabi/14.3.1/../../../../arm-none-eabi/lib/thumb/v8-m.main+fp/hard\libc_nano.a(libc_a-memset.o)
                              C:/NewFiles/STM32CubeIDE_2.1.0/STM32CubeIDE/plugins/com.st.stm32cube.ide.mcu.externaltools.gnu-tools-for-stm32.14.3.rel1.win32_1.0.100.202602081740/tools/bin/../lib/gcc/arm-none-eabi/14.3.1/../../../../arm-none-eabi/lib/thumb/v8-m.main+fp/hard/crt0.o (memset)
C:/NewFiles/STM32CubeIDE_2.1.0/STM32CubeIDE/plugins/com.st.stm32cube.ide.mcu.externaltools.gnu-tools-for-stm32.14.3.rel1.win32_1.0.100.202602081740/tools/bin/../lib/gcc/arm-none-eabi/14.3.1/../../../../arm-none-eabi/lib/thumb/v8-m.main+fp/hard\libc_nano.a(libc_a-strcspn.o)
                              ./Core/Src/app/dotmatrix_converter_debug.o (strcspn)
C:/NewFiles/STM32CubeIDE_2.1.0/STM32CubeIDE/plugins/com.st.stm32cube.ide.mcu.externaltools.gnu-tools-for-stm32.14.3.rel1.win32_1.0.100.202602081740/tools/bin/../lib/gcc/arm-none-eabi/14.3.1/../../../../arm-none-eabi/lib/thumb/v8-m.main+fp/hard\libc_nano.a(libc_a-strncpy.o)
                              ./Core/Src/app/dotmatrix_converter_debug.o (strncpy)
C:/NewFiles/STM32CubeIDE_2.1.0/STM32CubeIDE/plugins/com.st.stm32cube.ide.mcu.externaltools.gnu-tools-for-stm32.14.3.rel1.win32_1.0.100.202602081740/tools/bin/../lib/gcc/arm-none-eabi/14.3.1/../../../../arm-none-eabi/lib/thumb/v8-m.main+fp/hard\libc_nano.a(libc_a-closer.o)
                              C:/NewFiles/STM32CubeIDE_2.1.0/STM32CubeIDE/plugins/com.st.stm32cube.ide.mcu.externaltools.gnu-tools-for-stm32.14.3.rel1.win32_1.0.100.202602081740/tools/bin/../lib/gcc/arm-none-eabi/14.3.1/../../../../arm-none-eabi/lib/thumb/v8-m.main+fp/hard\libc_nano.a(libc_a-stdio.o) (_close_r)
[...]
Memory Configuration

Name             Origin             Length             Attributes
RAM              0x20000000         0x000c0000         xrw
SRAM4            0x28000000         0x00004000         xrw
FLASH            0x08000000         0x00200000         xr
*default*        0x00000000         0xffffffff

Linker script and memory map

LOAD C:/NewFiles/STM32CubeIDE_2.1.0/STM32CubeIDE/plugins/com.st.stm32cube.ide.mcu.externaltools.gnu-tools-for-stm32.14.3.rel1.win32_1.0.100.202602081740/tools/bin/../lib/gcc/arm-none-eabi/14.3.1/thumb/v8-m.main+fp/hard/crti.o
LOAD C:/NewFiles/STM32CubeIDE_2.1.0/STM32CubeIDE/plugins/com.st.stm32cube.ide.mcu.externaltools.gnu-tools-for-stm32.14.3.rel1.win32_1.0.100.202602081740/tools/bin/../lib/gcc/arm-none-eabi/14.3.1/thumb/v8-m.main+fp/hard/crtbegin.o
LOAD C:/NewFiles/STM32CubeIDE_2.1.0/STM32CubeIDE/plugins/com.st.stm32cube.ide.mcu.externaltools.gnu-tools-for-stm32.14.3.rel1.win32_1.0.100.202602081740/tools/bin/../lib/gcc/arm-none-eabi/14.3.1/../../../../arm-none-eabi/lib/thumb/v8-m.main+fp/hard/crt0.o
LOAD ./Core/Src/app/Receive.o
LOAD ./Core/Src/app/app_printer.o
LOAD ./Core/Src/app/dotmatrix_converter_debug.o
LOAD ./Core/Src/app/escpos_commands.o
LOAD ./Core/Src/app/ku_font.o
LOAD ./Core/Src/app/print_buffer.o
LOAD ./Core/Src/app/printer_output.o
LOAD ./Core/Src/app_freertos.o
LOAD ./Core/Src/gpio.o
LOAD ./Core/Src/main.o
LOAD ./Core/Src/stm32u5xx_hal_msp.o
LOAD ./Core/Src/stm32u5xx_hal_timebase_tim.o
LOAD ./Core/Src/stm32u5xx_it.o
LOAD ./Core/Src/syscalls.o
LOAD ./Core/Src/sysmem.o
LOAD ./Core/Src/system_stm32u5xx.o
LOAD ./Core/Src/usart.o
LOAD ./Core/Src/log/myprintf.o
LOAD ./Core/Startup/startup_stm32u575zitxq.o
LOAD ./Drivers/STM32U5xx_HAL_Driver/Src/stm32u5xx_hal.o
LOAD ./Drivers/STM32U5xx_HAL_Driver/Src/stm32u5xx_hal_cortex.o
LOAD ./Drivers/STM32U5xx_HAL_Driver/Src/stm32u5xx_hal_dma.o
LOAD ./Drivers/STM32U5xx_HAL_Driver/Src/stm32u5xx_hal_dma_ex.o
LOAD ./Drivers/STM32U5xx_HAL_Driver/Src/stm32u5xx_hal_exti.o
LOAD ./Drivers/STM32U5xx_HAL_Driver/Src/stm32u5xx_hal_flash.o
LOAD ./Drivers/STM32U5xx_HAL_Driver/Src/stm32u5xx_hal_flash_ex.o
LOAD ./Drivers/STM32U5xx_HAL_Driver/Src/stm32u5xx_hal_gpio.o
LOAD ./Drivers/STM32U5xx_HAL_Driver/Src/stm32u5xx_hal_gtzc.o
LOAD ./Drivers/STM32U5xx_HAL_Driver/Src/stm32u5xx_hal_i2c.o
LOAD ./Drivers/STM32U5xx_HAL_Driver/Src/stm32u5xx_hal_i2c_ex.o
LOAD ./Drivers/STM32U5xx_HAL_Driver/Src/stm32u5xx_hal_icache.o
LOAD ./Drivers/STM32U5xx_HAL_Driver/Src/stm32u5xx_hal_pwr.o
LOAD ./Drivers/STM32U5xx_HAL_Driver/Src/stm32u5xx_hal_pwr_ex.o
LOAD ./Drivers/STM32U5xx_HAL_Driver/Src/stm32u5xx_hal_rcc.o
LOAD ./Drivers/STM32U5xx_HAL_Driver/Src/stm32u5xx_hal_rcc_ex.o
LOAD ./Drivers/STM32U5xx_HAL_Driver/Src/stm32u5xx_hal_tim.o
LOAD ./Drivers/STM32U5xx_HAL_Driver/Src/stm32u5xx_hal_tim_ex.o
LOAD ./Drivers/STM32U5xx_HAL_Driver/Src/stm32u5xx_hal_uart.o
LOAD ./Drivers/STM32U5xx_HAL_Driver/Src/stm32u5xx_hal_uart_ex.o
LOAD ./Middlewares/Third_Party/FreeRTOS/Source/CMSIS_RTOS_V2/cmsis_os2.o
LOAD ./Middlewares/Third_Party/FreeRTOS/Source/croutine.o
LOAD ./Middlewares/Third_Party/FreeRTOS/Source/event_groups.o
LOAD ./Middlewares/Third_Party/FreeRTOS/Source/list.o
LOAD ./Middlewares/Third_Party/FreeRTOS/Source/queue.o
LOAD ./Middlewares/Third_Party/FreeRTOS/Source/stream_buffer.o
LOAD ./Middlewares/Third_Party/FreeRTOS/Source/tasks.o
LOAD ./Middlewares/Third_Party/FreeRTOS/Source/timers.o
LOAD ./Middlewares/Third_Party/FreeRTOS/Source/portable/GCC/ARM_CM33_NTZ/non_secure/port.o
LOAD ./Middlewares/Third_Party/FreeRTOS/Source/portable/GCC/ARM_CM33_NTZ/non_secure/portasm.o
LOAD ./Middlewares/Third_Party/FreeRTOS/Source/portable/MemMang/heap_4.o
START GROUP
LOAD C:/NewFiles/STM32CubeIDE_2.1.0/STM32CubeIDE/plugins/com.st.stm32cube.ide.mcu.externaltools.gnu-tools-for-stm32.14.3.rel1.win32_1.0.100.202602081740/tools/bin/../lib/gcc/arm-none-eabi/14.3.1/../../../../arm-none-eabi/lib/thumb/v8-m.main+fp/hard\libc_nano.a
LOAD C:/NewFiles/STM32CubeIDE_2.1.0/STM32CubeIDE/plugins/com.st.stm32cube.ide.mcu.externaltools.gnu-tools-for-stm32.14.3.rel1.win32_1.0.100.202602081740/tools/bin/../lib/gcc/arm-none-eabi/14.3.1/../../../../arm-none-eabi/lib/thumb/v8-m.main+fp/hard\libm.a
END GROUP
START GROUP
LOAD C:/NewFiles/STM32CubeIDE_2.1.0/STM32CubeIDE/plugins/com.st.stm32cube.ide.mcu.externaltools.gnu-tools-for-stm32.14.3.rel1.win32_1.0.100.202602081740/tools/bin/../lib/gcc/arm-none-eabi/14.3.1/thumb/v8-m.main+fp/hard\libgcc.a
LOAD C:/NewFiles/STM32CubeIDE_2.1.0/STM32CubeIDE/plugins/com.st.stm32cube.ide.mcu.externaltools.gnu-tools-for-stm32.14.3.rel1.win32_1.0.100.202602081740/tools/bin/../lib/gcc/arm-none-eabi/14.3.1/../../../../arm-none-eabi/lib/thumb/v8-m.main+fp/hard\libc_nano.a
END GROUP
START GROUP
LOAD C:/NewFiles/STM32CubeIDE_2.1.0/STM32CubeIDE/plugins/com.st.stm32cube.ide.mcu.externaltools.gnu-tools-for-stm32.14.3.rel1.win32_1.0.100.202602081740/tools/bin/../lib/gcc/arm-none-eabi/14.3.1/thumb/v8-m.main+fp/hard\libgcc.a
LOAD C:/NewFiles/STM32CubeIDE_2.1.0/STM32CubeIDE/plugins/com.st.stm32cube.ide.mcu.externaltools.gnu-tools-for-stm32.14.3.rel1.win32_1.0.100.202602081740/tools/bin/../lib/gcc/arm-none-eabi/14.3.1/../../../../arm-none-eabi/lib/thumb/v8-m.main+fp/hard\libc_nano.a
LOAD C:/NewFiles/STM32CubeIDE_2.1.0/STM32CubeIDE/plugins/com.st.stm32cube.ide.mcu.externaltools.gnu-tools-for-stm32.14.3.rel1.win32_1.0.100.202602081740/tools/bin/../lib/gcc/arm-none-eabi/14.3.1/../../../../arm-none-eabi/lib/thumb/v8-m.main+fp/hard\libnosys.a
END GROUP
START GROUP
LOAD C:/NewFiles/STM32CubeIDE_2.1.0/STM32CubeIDE/plugins/com.st.stm32cube.ide.mcu.externaltools.gnu-tools-for-stm32.14.3.rel1.win32_1.0.100.202602081740/tools/bin/../lib/gcc/arm-none-eabi/14.3.1/thumb/v8-m.main+fp/hard\libgcc.a
LOAD C:/NewFiles/STM32CubeIDE_2.1.0/STM32CubeIDE/plugins/com.st.stm32cube.ide.mcu.externaltools.gnu-tools-for-stm32.14.3.rel1.win32_1.0.100.202602081740/tools/bin/../lib/gcc/arm-none-eabi/14.3.1/../../../../arm-none-eabi/lib/thumb/v8-m.main+fp/hard\libc_nano.a
LOAD C:/NewFiles/STM32CubeIDE_2.1.0/STM32CubeIDE/plugins/com.st.stm32cube.ide.mcu.externaltools.gnu-tools-for-stm32.14.3.rel1.win32_1.0.100.202602081740/tools/bin/../lib/gcc/arm-none-eabi/14.3.1/../../../../arm-none-eabi/lib/thumb/v8-m.main+fp/hard\libnosys.a
END GROUP
LOAD C:/NewFiles/STM32CubeIDE_2.1.0/STM32CubeIDE/plugins/com.st.stm32cube.ide.mcu.externaltools.gnu-tools-for-stm32.14.3.rel1.win32_1.0.100.202602081740/tools/bin/../lib/gcc/arm-none-eabi/14.3.1/thumb/v8-m.main+fp/hard/crtend.o
LOAD C:/NewFiles/STM32CubeIDE_2.1.0/STM32CubeIDE/plugins/com.st.stm32cube.ide.mcu.externaltools.gnu-tools-for-stm32.14.3.rel1.win32_1.0.100.202602081740/tools/bin/../lib/gcc/arm-none-eabi/14.3.1/thumb/v8-m.main+fp/hard/crtn.o
                0x200c0000                        _estack = (ORIGIN (RAM) + LENGTH (RAM))
                0x200bfc00                        _sstack = (_estack - _Min_Stack_Size)
                0x00000200                        _Min_Heap_Size = 0x200
                0x00000400                        _Min_Stack_Size = 0x400

.isr_vector     0x08000000      0x238
 *(.isr_vector)
 .isr_vector    0x08000000      0x238 ./Core/Startup/startup_stm32u575zitxq.o
                0x08000000                g_pfnVectors

.text           0x08000238     0xe160
 *(.text)
 .text          0x08000238       0x40 C:/NewFiles/STM32CubeIDE_2.1.0/STM32CubeIDE/plugins/com.st.stm32cube.ide.mcu.externaltools.gnu-tools-for-stm32.14.3.rel1.win32_1.0.100.202602081740/tools/bin/../lib/gcc/arm-none-eabi/14.3.1/thumb/v8-m.main+fp/hard/crtbegin.o
 .text          0x08000278       0x10 C:/NewFiles/STM32CubeIDE_2.1.0/STM32CubeIDE/plugins/com.st.stm32cube.ide.mcu.externaltools.gnu-tools-for-stm32.14.3.rel1.win32_1.0.100.202602081740/tools/bin/../lib/gcc/arm-none-eabi/14.3.1/../../../../arm-none-eabi/lib/thumb/v8-m.main+fp/hard\libc_nano.a(libc_a-strlen.o)
                0x08000278                strlen
 .text          0x08000288       0x30 C:/NewFiles/STM32CubeIDE_2.1.0/STM32CubeIDE/plugins/com.st.stm32cube.ide.mcu.externaltools.gnu-tools-for-stm32.14.3.rel1.win32_1.0.100.202602081740/tools/bin/../lib/gcc/arm-none-eabi/14.3.1/thumb/v8-m.main+fp/hard\libgcc.a(_aeabi_uldivmod.o)
                0x08000288                __aeabi_uldivmod
 .text          0x080002b8      0x34c C:/NewFiles/STM32CubeIDE_2.1.0/STM32CubeIDE/plugins/com.st.stm32cube.ide.mcu.externaltools.gnu-tools-for-stm32.14.3.rel1.win32_1.0.100.202602081740/tools/bin/../lib/gcc/arm-none-eabi/14.3.1/thumb/v8-m.main+fp/hard\libgcc.a(_udivmoddi4.o)
                0x080002b8                __udivmoddi4
 .text          0x08000604        0x4 C:/NewFiles/STM32CubeIDE_2.1.0/STM32CubeIDE/plugins/com.st.stm32cube.ide.mcu.externaltools.gnu-tools-for-stm32.14.3.rel1.win32_1.0.100.202602081740/tools/bin/../lib/gcc/arm-none-eabi/14.3.1/thumb/v8-m.main+fp/hard\libgcc.a(_dvmd_tls.o)
                0x08000604                __aeabi_idiv0
                0x08000604                __aeabi_ldiv0
 *(.text*)
 .text.GetBufferLength
                0x08000608       0x34 ./Core/Src/app/Receive.o
 .text.is_command_frame
                0x0800063c       0x4e ./Core/Src/app/Receive.o
 *fill*         0x0800068a        0x2 
 .text.handle_text_data
                0x0800068c       0x84 ./Core/Src/app/Receive.o
 .text.HAL_UART_RxCpltCallback
                0x08000710       0x78 ./Core/Src/app/Receive.o
                0x08000710                HAL_UART_RxCpltCallback
 .text.uart_GetDate
                0x08000788       0xd4 ./Core/Src/app/Receive.o
                0x08000788                uart_GetDate
 .text.app_printer_process_rx
                0x0800085c        0xc ./Core/Src/app/app_printer.o
                0x0800085c                app_printer_process_rx
 .text.app_printer_wait_print_task
                0x08000868        0xc ./Core/Src/app/app_printer.o
                0x08000868                app_printer_wait_print_task
 .text.app_printer_init
                0x08000874       0x34 ./Core/Src/app/app_printer.o
                0x08000874                app_printer_init
 .text.normalize_printable_char
                0x080008a8       0x2c ./Core/Src/app/dotmatrix_converter_debug.o
 .text.normalize_debug_display_char
                0x080008d4       0x34 ./Core/Src/app/dotmatrix_converter_debug.o
 .text.get_font_char_ptr
                0x08000908       0x34 ./Core/Src/app/dotmatrix_converter_debug.o
 .text.load_font_bits_16x16
                0x0800093c       0x62 ./Core/Src/app/dotmatrix_converter_debug.o
 .text.dilate_font_bits_16x16
                0x0800099e      0x126 ./Core/Src/app/dotmatrix_converter_debug.o
 .text.fill_zero_row
                0x08000ac4       0x3e ./Core/Src/app/dotmatrix_converter_debug.o
 .text.write_char_bits_to_row
                0x08000b02       0x6c ./Core/Src/app/dotmatrix_converter_debug.o
 *fill*         0x08000b6e        0x2 
 .text.dm_print_string_debug
                0x08000b70      0x280 ./Core/Src/app/dotmatrix_converter_debug.o
                0x08000b70                dm_print_string_debug
 .text.dm_print_string_with_settings
                0x08000df0      0x5d4 ./Core/Src/app/dotmatrix_converter_debug.o
                0x08000df0                dm_print_string_with_settings
 .text.settings_lock
                0x080013c4       0x44 ./Core/Src/app/escpos_commands.o
 .text.settings_unlock
                0x08001408       0x28 ./Core/Src/app/escpos_commands.o
 .text.printer_clear_text_buffer
                0x08001430       0x28 ./Core/Src/app/escpos_commands.o
 .text.printer_settings_reset_default_unlocked
                0x08001458       0x30 ./Core/Src/app/escpos_commands.o
 .text.printer_settings_set_alignment
                0x08001488       0x30 ./Core/Src/app/escpos_commands.o
 .text.printer_settings_set_line_spacing
                0x080014b8       0x30 ./Core/Src/app/escpos_commands.o
 .text.printer_settings_set_margin_left
                0x080014e8       0x30 ./Core/Src/app/escpos_commands.o
 .text.printer_settings_set_margin_right
                0x08001518       0x30 ./Core/Src/app/escpos_commands.o
 .text.printer_settings_set_scale
                0x08001548       0x44 ./Core/Src/app/escpos_commands.o
 .text.printer_reset_to_default
                0x0800158c       0x34 ./Core/Src/app/escpos_commands.o
 .text.log_command_frame
                0x080015c0       0x58 ./Core/Src/app/escpos_commands.o
 .text.parse_alignment_value
                0x08001618       0x4e ./Core/Src/app/escpos_commands.o
 *fill*         0x08001666        0x2 
 .text.printer_bind_print_task
                0x08001668       0x20 ./Core/Src/app/escpos_commands.o
                0x08001668                printer_bind_print_task
 .text.printer_bind_print_semaphore
                0x08001688       0x20 ./Core/Src/app/escpos_commands.o
                0x08001688                printer_bind_print_semaphore
 .text.printer_bind_settings_mutex
                0x080016a8       0x20 ./Core/Src/app/escpos_commands.o
                0x080016a8                printer_bind_settings_mutex
 .text.printer_copy_settings_snapshot
                0x080016c8       0x40 ./Core/Src/app/escpos_commands.o
                0x080016c8                printer_copy_settings_snapshot
 .text.printer_request_execute
                0x08001708       0x44 ./Core/Src/app/escpos_commands.o
                0x08001708                printer_request_execute
 .text.printer_consume_execute_request
                0x0800174c       0x28 ./Core/Src/app/escpos_commands.o
                0x0800174c                printer_consume_execute_request
 .text.printer_execute_buffer
                0x08001774       0x60 ./Core/Src/app/escpos_commands.o
                0x08001774                printer_execute_buffer
 .text.printer_process_execute_request
                0x080017d4       0x16 ./Core/Src/app/escpos_commands.o
                0x080017d4                printer_process_execute_request
 *fill*         0x080017ea        0x2 
 .text.printer_wait_and_process_execute_request
                0x080017ec       0x74 ./Core/Src/app/escpos_commands.o
                0x080017ec                printer_wait_and_process_execute_request
 .text.handle_escpos_command
                0x08001860      0x250 ./Core/Src/app/escpos_commands.o
                0x08001860                handle_escpos_command
 .text.print_buffer_lock
                0x08001ab0       0x44 ./Core/Src/app/print_buffer.o
 .text.print_buffer_unlock
                0x08001af4       0x28 ./Core/Src/app/print_buffer.o
 .text.print_buffer_bind_mutex
                0x08001b1c       0x20 ./Core/Src/app/print_buffer.o
                0x08001b1c                print_buffer_bind_mutex
 .text.print_buffer_init
                0x08001b3c        0xc ./Core/Src/app/print_buffer.o
                0x08001b3c                print_buffer_init
 .text.print_buffer_clear
                0x08001b48       0x34 ./Core/Src/app/print_buffer.o
                0x08001b48                print_buffer_clear
 .text.print_buffer_append_text
                0x08001b7c       0x88 ./Core/Src/app/print_buffer.o
                0x08001b7c                print_buffer_append_text
 .text.print_buffer_get_length
                0x08001c04       0x34 ./Core/Src/app/print_buffer.o
                0x08001c04                print_buffer_get_length
 .text.print_buffer_take_snapshot_and_clear
                0x08001c38       0x98 ./Core/Src/app/print_buffer.o
                0x08001c38                print_buffer_take_snapshot_and_clear
 .text.printer_output_uart2_send_raw
                0x08001cd0       0x34 ./Core/Src/app/printer_output.o
 .text.printer_output_send_buffer
                0x08001d04       0x1e ./Core/Src/app/printer_output.o
                0x08001d04                printer_output_send_buffer
 .text.printer_output_send_text
                0x08001d22       0x2a ./Core/Src/app/printer_output.o
                0x08001d22                printer_output_send_text
 .text.printer_output_frame_begin
                0x08001d4c       0x4c ./Core/Src/app/printer_output.o
                0x08001d4c                printer_output_frame_begin
 .text.printer_output_frame_row_bits
                0x08001d98       0x34 ./Core/Src/app/printer_output.o
                0x08001d98                printer_output_frame_row_bits
 .text.printer_output_frame_end
                0x08001dcc       0x14 ./Core/Src/app/printer_output.o
                0x08001dcc                printer_output_frame_end
 .text.MX_FREERTOS_Init
                0x08001de0      0x130 ./Core/Src/app_freertos.o
                0x08001de0                MX_FREERTOS_Init
 .text.StartDefaultTask
                0x08001f10       0x12 ./Core/Src/app_freertos.o
                0x08001f10                StartDefaultTask
 .text.StartRxProcessTask
                0x08001f22       0x16 ./Core/Src/app_freertos.o
 .text.StartPrintTask
                0x08001f38        0xe ./Core/Src/app_freertos.o
 *fill*         0x08001f46        0x2 
 .text.MX_GPIO_Init
                0x08001f48       0x88 ./Core/Src/gpio.o
                0x08001f48                MX_GPIO_Init
 .text.main     0x08001fd0       0x2c ./Core/Src/main.o
                0x08001fd0                main
 .text.SystemClock_Config
                0x08001ffc       0x92 ./Core/Src/main.o
                0x08001ffc                SystemClock_Config
 *fill*         0x0800208e        0x2 
 .text.HAL_TIM_PeriodElapsedCallback
                0x08002090       0x24 ./Core/Src/main.o
                0x08002090                HAL_TIM_PeriodElapsedCallback
 .text.Error_Handler
                0x080020b4        0xc ./Core/Src/main.o
                0x080020b4                Error_Handler
 .text.HAL_MspInit
                0x080020c0       0x3c ./Core/Src/stm32u5xx_hal_msp.o
                0x080020c0                HAL_MspInit
 .text.HAL_InitTick
                0x080020fc       0xe0 ./Core/Src/stm32u5xx_hal_timebase_tim.o
                0x080020fc                HAL_InitTick
 .text.NMI_Handler
                0x080021dc        0x8 ./Core/Src/stm32u5xx_it.o
                0x080021dc                NMI_Handler
 .text.HardFault_Handler
                0x080021e4        0x8 ./Core/Src/stm32u5xx_it.o
                0x080021e4                HardFault_Handler
 .text.MemManage_Handler
                0x080021ec        0x8 ./Core/Src/stm32u5xx_it.o
                0x080021ec                MemManage_Handler
 .text.BusFault_Handler
                0x080021f4        0x8 ./Core/Src/stm32u5xx_it.o
                0x080021f4                BusFault_Handler
 .text.UsageFault_Handler
                0x080021fc        0x8 ./Core/Src/stm32u5xx_it.o
                0x080021fc                UsageFault_Handler
 .text.DebugMon_Handler
                0x08002204        0xe ./Core/Src/stm32u5xx_it.o
                0x08002204                DebugMon_Handler
 *fill*         0x08002212        0x2 
 .text.TIM6_IRQHandler
                0x08002214       0x14 ./Core/Src/stm32u5xx_it.o
                0x08002214                TIM6_IRQHandler
 .text.USART1_IRQHandler
                0x08002228       0x14 ./Core/Src/stm32u5xx_it.o
                0x08002228                USART1_IRQHandler
 .text._sbrk    0x0800223c       0x6c ./Core/Src/sysmem.o
                0x0800223c                _sbrk
 .text.SystemInit
                0x080022a8       0x70 ./Core/Src/system_stm32u5xx.o
                0x080022a8                SystemInit
 .text.MX_USART1_UART_Init
                0x08002318       0xa0 ./Core/Src/usart.o
                0x08002318                MX_USART1_UART_Init
 .text.MX_USART2_UART_Init
                0x080023b8       0x98 ./Core/Src/usart.o
                0x080023b8                MX_USART2_UART_Init
 .text.HAL_UART_MspInit
                0x08002450      0x17c ./Core/Src/usart.o
                0x08002450                HAL_UART_MspInit
 .text.log_bind_uart1_mutex
                0x080025cc       0x20 ./Core/Src/log/myprintf.o
                0x080025cc                log_bind_uart1_mutex
 .text.log_uart1_send
                0x080025ec       0x80 ./Core/Src/log/myprintf.o
 .text.log_printf
                0x0800266c       0x4a ./Core/Src/log/myprintf.o
                0x0800266c                log_printf
 *fill*         0x080026b6        0x2 
 .text.log_info
                0x080026b8       0x5c ./Core/Src/log/myprintf.o
                0x080026b8                log_info
 .text.log_error
                0x08002714       0x5c ./Core/Src/log/myprintf.o
                0x08002714                log_error
 .text.log_debug
                0x08002770       0x5c ./Core/Src/log/myprintf.o
                0x08002770                log_debug
 .text.Reset_Handler
                0x080027cc       0x50 ./Core/Startup/startup_stm32u575zitxq.o
                0x080027cc                Reset_Handler
 .text.Default_Handler
                0x0800281c        0x2 ./Core/Startup/startup_stm32u575zitxq.o
                0x0800281c                EXTI2_IRQHandler
                0x0800281c                TIM8_TRG_COM_IRQHandler
                0x0800281c                TIM8_CC_IRQHandler
                0x0800281c                EXTI5_IRQHandler
                0x0800281c                FLASH_S_IRQHandler
                0x0800281c                EXTI13_IRQHandler
                0x0800281c                TIM1_CC_IRQHandler
                0x0800281c                TSC_IRQHandler
                0x0800281c                TAMP_IRQHandler
                0x0800281c                EXTI12_IRQHandler
                0x0800281c                CORDIC_IRQHandler
                0x0800281c                EXTI3_IRQHandler
                0x0800281c                LPTIM4_IRQHandler
                0x0800281c                GPDMA1_Channel5_IRQHandler
                0x0800281c                EXTI8_IRQHandler
                0x0800281c                LPTIM2_IRQHandler
                0x0800281c                I2C3_ER_IRQHandler
                0x0800281c                PWR_S3WU_IRQHandler
                0x0800281c                MDF1_FLT2_IRQHandler
                0x0800281c                LPDMA1_Channel3_IRQHandler
                0x0800281c                LPTIM3_IRQHandler
                0x0800281c                EXTI0_IRQHandler
                0x0800281c                I2C2_EV_IRQHandler
                0x0800281c                FPU_IRQHandler
                0x0800281c                GPDMA1_Channel3_IRQHandler
                0x0800281c                GPDMA1_Channel7_IRQHandler
                0x0800281c                MDF1_FLT4_IRQHandler
                0x0800281c                FDCAN1_IT1_IRQHandler
                0x0800281c                RAMCFG_IRQHandler
                0x0800281c                GPDMA1_Channel9_IRQHandler
                0x0800281c                DCACHE1_IRQHandler
                0x0800281c                SPI1_IRQHandler
                0x0800281c                OCTOSPI1_IRQHandler
                0x0800281c                GPDMA1_Channel2_IRQHandler
                0x0800281c                TIM8_UP_IRQHandler
                0x0800281c                RCC_S_IRQHandler
                0x0800281c                OCTOSPI2_IRQHandler
                0x0800281c                SAI2_IRQHandler
                0x0800281c                MDF1_FLT1_IRQHandler
                0x0800281c                ADC1_IRQHandler
                0x0800281c                MDF1_FLT5_IRQHandler
                0x0800281c                EXTI15_IRQHandler
                0x0800281c                TIM17_IRQHandler
                0x0800281c                USART3_IRQHandler
                0x0800281c                RTC_IRQHandler
                0x0800281c                EXTI9_IRQHandler
                0x0800281c                UART5_IRQHandler
                0x0800281c                TIM4_IRQHandler
                0x0800281c                I2C1_EV_IRQHandler
                0x0800281c                GPDMA1_Channel12_IRQHandler
                0x0800281c                GPDMA1_Channel1_IRQHandler
                0x0800281c                TIM16_IRQHandler
                0x0800281c                GPDMA1_Channel15_IRQHandler
                0x0800281c                UART4_IRQHandler
                0x0800281c                SecureFault_Handler
                0x0800281c                TIM3_IRQHandler
                0x0800281c                RCC_IRQHandler
                0x0800281c                TIM1_TRG_COM_IRQHandler
                0x0800281c                Default_Handler
                0x0800281c                GPDMA1_Channel8_IRQHandler
                0x0800281c                FMAC_IRQHandler
                0x0800281c                GPDMA1_Channel11_IRQHandler
                0x0800281c                TIM7_IRQHandler
                0x0800281c                SDMMC1_IRQHandler
                0x0800281c                TIM5_IRQHandler
                0x0800281c                UCPD1_IRQHandler
                0x0800281c                GPDMA1_Channel0_IRQHandler
                0x0800281c                TIM15_IRQHandler
                0x0800281c                I2C3_EV_IRQHandler
                0x0800281c                LPDMA1_Channel0_IRQHandler
                0x0800281c                PVD_PVM_IRQHandler
                0x0800281c                SPI2_IRQHandler
                0x0800281c                LPDMA1_Channel1_IRQHandler
                0x0800281c                EXTI14_IRQHandler
                0x0800281c                EXTI11_IRQHandler
                0x0800281c                CRS_IRQHandler
                0x0800281c                GPDMA1_Channel14_IRQHandler
                0x0800281c                LSECSSD_IRQHandler
                0x0800281c                EXTI4_IRQHandler
                0x0800281c                RTC_S_IRQHandler
                0x0800281c                GPDMA1_Channel13_IRQHandler
                0x0800281c                RNG_IRQHandler
                0x0800281c                COMP_IRQHandler
                0x0800281c                TIM1_UP_IRQHandler
                0x0800281c                ADC4_IRQHandler
                0x0800281c                WWDG_IRQHandler
                0x0800281c                I2C4_EV_IRQHandler
                0x0800281c                ADF1_IRQHandler
                0x0800281c                IWDG_IRQHandler
                0x0800281c                LPUART1_IRQHandler
                0x0800281c                MDF1_FLT0_IRQHandler
                0x0800281c                FDCAN1_IT0_IRQHandler
                0x0800281c                TIM2_IRQHandler
                0x0800281c                GPDMA1_Channel4_IRQHandler
                0x0800281c                EXTI7_IRQHandler
                0x0800281c                DMA2D_IRQHandler
                0x0800281c                TIM1_BRK_IRQHandler
                0x0800281c                EXTI1_IRQHandler
                0x0800281c                SDMMC2_IRQHandler
                0x0800281c                DAC1_IRQHandler
                0x0800281c                GTZC_IRQHandler
                0x0800281c                MDF1_FLT3_IRQHandler
                0x0800281c                USART2_IRQHandler
                0x0800281c                GPDMA1_Channel6_IRQHandler
                0x0800281c                I2C2_ER_IRQHandler
                0x0800281c                TIM8_BRK_IRQHandler
                0x0800281c                FLASH_IRQHandler
                0x0800281c                EXTI10_IRQHandler
                0x0800281c                OTG_FS_IRQHandler
                0x0800281c                SPI3_IRQHandler
                0x0800281c                LPDMA1_Channel2_IRQHandler
                0x0800281c                I2C1_ER_IRQHandler
                0x0800281c                FMC_IRQHandler
                0x0800281c                EXTI6_IRQHandler
                0x0800281c                LPTIM1_IRQHandler
                0x0800281c                DCMI_PSSI_IRQHandler
                0x0800281c                I2C4_ER_IRQHandler
                0x0800281c                GPDMA1_Channel10_IRQHandler
                0x0800281c                ICACHE_IRQHandler
                0x0800281c                SAI1_IRQHandler
                0x0800281c                HASH_IRQHandler
 *fill*         0x0800281e        0x2 
 .text.HAL_Init
                0x08002820       0x60 ./Drivers/STM32U5xx_HAL_Driver/Src/stm32u5xx_hal.o
                0x08002820                HAL_Init
 .text.HAL_IncTick
                0x08002880       0x28 ./Drivers/STM32U5xx_HAL_Driver/Src/stm32u5xx_hal.o
                0x08002880                HAL_IncTick
 .text.HAL_GetTick
                0x080028a8       0x18 ./Drivers/STM32U5xx_HAL_Driver/Src/stm32u5xx_hal.o
                0x080028a8                HAL_GetTick
 .text.__NVIC_SetPriorityGrouping
                0x080028c0       0x48 ./Drivers/STM32U5xx_HAL_Driver/Src/stm32u5xx_hal_cortex.o
 .text.__NVIC_GetPriorityGrouping
                0x08002908       0x1c ./Drivers/STM32U5xx_HAL_Driver/Src/stm32u5xx_hal_cortex.o
 .text.__NVIC_EnableIRQ
                0x08002924       0x3c ./Drivers/STM32U5xx_HAL_Driver/Src/stm32u5xx_hal_cortex.o
 .text.__NVIC_SetPriority
                0x08002960       0x54 ./Drivers/STM32U5xx_HAL_Driver/Src/stm32u5xx_hal_cortex.o
 .text.NVIC_EncodePriority
                0x080029b4       0x66 ./Drivers/STM32U5xx_HAL_Driver/Src/stm32u5xx_hal_cortex.o
 .text.HAL_NVIC_SetPriorityGrouping
                0x08002a1a       0x16 ./Drivers/STM32U5xx_HAL_Driver/Src/stm32u5xx_hal_cortex.o
                0x08002a1a                HAL_NVIC_SetPriorityGrouping
 .text.HAL_NVIC_SetPriority
                0x08002a30       0x34 ./Drivers/STM32U5xx_HAL_Driver/Src/stm32u5xx_hal_cortex.o
                0x08002a30                HAL_NVIC_SetPriority
 .text.HAL_NVIC_EnableIRQ
                0x08002a64       0x1c ./Drivers/STM32U5xx_HAL_Driver/Src/stm32u5xx_hal_cortex.o
                0x08002a64                HAL_NVIC_EnableIRQ
 .text.HAL_SYSTICK_CLKSourceConfig
                0x08002a80       0xb0 ./Drivers/STM32U5xx_HAL_Driver/Src/stm32u5xx_hal_cortex.o
                0x08002a80                HAL_SYSTICK_CLKSourceConfig
 .text.HAL_DMA_Abort
                0x08002b30       0xf8 ./Drivers/STM32U5xx_HAL_Driver/Src/stm32u5xx_hal_dma.o
                0x08002b30                HAL_DMA_Abort
 .text.HAL_DMA_Abort_IT
                0x08002c28       0x52 ./Drivers/STM32U5xx_HAL_Driver/Src/stm32u5xx_hal_dma.o
                0x08002c28                HAL_DMA_Abort_IT
 *fill*         0x08002c7a        0x2 
 .text.HAL_GPIO_Init
                0x08002c7c      0x3c0 ./Drivers/STM32U5xx_HAL_Driver/Src/stm32u5xx_hal_gpio.o
                0x08002c7c                HAL_GPIO_Init
 .text.HAL_GPIO_WritePin
                0x0800303c       0x30 ./Drivers/STM32U5xx_HAL_Driver/Src/stm32u5xx_hal_gpio.o
                0x0800303c                HAL_GPIO_WritePin
 .text.HAL_PWREx_ControlVoltageScaling
                0x0800306c       0xfc ./Drivers/STM32U5xx_HAL_Driver/Src/stm32u5xx_hal_pwr_ex.o
                0x0800306c                HAL_PWREx_ControlVoltageScaling
 .text.HAL_PWREx_GetVoltageRange
                0x08003168       0x1c ./Drivers/STM32U5xx_HAL_Driver/Src/stm32u5xx_hal_pwr_ex.o
                0x08003168                HAL_PWREx_GetVoltageRange
 .text.HAL_RCC_OscConfig
                0x08003184      0xdb8 ./Drivers/STM32U5xx_HAL_Driver/Src/stm32u5xx_hal_rcc.o
                0x08003184                HAL_RCC_OscConfig
 .text.HAL_RCC_ClockConfig
                0x08003f3c      0x3e4 ./Drivers/STM32U5xx_HAL_Driver/Src/stm32u5xx_hal_rcc.o
                0x08003f3c                HAL_RCC_ClockConfig
 .text.HAL_RCC_GetSysClockFreq
                0x08004320      0x204 ./Drivers/STM32U5xx_HAL_Driver/Src/stm32u5xx_hal_rcc.o
                0x08004320                HAL_RCC_GetSysClockFreq
 .text.HAL_RCC_GetHCLKFreq
                0x08004524       0x34 ./Drivers/STM32U5xx_HAL_Driver/Src/stm32u5xx_hal_rcc.o
                0x08004524                HAL_RCC_GetHCLKFreq
 .text.HAL_RCC_GetPCLK1Freq
                0x08004558       0x28 ./Drivers/STM32U5xx_HAL_Driver/Src/stm32u5xx_hal_rcc.o
                0x08004558                HAL_RCC_GetPCLK1Freq
 .text.HAL_RCC_GetPCLK2Freq
                0x08004580       0x28 ./Drivers/STM32U5xx_HAL_Driver/Src/stm32u5xx_hal_rcc.o
                0x08004580                HAL_RCC_GetPCLK2Freq
 .text.HAL_RCC_GetPCLK3Freq
                0x080045a8       0x28 ./Drivers/STM32U5xx_HAL_Driver/Src/stm32u5xx_hal_rcc.o
                0x080045a8                HAL_RCC_GetPCLK3Freq
 .text.HAL_RCC_GetClockConfig
                0x080045d0       0x70 ./Drivers/STM32U5xx_HAL_Driver/Src/stm32u5xx_hal_rcc.o
                0x080045d0                HAL_RCC_GetClockConfig
 .text.RCC_SetFlashLatencyFromMSIRange
                0x08004640      0x10c ./Drivers/STM32U5xx_HAL_Driver/Src/stm32u5xx_hal_rcc.o
 .text.HAL_RCCEx_PeriphCLKConfig
                0x0800474c      0xb48 ./Drivers/STM32U5xx_HAL_Driver/Src/stm32u5xx_hal_rcc_ex.o
                0x0800474c                HAL_RCCEx_PeriphCLKConfig
 .text.HAL_RCCEx_GetPLL1ClockFreq
                0x08005294      0x2b4 ./Drivers/STM32U5xx_HAL_Driver/Src/stm32u5xx_hal_rcc_ex.o
                0x08005294                HAL_RCCEx_GetPLL1ClockFreq
 .text.HAL_RCCEx_GetPLL2ClockFreq
                0x08005548      0x2b4 ./Drivers/STM32U5xx_HAL_Driver/Src/stm32u5xx_hal_rcc_ex.o
                0x08005548                HAL_RCCEx_GetPLL2ClockFreq
 .text.HAL_RCCEx_GetPLL3ClockFreq
                0x080057fc      0x2b4 ./Drivers/STM32U5xx_HAL_Driver/Src/stm32u5xx_hal_rcc_ex.o
                0x080057fc                HAL_RCCEx_GetPLL3ClockFreq
 .text.HAL_RCCEx_GetPeriphCLKFreq
                0x08005ab0     0x136c ./Drivers/STM32U5xx_HAL_Driver/Src/stm32u5xx_hal_rcc_ex.o
                0x08005ab0                HAL_RCCEx_GetPeriphCLKFreq
 .text.RCCEx_PLL2_Config
                0x08006e1c      0x130 ./Drivers/STM32U5xx_HAL_Driver/Src/stm32u5xx_hal_rcc_ex.o
 .text.RCCEx_PLL3_Config
                0x08006f4c      0x130 ./Drivers/STM32U5xx_HAL_Driver/Src/stm32u5xx_hal_rcc_ex.o
 .text.HAL_TIM_Base_Init
                0x0800707c       0xae ./Drivers/STM32U5xx_HAL_Driver/Src/stm32u5xx_hal_tim.o
                0x0800707c                HAL_TIM_Base_Init
 .text.HAL_TIM_Base_MspInit
                0x0800712a       0x14 ./Drivers/STM32U5xx_HAL_Driver/Src/stm32u5xx_hal_tim.o
                0x0800712a                HAL_TIM_Base_MspInit
 *fill*         0x0800713e        0x2 
 .text.HAL_TIM_Base_Start_IT
                0x08007140      0x140 ./Drivers/STM32U5xx_HAL_Driver/Src/stm32u5xx_hal_tim.o
                0x08007140                HAL_TIM_Base_Start_IT
 .text.HAL_TIM_IRQHandler
                0x08007280      0x29e ./Drivers/STM32U5xx_HAL_Driver/Src/stm32u5xx_hal_tim.o
                0x08007280                HAL_TIM_IRQHandler
 .text.HAL_TIM_OC_DelayElapsedCallback
                0x0800751e       0x14 ./Drivers/STM32U5xx_HAL_Driver/Src/stm32u5xx_hal_tim.o
                0x0800751e                HAL_TIM_OC_DelayElapsedCallback
 .text.HAL_TIM_IC_CaptureCallback
                0x08007532       0x14 ./Drivers/STM32U5xx_HAL_Driver/Src/stm32u5xx_hal_tim.o
                0x08007532                HAL_TIM_IC_CaptureCallback
 .text.HAL_TIM_PWM_PulseFinishedCallback
                0x08007546       0x14 ./Drivers/STM32U5xx_HAL_Driver/Src/stm32u5xx_hal_tim.o
                0x08007546                HAL_TIM_PWM_PulseFinishedCallback
 .text.HAL_TIM_TriggerCallback
                0x0800755a       0x14 ./Drivers/STM32U5xx_HAL_Driver/Src/stm32u5xx_hal_tim.o
                0x0800755a                HAL_TIM_TriggerCallback
 *fill*         0x0800756e        0x2 
 .text.TIM_Base_SetConfig
                0x08007570      0x200 ./Drivers/STM32U5xx_HAL_Driver/Src/stm32u5xx_hal_tim.o
                0x08007570                TIM_Base_SetConfig
 .text.HAL_TIMEx_CommutCallback
                0x08007770       0x14 ./Drivers/STM32U5xx_HAL_Driver/Src/stm32u5xx_hal_tim_ex.o
                0x08007770                HAL_TIMEx_CommutCallback
 .text.HAL_TIMEx_BreakCallback
                0x08007784       0x14 ./Drivers/STM32U5xx_HAL_Driver/Src/stm32u5xx_hal_tim_ex.o
                0x08007784                HAL_TIMEx_BreakCallback
 .text.HAL_TIMEx_Break2Callback
                0x08007798       0x14 ./Drivers/STM32U5xx_HAL_Driver/Src/stm32u5xx_hal_tim_ex.o
                0x08007798                HAL_TIMEx_Break2Callback
 .text.HAL_TIMEx_EncoderIndexCallback
                0x080077ac       0x14 ./Drivers/STM32U5xx_HAL_Driver/Src/stm32u5xx_hal_tim_ex.o
                0x080077ac                HAL_TIMEx_EncoderIndexCallback
 .text.HAL_TIMEx_DirectionChangeCallback
                0x080077c0       0x14 ./Drivers/STM32U5xx_HAL_Driver/Src/stm32u5xx_hal_tim_ex.o
                0x080077c0                HAL_TIMEx_DirectionChangeCallback
 .text.HAL_TIMEx_IndexErrorCallback
                0x080077d4       0x14 ./Drivers/STM32U5xx_HAL_Driver/Src/stm32u5xx_hal_tim_ex.o
                0x080077d4                HAL_TIMEx_IndexErrorCallback
 .text.HAL_TIMEx_TransitionErrorCallback
                0x080077e8       0x14 ./Drivers/STM32U5xx_HAL_Driver/Src/stm32u5xx_hal_tim_ex.o
                0x080077e8                HAL_TIMEx_TransitionErrorCallback
 .text.HAL_UART_Init
                0x080077fc       0xa0 ./Drivers/STM32U5xx_HAL_Driver/Src/stm32u5xx_hal_uart.o
                0x080077fc                HAL_UART_Init
 .text.HAL_UART_Transmit
                0x0800789c      0x13c ./Drivers/STM32U5xx_HAL_Driver/Src/stm32u5xx_hal_uart.o
                0x0800789c                HAL_UART_Transmit
 .text.HAL_UART_Receive_IT
                0x080079d8       0xc4 ./Drivers/STM32U5xx_HAL_Driver/Src/stm32u5xx_hal_uart.o
                0x080079d8                HAL_UART_Receive_IT
 .text.HAL_UART_IRQHandler
                0x08007a9c      0x5b0 ./Drivers/STM32U5xx_HAL_Driver/Src/stm32u5xx_hal_uart.o
                0x08007a9c                HAL_UART_IRQHandler
 .text.HAL_UART_TxCpltCallback
                0x0800804c       0x14 ./Drivers/STM32U5xx_HAL_Driver/Src/stm32u5xx_hal_uart.o
                0x0800804c                HAL_UART_TxCpltCallback
 .text.HAL_UART_ErrorCallback
                0x08008060       0x14 ./Drivers/STM32U5xx_HAL_Driver/Src/stm32u5xx_hal_uart.o
                0x08008060                HAL_UART_ErrorCallback
 .text.HAL_UARTEx_RxEventCallback
                0x08008074       0x18 ./Drivers/STM32U5xx_HAL_Driver/Src/stm32u5xx_hal_uart.o
                0x08008074                HAL_UARTEx_RxEventCallback
 .text.UART_SetConfig
                0x0800808c      0x344 ./Drivers/STM32U5xx_HAL_Driver/Src/stm32u5xx_hal_uart.o
                0x0800808c                UART_SetConfig
 .text.UART_AdvFeatureConfig
                0x080083d0      0x144 ./Drivers/STM32U5xx_HAL_Driver/Src/stm32u5xx_hal_uart.o
                0x080083d0                UART_AdvFeatureConfig
 .text.UART_CheckIdleState
                0x08008514      0x154 ./Drivers/STM32U5xx_HAL_Driver/Src/stm32u5xx_hal_uart.o
                0x08008514                UART_CheckIdleState
 .text.UART_WaitOnFlagUntilTimeout
                0x08008668       0xda ./Drivers/STM32U5xx_HAL_Driver/Src/stm32u5xx_hal_uart.o
                0x08008668                UART_WaitOnFlagUntilTimeout
 *fill*         0x08008742        0x2 
 .text.UART_Start_Receive_IT
                0x08008744      0x244 ./Drivers/STM32U5xx_HAL_Driver/Src/stm32u5xx_hal_uart.o
                0x08008744                UART_Start_Receive_IT
 .text.UART_EndRxTransfer
                0x08008988       0xcc ./Drivers/STM32U5xx_HAL_Driver/Src/stm32u5xx_hal_uart.o
 .text.UART_DMAAbortOnError
                0x08008a54       0x24 ./Drivers/STM32U5xx_HAL_Driver/Src/stm32u5xx_hal_uart.o
 .text.UART_EndTransmit_IT
                0x08008a78       0x56 ./Drivers/STM32U5xx_HAL_Driver/Src/stm32u5xx_hal_uart.o
 *fill*         0x08008ace        0x2 
 .text.UART_RxISR_8BIT
                0x08008ad0      0x1c4 ./Drivers/STM32U5xx_HAL_Driver/Src/stm32u5xx_hal_uart.o
 .text.UART_RxISR_16BIT
                0x08008c94      0x1c4 ./Drivers/STM32U5xx_HAL_Driver/Src/stm32u5xx_hal_uart.o
 .text.UART_RxISR_8BIT_FIFOEN
                0x08008e58      0x370 ./Drivers/STM32U5xx_HAL_Driver/Src/stm32u5xx_hal_uart.o
 .text.UART_RxISR_16BIT_FIFOEN
                0x080091c8      0x378 ./Drivers/STM32U5xx_HAL_Driver/Src/stm32u5xx_hal_uart.o
 .text.HAL_UARTEx_RxFifoFullCallback
                0x08009540       0x14 ./Drivers/STM32U5xx_HAL_Driver/Src/stm32u5xx_hal_uart_ex.o
                0x08009540                HAL_UARTEx_RxFifoFullCallback
 .text.HAL_UARTEx_TxFifoEmptyCallback
                0x08009554       0x14 ./Drivers/STM32U5xx_HAL_Driver/Src/stm32u5xx_hal_uart_ex.o
                0x08009554                HAL_UARTEx_TxFifoEmptyCallback
 .text.HAL_UARTEx_DisableFifoMode
                0x08009568       0x72 ./Drivers/STM32U5xx_HAL_Driver/Src/stm32u5xx_hal_uart_ex.o
                0x08009568                HAL_UARTEx_DisableFifoMode
 .text.HAL_UARTEx_SetTxFifoThreshold
                0x080095da       0x7c ./Drivers/STM32U5xx_HAL_Driver/Src/stm32u5xx_hal_uart_ex.o
                0x080095da                HAL_UARTEx_SetTxFifoThreshold
 .text.HAL_UARTEx_SetRxFifoThreshold
                0x08009656       0x7c ./Drivers/STM32U5xx_HAL_Driver/Src/stm32u5xx_hal_uart_ex.o
                0x08009656                HAL_UARTEx_SetRxFifoThreshold
 *fill*         0x080096d2        0x2 
 .text.UARTEx_SetNbDataToProcess
                0x080096d4       0x9c ./Drivers/STM32U5xx_HAL_Driver/Src/stm32u5xx_hal_uart_ex.o
 .text.SysTick_Handler
                0x08009770       0x20 ./Middlewares/Third_Party/FreeRTOS/Source/CMSIS_RTOS_V2/cmsis_os2.o
                0x08009770                SysTick_Handler
 .text.IRQ_Context
                0x08009790       0x4e ./Middlewares/Third_Party/FreeRTOS/Source/CMSIS_RTOS_V2/cmsis_os2.o
 *fill*         0x080097de        0x2 
 .text.osKernelInitialize
                0x080097e0       0x4c ./Middlewares/Third_Party/FreeRTOS/Source/CMSIS_RTOS_V2/cmsis_os2.o
                0x080097e0                osKernelInitialize
 .text.osKernelGetState
                0x0800982c       0x44 ./Middlewares/Third_Party/FreeRTOS/Source/CMSIS_RTOS_V2/cmsis_os2.o
                0x0800982c                osKernelGetState
 .text.osKernelStart
                0x08009870       0x50 ./Middlewares/Third_Party/FreeRTOS/Source/CMSIS_RTOS_V2/cmsis_os2.o
                0x08009870                osKernelStart
 .text.osThreadNew
                0x080098c0      0x124 ./Middlewares/Third_Party/FreeRTOS/Source/CMSIS_RTOS_V2/cmsis_os2.o
                0x080098c0                osThreadNew
 .text.osThreadFlagsSet
                0x080099e4       0xa4 ./Middlewares/Third_Party/FreeRTOS/Source/CMSIS_RTOS_V2/cmsis_os2.o
                0x080099e4                osThreadFlagsSet
 .text.osThreadFlagsWait
                0x08009a88      0x142 ./Middlewares/Third_Party/FreeRTOS/Source/CMSIS_RTOS_V2/cmsis_os2.o
                0x08009a88                osThreadFlagsWait
 .text.osDelay  0x08009bca       0x34 ./Middlewares/Third_Party/FreeRTOS/Source/CMSIS_RTOS_V2/cmsis_os2.o
                0x08009bca                osDelay
 .text.osMutexNew
                0x08009bfe      0x10a ./Middlewares/Third_Party/FreeRTOS/Source/CMSIS_RTOS_V2/cmsis_os2.o
                0x08009bfe                osMutexNew
 .text.osMutexAcquire
                0x08009d08       0x94 ./Middlewares/Third_Party/FreeRTOS/Source/CMSIS_RTOS_V2/cmsis_os2.o
                0x08009d08                osMutexAcquire
 .text.osMutexRelease
                0x08009d9c       0x78 ./Middlewares/Third_Party/FreeRTOS/Source/CMSIS_RTOS_V2/cmsis_os2.o
                0x08009d9c                osMutexRelease
 .text.osSemaphoreNew
                0x08009e14      0x110 ./Middlewares/Third_Party/FreeRTOS/Source/CMSIS_RTOS_V2/cmsis_os2.o
                0x08009e14                osSemaphoreNew
 .text.osSemaphoreAcquire
                0x08009f24       0x98 ./Middlewares/Third_Party/FreeRTOS/Source/CMSIS_RTOS_V2/cmsis_os2.o
                0x08009f24                osSemaphoreAcquire
 .text.osSemaphoreRelease
                0x08009fbc       0x7c ./Middlewares/Third_Party/FreeRTOS/Source/CMSIS_RTOS_V2/cmsis_os2.o
                0x08009fbc                osSemaphoreRelease
 .text.vListInitialise
                0x0800a038       0x40 ./Middlewares/Third_Party/FreeRTOS/Source/list.o
                0x0800a038                vListInitialise
 .text.vListInitialiseItem
                0x0800a078       0x1a ./Middlewares/Third_Party/FreeRTOS/Source/list.o
                0x0800a078                vListInitialiseItem
 .text.vListInsert
                0x0800a092       0x72 ./Middlewares/Third_Party/FreeRTOS/Source/list.o
                0x0800a092                vListInsert
 .text.uxListRemove
                0x0800a104       0x54 ./Middlewares/Third_Party/FreeRTOS/Source/list.o
                0x0800a104                uxListRemove
 .text.xQueueGenericReset
                0x0800a158       0xf2 ./Middlewares/Third_Party/FreeRTOS/Source/queue.o
                0x0800a158                xQueueGenericReset
 .text.xQueueGenericCreateStatic
                0x0800a24a       0x92 ./Middlewares/Third_Party/FreeRTOS/Source/queue.o
                0x0800a24a                xQueueGenericCreateStatic
 .text.xQueueGenericCreate
                0x0800a2dc       0x96 ./Middlewares/Third_Party/FreeRTOS/Source/queue.o
                0x0800a2dc                xQueueGenericCreate
 .text.prvInitialiseNewQueue
                0x0800a372       0x46 ./Middlewares/Third_Party/FreeRTOS/Source/queue.o
 .text.prvInitialiseMutex
                0x0800a3b8       0x34 ./Middlewares/Third_Party/FreeRTOS/Source/queue.o
 .text.xQueueCreateMutex
                0x0800a3ec       0x30 ./Middlewares/Third_Party/FreeRTOS/Source/queue.o
                0x0800a3ec                xQueueCreateMutex
 .text.xQueueCreateMutexStatic
                0x0800a41c       0x36 ./Middlewares/Third_Party/FreeRTOS/Source/queue.o
                0x0800a41c                xQueueCreateMutexStatic
 .text.xQueueGiveMutexRecursive
                0x0800a452       0x5a ./Middlewares/Third_Party/FreeRTOS/Source/queue.o
                0x0800a452                xQueueGiveMutexRecursive
 .text.xQueueTakeMutexRecursive
                0x0800a4ac       0x5e ./Middlewares/Third_Party/FreeRTOS/Source/queue.o
                0x0800a4ac                xQueueTakeMutexRecursive
 .text.xQueueCreateCountingSemaphoreStatic
                0x0800a50a       0x56 ./Middlewares/Third_Party/FreeRTOS/Source/queue.o
                0x0800a50a                xQueueCreateCountingSemaphoreStatic
 .text.xQueueCreateCountingSemaphore
                0x0800a560       0x4e ./Middlewares/Third_Party/FreeRTOS/Source/queue.o
                0x0800a560                xQueueCreateCountingSemaphore
 .text.xQueueGenericSend
                0x0800a5ae      0x19a ./Middlewares/Third_Party/FreeRTOS/Source/queue.o
                0x0800a5ae                xQueueGenericSend
 .text.xQueueGiveFromISR
                0x0800a748       0xf0 ./Middlewares/Third_Party/FreeRTOS/Source/queue.o
                0x0800a748                xQueueGiveFromISR
 .text.xQueueReceive
                0x0800a838      0x178 ./Middlewares/Third_Party/FreeRTOS/Source/queue.o
                0x0800a838                xQueueReceive
 .text.xQueueSemaphoreTake
                0x0800a9b0      0x1b4 ./Middlewares/Third_Party/FreeRTOS/Source/queue.o
                0x0800a9b0                xQueueSemaphoreTake
 .text.xQueueReceiveFromISR
                0x0800ab64       0xe4 ./Middlewares/Third_Party/FreeRTOS/Source/queue.o
                0x0800ab64                xQueueReceiveFromISR
 .text.vQueueDelete
                0x0800ac48       0x38 ./Middlewares/Third_Party/FreeRTOS/Source/queue.o
                0x0800ac48                vQueueDelete
 .text.prvGetHighestPriorityOfWaitToReceiveList
                0x0800ac80       0x30 ./Middlewares/Third_Party/FreeRTOS/Source/queue.o
 .text.prvCopyDataToQueue
                0x0800acb0       0xd4 ./Middlewares/Third_Party/FreeRTOS/Source/queue.o
 .text.prvCopyDataFromQueue
                0x0800ad84       0x4c ./Middlewares/Third_Party/FreeRTOS/Source/queue.o
 .text.prvUnlockQueue
                0x0800add0       0xa4 ./Middlewares/Third_Party/FreeRTOS/Source/queue.o
 .text.prvIsQueueEmpty
                0x0800ae74       0x2c ./Middlewares/Third_Party/FreeRTOS/Source/queue.o
 .text.prvIsQueueFull
                0x0800aea0       0x30 ./Middlewares/Third_Party/FreeRTOS/Source/queue.o
 .text.vQueueAddToRegistry
                0x0800aed0       0x8c ./Middlewares/Third_Party/FreeRTOS/Source/queue.o
                0x0800aed0                vQueueAddToRegistry
 .text.vQueueUnregisterQueue
                0x0800af5c       0x60 ./Middlewares/Third_Party/FreeRTOS/Source/queue.o
                0x0800af5c                vQueueUnregisterQueue
 .text.vQueueWaitForMessageRestricted
                0x0800afbc       0x68 ./Middlewares/Third_Party/FreeRTOS/Source/queue.o
                0x0800afbc                vQueueWaitForMessageRestricted
 .text.prvCreateStaticTask
                0x0800b024       0x92 ./Middlewares/Third_Party/FreeRTOS/Source/tasks.o
 .text.xTaskCreateStatic
                0x0800b0b6       0x48 ./Middlewares/Third_Party/FreeRTOS/Source/tasks.o
                0x0800b0b6                xTaskCreateStatic
 .text.prvCreateTask
                0x0800b0fe       0x80 ./Middlewares/Third_Party/FreeRTOS/Source/tasks.o
 .text.xTaskCreate
                0x0800b17e       0x46 ./Middlewares/Third_Party/FreeRTOS/Source/tasks.o
                0x0800b17e                xTaskCreate
 .text.prvInitialiseNewTask
                0x0800b1c4      0x104 ./Middlewares/Third_Party/FreeRTOS/Source/tasks.o
 .text.prvAddNewTaskToReadyList
                0x0800b2c8      0x124 ./Middlewares/Third_Party/FreeRTOS/Source/tasks.o
 .text.vTaskDelay
                0x0800b3ec       0x4c ./Middlewares/Third_Party/FreeRTOS/Source/tasks.o
                0x0800b3ec                vTaskDelay
 .text.prvCreateIdleTasks
                0x0800b438       0xec ./Middlewares/Third_Party/FreeRTOS/Source/tasks.o
 .text.vTaskStartScheduler
                0x0800b524       0x68 ./Middlewares/Third_Party/FreeRTOS/Source/tasks.o
                0x0800b524                vTaskStartScheduler
 .text.vTaskSuspendAll
                0x0800b58c       0x1c ./Middlewares/Third_Party/FreeRTOS/Source/tasks.o
                0x0800b58c                vTaskSuspendAll
 .text.xTaskResumeAll
                0x0800b5a8      0x1f4 ./Middlewares/Third_Party/FreeRTOS/Source/tasks.o
                0x0800b5a8                xTaskResumeAll
 .text.xTaskGetTickCount
                0x0800b79c       0x20 ./Middlewares/Third_Party/FreeRTOS/Source/tasks.o
                0x0800b79c                xTaskGetTickCount
 .text.uxTaskGetNumberOfTasks
                0x0800b7bc       0x18 ./Middlewares/Third_Party/FreeRTOS/Source/tasks.o
                0x0800b7bc                uxTaskGetNumberOfTasks
 .text.xTaskIncrementTick
                0x0800b7d4      0x224 ./Middlewares/Third_Party/FreeRTOS/Source/tasks.o
                0x0800b7d4                xTaskIncrementTick
 .text.vTaskSwitchContext
                0x0800b9f8       0xac ./Middlewares/Third_Party/FreeRTOS/Source/tasks.o
                0x0800b9f8                vTaskSwitchContext
 .text.vTaskPlaceOnEventList
                0x0800baa4       0x3c ./Middlewares/Third_Party/FreeRTOS/Source/tasks.o
                0x0800baa4                vTaskPlaceOnEventList
 .text.vTaskPlaceOnEventListRestricted
                0x0800bae0       0x7c ./Middlewares/Third_Party/FreeRTOS/Source/tasks.o
                0x0800bae0                vTaskPlaceOnEventListRestricted
 .text.xTaskRemoveFromEventList
                0x0800bb5c      0x1a0 ./Middlewares/Third_Party/FreeRTOS/Source/tasks.o
                0x0800bb5c                xTaskRemoveFromEventList
 .text.vTaskInternalSetTimeOutState
                0x0800bcfc       0x2c ./Middlewares/Third_Party/FreeRTOS/Source/tasks.o
                0x0800bcfc                vTaskInternalSetTimeOutState
 .text.xTaskCheckForTimeOut
                0x0800bd28       0xd0 ./Middlewares/Third_Party/FreeRTOS/Source/tasks.o
                0x0800bd28                xTaskCheckForTimeOut
 .text.vTaskMissedYield
                0x0800bdf8       0x18 ./Middlewares/Third_Party/FreeRTOS/Source/tasks.o
                0x0800bdf8                vTaskMissedYield
 .text.prvIdleTask
                0x0800be10       0x20 ./Middlewares/Third_Party/FreeRTOS/Source/tasks.o
 .text.prvInitialiseTaskLists
                0x0800be30       0x80 ./Middlewares/Third_Party/FreeRTOS/Source/tasks.o
 .text.prvCheckTasksWaitingTermination
                0x0800beb0       0x5c ./Middlewares/Third_Party/FreeRTOS/Source/tasks.o
 .text.prvDeleteTCB
                0x0800bf0c       0x50 ./Middlewares/Third_Party/FreeRTOS/Source/tasks.o
 .text.prvResetNextTaskUnblockTime
                0x0800bf5c       0x38 ./Middlewares/Third_Party/FreeRTOS/Source/tasks.o
 .text.xTaskGetCurrentTaskHandle
                0x0800bf94       0x20 ./Middlewares/Third_Party/FreeRTOS/Source/tasks.o
                0x0800bf94                xTaskGetCurrentTaskHandle
 .text.xTaskGetSchedulerState
                0x0800bfb4       0x3c ./Middlewares/Third_Party/FreeRTOS/Source/tasks.o
                0x0800bfb4                xTaskGetSchedulerState
 .text.xTaskPriorityInherit
                0x0800bff0      0x124 ./Middlewares/Third_Party/FreeRTOS/Source/tasks.o
                0x0800bff0                xTaskPriorityInherit
 .text.xTaskPriorityDisinherit
                0x0800c114      0x114 ./Middlewares/Third_Party/FreeRTOS/Source/tasks.o
                0x0800c114                xTaskPriorityDisinherit
 .text.vTaskPriorityDisinheritAfterTimeout
                0x0800c228      0x13c ./Middlewares/Third_Party/FreeRTOS/Source/tasks.o
                0x0800c228                vTaskPriorityDisinheritAfterTimeout
 .text.pvTaskIncrementMutexHeldCount
                0x0800c364       0x30 ./Middlewares/Third_Party/FreeRTOS/Source/tasks.o
                0x0800c364                pvTaskIncrementMutexHeldCount
 .text.xTaskGenericNotifyWait
                0x0800c394      0x120 ./Middlewares/Third_Party/FreeRTOS/Source/tasks.o
                0x0800c394                xTaskGenericNotifyWait
 .text.xTaskGenericNotify
                0x0800c4b4      0x208 ./Middlewares/Third_Party/FreeRTOS/Source/tasks.o
                0x0800c4b4                xTaskGenericNotify
 .text.xTaskGenericNotifyFromISR
                0x0800c6bc      0x274 ./Middlewares/Third_Party/FreeRTOS/Source/tasks.o
                0x0800c6bc                xTaskGenericNotifyFromISR
 .text.prvAddCurrentTaskToDelayedList
                0x0800c930       0xec ./Middlewares/Third_Party/FreeRTOS/Source/tasks.o
 .text.vApplicationGetIdleTaskMemory
                0x0800ca1c       0x34 ./Middlewares/Third_Party/FreeRTOS/Source/tasks.o
                0x0800ca1c                vApplicationGetIdleTaskMemory
 .text.vApplicationGetTimerTaskMemory
                0x0800ca50       0x34 ./Middlewares/Third_Party/FreeRTOS/Source/tasks.o
                0x0800ca50                vApplicationGetTimerTaskMemory
 .text.xTimerCreateTimerTask
                0x0800ca84       0x80 ./Middlewares/Third_Party/FreeRTOS/Source/timers.o
                0x0800ca84                xTimerCreateTimerTask
 .text.prvReloadTimer
                0x0800cb04       0x42 ./Middlewares/Third_Party/FreeRTOS/Source/timers.o
 *fill*         0x0800cb46        0x2 
 .text.prvProcessExpiredTimer
                0x0800cb48       0x60 ./Middlewares/Third_Party/FreeRTOS/Source/timers.o
 .text.prvTimerTask
                0x0800cba8       0x26 ./Middlewares/Third_Party/FreeRTOS/Source/timers.o
 *fill*         0x0800cbce        0x2 
 .text.prvProcessTimerOrBlockTask
                0x0800cbd0       0x8c ./Middlewares/Third_Party/FreeRTOS/Source/timers.o
 .text.prvGetNextExpireTime
                0x0800cc5c       0x48 ./Middlewares/Third_Party/FreeRTOS/Source/timers.o
 .text.prvSampleTimeNow
                0x0800cca4       0x40 ./Middlewares/Third_Party/FreeRTOS/Source/timers.o
 .text.prvInsertTimerInActiveList
                0x0800cce4       0x84 ./Middlewares/Third_Party/FreeRTOS/Source/timers.o
 .text.prvProcessReceivedCommands
                0x0800cd68      0x1b0 ./Middlewares/Third_Party/FreeRTOS/Source/timers.o
 .text.prvSwitchTimerLists
                0x0800cf18       0x4c ./Middlewares/Third_Party/FreeRTOS/Source/timers.o
 .text.prvCheckForValidListAndQueue
                0x0800cf64       0x80 ./Middlewares/Third_Party/FreeRTOS/Source/timers.o
 .text.vPortSetupTimerInterrupt
                0x0800cfe4       0x48 ./Middlewares/Third_Party/FreeRTOS/Source/portable/GCC/ARM_CM33_NTZ/non_secure/port.o
                0x0800cfe4                vPortSetupTimerInterrupt
 .text.prvTaskExitError
                0x0800d02c       0x38 ./Middlewares/Third_Party/FreeRTOS/Source/portable/GCC/ARM_CM33_NTZ/non_secure/port.o
 .text.vPortYield
                0x0800d064       0x24 ./Middlewares/Third_Party/FreeRTOS/Source/portable/GCC/ARM_CM33_NTZ/non_secure/port.o
                0x0800d064                vPortYield
 .text.vPortEnterCritical
                0x0800d088       0x24 ./Middlewares/Third_Party/FreeRTOS/Source/portable/GCC/ARM_CM33_NTZ/non_secure/port.o
                0x0800d088                vPortEnterCritical
 .text.vPortExitCritical
                0x0800d0ac       0x34 ./Middlewares/Third_Party/FreeRTOS/Source/portable/GCC/ARM_CM33_NTZ/non_secure/port.o
                0x0800d0ac                vPortExitCritical
 .text.xPortSysTickHandler
                0x0800d0e0       0x30 ./Middlewares/Third_Party/FreeRTOS/Source/portable/GCC/ARM_CM33_NTZ/non_secure/port.o
                0x0800d0e0                xPortSysTickHandler
 .text.vPortSVCHandler_C
                0x0800d110       0x32 ./Middlewares/Third_Party/FreeRTOS/Source/portable/GCC/ARM_CM33_NTZ/non_secure/port.o
                0x0800d110                vPortSVCHandler_C
 *fill*         0x0800d142        0x2 
 .text.pxPortInitialiseStack
                0x0800d144      0x114 ./Middlewares/Third_Party/FreeRTOS/Source/portable/GCC/ARM_CM33_NTZ/non_secure/port.o
                0x0800d144                pxPortInitialiseStack
 .text.xPortStartScheduler
                0x0800d258      0x12c ./Middlewares/Third_Party/FreeRTOS/Source/portable/GCC/ARM_CM33_NTZ/non_secure/port.o
                0x0800d258                xPortStartScheduler
 .text.vPortValidateInterruptPriority
                0x0800d384       0x60 ./Middlewares/Third_Party/FreeRTOS/Source/portable/GCC/ARM_CM33_NTZ/non_secure/port.o
                0x0800d384                vPortValidateInterruptPriority
 .text.vRestoreContextOfFirstTask
                0x0800d3e4       0x34 ./Middlewares/Third_Party/FreeRTOS/Source/portable/GCC/ARM_CM33_NTZ/non_secure/portasm.o
                0x0800d3e4                vRestoreContextOfFirstTask
 .text.vStartFirstTask
                0x0800d418       0x20 ./Middlewares/Third_Party/FreeRTOS/Source/portable/GCC/ARM_CM33_NTZ/non_secure/portasm.o
                0x0800d418                vStartFirstTask
 .text.ulSetInterruptMask
                0x0800d438       0x1a ./Middlewares/Third_Party/FreeRTOS/Source/portable/GCC/ARM_CM33_NTZ/non_secure/portasm.o
                0x0800d438                ulSetInterruptMask
 .text.vClearInterruptMask
                0x0800d452       0x10 ./Middlewares/Third_Party/FreeRTOS/Source/portable/GCC/ARM_CM33_NTZ/non_secure/portasm.o
                0x0800d452                vClearInterruptMask
 *fill*         0x0800d462        0x2 
 .text.PendSV_Handler
                0x0800d464       0x4c ./Middlewares/Third_Party/FreeRTOS/Source/portable/GCC/ARM_CM33_NTZ/non_secure/portasm.o
                0x0800d464                PendSV_Handler
 .text.SVC_Handler
                0x0800d4b0       0x18 ./Middlewares/Third_Party/FreeRTOS/Source/portable/GCC/ARM_CM33_NTZ/non_secure/portasm.o
                0x0800d4b0                SVC_Handler
 .text.pvPortMalloc
                0x0800d4c8      0x20c ./Middlewares/Third_Party/FreeRTOS/Source/portable/MemMang/heap_4.o
                0x0800d4c8                pvPortMalloc
 .text.vPortFree
                0x0800d6d4       0xbc ./Middlewares/Third_Party/FreeRTOS/Source/portable/MemMang/heap_4.o
                0x0800d6d4                vPortFree
 .text.prvHeapInit
                0x0800d790       0xb4 ./Middlewares/Third_Party/FreeRTOS/Source/portable/MemMang/heap_4.o
 .text.prvInsertBlockIntoFreeList
                0x0800d844       0xe0 ./Middlewares/Third_Party/FreeRTOS/Source/portable/MemMang/heap_4.o
 .text.snprintf
                0x0800d924       0x6c C:/NewFiles/STM32CubeIDE_2.1.0/STM32CubeIDE/plugins/com.st.stm32cube.ide.mcu.externaltools.gnu-tools-for-stm32.14.3.rel1.win32_1.0.100.202602081740/tools/bin/../lib/gcc/arm-none-eabi/14.3.1/../../../../arm-none-eabi/lib/thumb/v8-m.main+fp/hard\libc_nano.a(libc_a-snprintf.o)
                0x0800d924                sniprintf
                0x0800d924                snprintf
 .text._vsnprintf_r
                0x0800d990       0x5c C:/NewFiles/STM32CubeIDE_2.1.0/STM32CubeIDE/plugins/com.st.stm32cube.ide.mcu.externaltools.gnu-tools-for-stm32.14.3.rel1.win32_1.0.100.202602081740/tools/bin/../lib/gcc/arm-none-eabi/14.3.1/../../../../arm-none-eabi/lib/thumb/v8-m.main+fp/hard\libc_nano.a(libc_a-vsnprintf.o)
                0x0800d990                _vsniprintf_r
                0x0800d990                _vsnprintf_r
 .text.vsnprintf
                0x0800d9ec       0x1c C:/NewFiles/STM32CubeIDE_2.1.0/STM32CubeIDE/plugins/com.st.stm32cube.ide.mcu.externaltools.gnu-tools-for-stm32.14.3.rel1.win32_1.0.100.202602081740/tools/bin/../lib/gcc/arm-none-eabi/14.3.1/../../../../arm-none-eabi/lib/thumb/v8-m.main+fp/hard\libc_nano.a(libc_a-vsnprintf.o)
                0x0800d9ec                vsniprintf
                0x0800d9ec                vsnprintf
 .text.memset   0x0800da08       0x10 C:/NewFiles/STM32CubeIDE_2.1.0/STM32CubeIDE/plugins/com.st.stm32cube.ide.mcu.externaltools.gnu-tools-for-stm32.14.3.rel1.win32_1.0.100.202602081740/tools/bin/../lib/gcc/arm-none-eabi/14.3.1/../../../../arm-none-eabi/lib/thumb/v8-m.main+fp/hard\libc_nano.a(libc_a-memset.o)
                0x0800da08                memset
 .text.strcspn  0x0800da18       0x22 C:/NewFiles/STM32CubeIDE_2.1.0/STM32CubeIDE/plugins/com.st.stm32cube.ide.mcu.externaltools.gnu-tools-for-stm32.14.3.rel1.win32_1.0.100.202602081740/tools/bin/../lib/gcc/arm-none-eabi/14.3.1/../../../../arm-none-eabi/lib/thumb/v8-m.main+fp/hard\libc_nano.a(libc_a-strcspn.o)
                0x0800da18                strcspn
 .text.strncpy  0x0800da3a       0x26 C:/NewFiles/STM32CubeIDE_2.1.0/STM32CubeIDE/plugins/com.st.stm32cube.ide.mcu.externaltools.gnu-tools-for-stm32.14.3.rel1.win32_1.0.100.202602081740/tools/bin/../lib/gcc/arm-none-eabi/14.3.1/../../../../arm-none-eabi/lib/thumb/v8-m.main+fp/hard\libc_nano.a(libc_a-strncpy.o)
                0x0800da3a                strncpy
 .text.__errno  0x0800da60        0xc C:/NewFiles/STM32CubeIDE_2.1.0/STM32CubeIDE/plugins/com.st.stm32cube.ide.mcu.externaltools.gnu-tools-for-stm32.14.3.rel1.win32_1.0.100.202602081740/tools/bin/../lib/gcc/arm-none-eabi/14.3.1/../../../../arm-none-eabi/lib/thumb/v8-m.main+fp/hard\libc_nano.a(libc_a-errno.o)
                0x0800da60                __errno
 .text.__libc_init_array
                0x0800da6c       0x48 C:/NewFiles/STM32CubeIDE_2.1.0/STM32CubeIDE/plugins/com.st.stm32cube.ide.mcu.externaltools.gnu-tools-for-stm32.14.3.rel1.win32_1.0.100.202602081740/tools/bin/../lib/gcc/arm-none-eabi/14.3.1/../../../../arm-none-eabi/lib/thumb/v8-m.main+fp/hard\libc_nano.a(libc_a-init.o)
                0x0800da6c                __libc_init_array
 .text.__retarget_lock_acquire_recursive
                0x0800dab4        0x2 C:/NewFiles/STM32CubeIDE_2.1.0/STM32CubeIDE/plugins/com.st.stm32cube.ide.mcu.externaltools.gnu-tools-for-stm32.14.3.rel1.win32_1.0.100.202602081740/tools/bin/../lib/gcc/arm-none-eabi/14.3.1/../../../../arm-none-eabi/lib/thumb/v8-m.main+fp/hard\libc_nano.a(libc_a-lock.o)
                0x0800dab4                __retarget_lock_acquire_recursive
 .text.__retarget_lock_release_recursive
                0x0800dab6        0x2 C:/NewFiles/STM32CubeIDE_2.1.0/STM32CubeIDE/plugins/com.st.stm32cube.ide.mcu.externaltools.gnu-tools-for-stm32.14.3.rel1.win32_1.0.100.202602081740/tools/bin/../lib/gcc/arm-none-eabi/14.3.1/../../../../arm-none-eabi/lib/thumb/v8-m.main+fp/hard\libc_nano.a(libc_a-lock.o)
                0x0800dab6                __retarget_lock_release_recursive
 .text.memcpy   0x0800dab8       0x1a C:/NewFiles/STM32CubeIDE_2.1.0/STM32CubeIDE/plugins/com.st.stm32cube.ide.mcu.externaltools.gnu-tools-for-stm32.14.3.rel1.win32_1.0.100.202602081740/tools/bin/../lib/gcc/arm-none-eabi/14.3.1/../../../../arm-none-eabi/lib/thumb/v8-m.main+fp/hard\libc_nano.a(libc_a-memcpy-stub.o)
                0x0800dab8                memcpy
 *fill*         0x0800dad2        0x2 
 .text._free_r  0x0800dad4       0x94 C:/NewFiles/STM32CubeIDE_2.1.0/STM32CubeIDE/plugins/com.st.stm32cube.ide.mcu.externaltools.gnu-tools-for-stm32.14.3.rel1.win32_1.0.100.202602081740/tools/bin/../lib/gcc/arm-none-eabi/14.3.1/../../../../arm-none-eabi/lib/thumb/v8-m.main+fp/hard\libc_nano.a(libc_a-freer.o)
                0x0800dad4                _free_r
 .text.sbrk_aligned
                0x0800db68       0x44 C:/NewFiles/STM32CubeIDE_2.1.0/STM32CubeIDE/plugins/com.st.stm32cube.ide.mcu.externaltools.gnu-tools-for-stm32.14.3.rel1.win32_1.0.100.202602081740/tools/bin/../lib/gcc/arm-none-eabi/14.3.1/../../../../arm-none-eabi/lib/thumb/v8-m.main+fp/hard\libc_nano.a(libc_a-mallocr.o)
 .text._malloc_r
                0x0800dbac      0x100 C:/NewFiles/STM32CubeIDE_2.1.0/STM32CubeIDE/plugins/com.st.stm32cube.ide.mcu.externaltools.gnu-tools-for-stm32.14.3.rel1.win32_1.0.100.202602081740/tools/bin/../lib/gcc/arm-none-eabi/14.3.1/../../../../arm-none-eabi/lib/thumb/v8-m.main+fp/hard\libc_nano.a(libc_a-mallocr.o)
                0x0800dbac                _malloc_r
 .text.__malloc_lock
                0x0800dcac        0xc C:/NewFiles/STM32CubeIDE_2.1.0/STM32CubeIDE/plugins/com.st.stm32cube.ide.mcu.externaltools.gnu-tools-for-stm32.14.3.rel1.win32_1.0.100.202602081740/tools/bin/../lib/gcc/arm-none-eabi/14.3.1/../../../../arm-none-eabi/lib/thumb/v8-m.main+fp/hard\libc_nano.a(libc_a-mlock.o)
                0x0800dcac                __malloc_lock
 .text.__malloc_unlock
                0x0800dcb8        0xc C:/NewFiles/STM32CubeIDE_2.1.0/STM32CubeIDE/plugins/com.st.stm32cube.ide.mcu.externaltools.gnu-tools-for-stm32.14.3.rel1.win32_1.0.100.202602081740/tools/bin/../lib/gcc/arm-none-eabi/14.3.1/../../../../arm-none-eabi/lib/thumb/v8-m.main+fp/hard\libc_nano.a(libc_a-mlock.o)
                0x0800dcb8                __malloc_unlock
 .text.__ssputs_r
                0x0800dcc4       0xc0 C:/NewFiles/STM32CubeIDE_2.1.0/STM32CubeIDE/plugins/com.st.stm32cube.ide.mcu.externaltools.gnu-tools-for-stm32.14.3.rel1.win32_1.0.100.202602081740/tools/bin/../lib/gcc/arm-none-eabi/14.3.1/../../../../arm-none-eabi/lib/thumb/v8-m.main+fp/hard\libc_nano.a(libc_a-nano-svfprintf.o)
                0x0800dcc4                __ssputs_r
 .text._svfprintf_r
                0x0800dd84      0x1f0 C:/NewFiles/STM32CubeIDE_2.1.0/STM32CubeIDE/plugins/com.st.stm32cube.ide.mcu.externaltools.gnu-tools-for-stm32.14.3.rel1.win32_1.0.100.202602081740/tools/bin/../lib/gcc/arm-none-eabi/14.3.1/../../../../arm-none-eabi/lib/thumb/v8-m.main+fp/hard\libc_nano.a(libc_a-nano-svfprintf.o)
                0x0800dd84                _svfiprintf_r
                0x0800dd84                _svfprintf_r
 .text._printf_common
                0x0800df74       0xe4 C:/NewFiles/STM32CubeIDE_2.1.0/STM32CubeIDE/plugins/com.st.stm32cube.ide.mcu.externaltools.gnu-tools-for-stm32.14.3.rel1.win32_1.0.100.202602081740/tools/bin/../lib/gcc/arm-none-eabi/14.3.1/../../../../arm-none-eabi/lib/thumb/v8-m.main+fp/hard\libc_nano.a(libc_a-nano-vfprintf_i.o)
                0x0800df74                _printf_common
 .text._printf_i
                0x0800e058      0x24c C:/NewFiles/STM32CubeIDE_2.1.0/STM32CubeIDE/plugins/com.st.stm32cube.ide.mcu.externaltools.gnu-tools-for-stm32.14.3.rel1.win32_1.0.100.202602081740/tools/bin/../lib/gcc/arm-none-eabi/14.3.1/../../../../arm-none-eabi/lib/thumb/v8-m.main+fp/hard\libc_nano.a(libc_a-nano-vfprintf_i.o)
                0x0800e058                _printf_i
 .text.memmove  0x0800e2a4       0x32 C:/NewFiles/STM32CubeIDE_2.1.0/STM32CubeIDE/plugins/com.st.stm32cube.ide.mcu.externaltools.gnu-tools-for-stm32.14.3.rel1.win32_1.0.100.202602081740/tools/bin/../lib/gcc/arm-none-eabi/14.3.1/../../../../arm-none-eabi/lib/thumb/v8-m.main+fp/hard\libc_nano.a(libc_a-memmove.o)
                0x0800e2a4                memmove
 *fill*         0x0800e2d6        0x2 
 .text._sbrk_r  0x0800e2d8       0x20 C:/NewFiles/STM32CubeIDE_2.1.0/STM32CubeIDE/plugins/com.st.stm32cube.ide.mcu.externaltools.gnu-tools-for-stm32.14.3.rel1.win32_1.0.100.202602081740/tools/bin/../lib/gcc/arm-none-eabi/14.3.1/../../../../arm-none-eabi/lib/thumb/v8-m.main+fp/hard\libc_nano.a(libc_a-sbrkr.o)
                0x0800e2d8                _sbrk_r
 .text.memchr   0x0800e2f8       0x1c C:/NewFiles/STM32CubeIDE_2.1.0/STM32CubeIDE/plugins/com.st.stm32cube.ide.mcu.externaltools.gnu-tools-for-stm32.14.3.rel1.win32_1.0.100.202602081740/tools/bin/../lib/gcc/arm-none-eabi/14.3.1/../../../../arm-none-eabi/lib/thumb/v8-m.main+fp/hard\libc_nano.a(libc_a-memchr-stub.o)
                0x0800e2f8                memchr
 .text._realloc_r
                0x0800e314       0x5c C:/NewFiles/STM32CubeIDE_2.1.0/STM32CubeIDE/plugins/com.st.stm32cube.ide.mcu.externaltools.gnu-tools-for-stm32.14.3.rel1.win32_1.0.100.202602081740/tools/bin/../lib/gcc/arm-none-eabi/14.3.1/../../../../arm-none-eabi/lib/thumb/v8-m.main+fp/hard\libc_nano.a(libc_a-reallocr.o)
                0x0800e314                _realloc_r
 .text._malloc_usable_size_r
                0x0800e370       0x10 C:/NewFiles/STM32CubeIDE_2.1.0/STM32CubeIDE/plugins/com.st.stm32cube.ide.mcu.externaltools.gnu-tools-for-stm32.14.3.rel1.win32_1.0.100.202602081740/tools/bin/../lib/gcc/arm-none-eabi/14.3.1/../../../../arm-none-eabi/lib/thumb/v8-m.main+fp/hard\libc_nano.a(libc_a-msizer.o)
                0x0800e370                _malloc_usable_size_r
 *(.glue_7)
 .glue_7        0x0800e380        0x0 linker stubs
 *(.glue_7t)
 .glue_7t       0x0800e380        0x0 linker stubs
 *(.eh_frame)
 .eh_frame      0x0800e380        0x0 C:/NewFiles/STM32CubeIDE_2.1.0/STM32CubeIDE/plugins/com.st.stm32cube.ide.mcu.externaltools.gnu-tools-for-stm32.14.3.rel1.win32_1.0.100.202602081740/tools/bin/../lib/gcc/arm-none-eabi/14.3.1/thumb/v8-m.main+fp/hard/crtbegin.o
 *(.init)
 .init          0x0800e380        0x4 C:/NewFiles/STM32CubeIDE_2.1.0/STM32CubeIDE/plugins/com.st.stm32cube.ide.mcu.externaltools.gnu-tools-for-stm32.14.3.rel1.win32_1.0.100.202602081740/tools/bin/../lib/gcc/arm-none-eabi/14.3.1/thumb/v8-m.main+fp/hard/crti.o
                0x0800e380                _init
 .init          0x0800e384        0x8 C:/NewFiles/STM32CubeIDE_2.1.0/STM32CubeIDE/plugins/com.st.stm32cube.ide.mcu.externaltools.gnu-tools-for-stm32.14.3.rel1.win32_1.0.100.202602081740/tools/bin/../lib/gcc/arm-none-eabi/14.3.1/thumb/v8-m.main+fp/hard/crtn.o
 *(.fini)
 .fini          0x0800e38c        0x4 C:/NewFiles/STM32CubeIDE_2.1.0/STM32CubeIDE/plugins/com.st.stm32cube.ide.mcu.externaltools.gnu-tools-for-stm32.14.3.rel1.win32_1.0.100.202602081740/tools/bin/../lib/gcc/arm-none-eabi/14.3.1/thumb/v8-m.main+fp/hard/crti.o
                0x0800e38c                _fini
 .fini          0x0800e390        0x8 C:/NewFiles/STM32CubeIDE_2.1.0/STM32CubeIDE/plugins/com.st.stm32cube.ide.mcu.externaltools.gnu-tools-for-stm32.14.3.rel1.win32_1.0.100.202602081740/tools/bin/../lib/gcc/arm-none-eabi/14.3.1/thumb/v8-m.main+fp/hard/crtn.o
                0x0800e398                        _etext = .

.vfp11_veneer   0x0800e398        0x0
 .vfp11_veneer  0x0800e398        0x0 linker stubs

.v4_bx          0x0800e398        0x0
 .v4_bx         0x0800e398        0x0 linker stubs

.iplt           0x0800e398        0x0
 .iplt          0x0800e398        0x0 C:/NewFiles/STM32CubeIDE_2.1.0/STM32CubeIDE/plugins/com.st.stm32cube.ide.mcu.externaltools.gnu-tools-for-stm32.14.3.rel1.win32_1.0.100.202602081740/tools/bin/../lib/gcc/arm-none-eabi/14.3.1/thumb/v8-m.main+fp/hard/crtbegin.o

.rodata         0x0800e398      0x5db
 *(.rodata)
 .rodata        0x0800e398       0x65 ./Core/Src/app/Receive.o
 *fill*         0x0800e3fd        0x3 
 .rodata        0x0800e400       0x1a ./Core/Src/app/app_printer.o
 *fill*         0x0800e41a        0x2 
 .rodata        0x0800e41c       0x15 ./Core/Src/app/dotmatrix_converter_debug.o
 *fill*         0x0800e431        0x3 
 .rodata        0x0800e434      0x246 ./Core/Src/app/escpos_commands.o
 *fill*         0x0800e67a        0x2 
 .rodata        0x0800e67c       0x61 ./Core/Src/app/printer_output.o
 *fill*         0x0800e6dd        0x3 
 .rodata        0x0800e6e0       0x72 ./Core/Src/app_freertos.o
 *fill*         0x0800e752        0x2 
 .rodata        0x0800e754       0x23 ./Core/Src/log/myprintf.o
 *fill*         0x0800e777        0x1 
 .rodata        0x0800e778        0x5 ./Middlewares/Third_Party/FreeRTOS/Source/tasks.o
 *fill*         0x0800e77d        0x3 
 .rodata        0x0800e780        0xd ./Middlewares/Third_Party/FreeRTOS/Source/timers.o
 *(.rodata*)
 *fill*         0x0800e78d        0x3 
 .rodata.defaultTask_attributes
                0x0800e790       0x24 ./Core/Src/app_freertos.o
                0x0800e790                defaultTask_attributes
 .rodata.rxProcessTask_attributes
                0x0800e7b4       0x24 ./Core/Src/app_freertos.o
                0x0800e7b4                rxProcessTask_attributes
 .rodata.printTask_attributes
                0x0800e7d8       0x24 ./Core/Src/app_freertos.o
                0x0800e7d8                printTask_attributes
 .rodata.uart1LogMutex_attributes
                0x0800e7fc       0x10 ./Core/Src/app_freertos.o
                0x0800e7fc                uart1LogMutex_attributes
 .rodata.printRequestSemaphore_attributes
                0x0800e80c       0x10 ./Core/Src/app_freertos.o
                0x0800e80c                printRequestSemaphore_attributes
 .rodata.printBufferMutex_attributes
                0x0800e81c       0x10 ./Core/Src/app_freertos.o
                0x0800e81c                printBufferMutex_attributes
 .rodata.settingsMutex_attributes
                0x0800e82c       0x10 ./Core/Src/app_freertos.o
                0x0800e82c                settingsMutex_attributes
 .rodata.AHBPrescTable
                0x0800e83c       0x10 ./Core/Src/system_stm32u5xx.o
                0x0800e83c                AHBPrescTable
 .rodata.APBPrescTable
                0x0800e84c        0x8 ./Core/Src/system_stm32u5xx.o
                0x0800e84c                APBPrescTable
 .rodata.MSIRangeTable
                0x0800e854       0x40 ./Core/Src/system_stm32u5xx.o
                0x0800e854                MSIRangeTable
 .rodata.LPGPIO_Map
                0x0800e894       0x80 ./Drivers/STM32U5xx_HAL_Driver/Src/stm32u5xx_hal_gpio.o
 .rodata.UARTPrescTable
                0x0800e914       0x18 ./Drivers/STM32U5xx_HAL_Driver/Src/stm32u5xx_hal_uart.o
                0x0800e914                UARTPrescTable
 .rodata.numerator.1
                0x0800e92c        0x8 ./Drivers/STM32U5xx_HAL_Driver/Src/stm32u5xx_hal_uart_ex.o
 .rodata.denominator.0
                0x0800e934        0x8 ./Drivers/STM32U5xx_HAL_Driver/Src/stm32u5xx_hal_uart_ex.o
 .rodata.uxTopUsedPriority
                0x0800e93c        0x4 ./Middlewares/Third_Party/FreeRTOS/Source/tasks.o
 .rodata._svfprintf_r.str1.1
                0x0800e940       0x33 C:/NewFiles/STM32CubeIDE_2.1.0/STM32CubeIDE/plugins/com.st.stm32cube.ide.mcu.externaltools.gnu-tools-for-stm32.14.3.rel1.win32_1.0.100.202602081740/tools/bin/../lib/gcc/arm-none-eabi/14.3.1/../../../../arm-none-eabi/lib/thumb/v8-m.main+fp/hard\libc_nano.a(libc_a-nano-svfprintf.o)
                                 0x11 (size before relaxing)
 .rodata._printf_i.str1.1
                0x0800e973       0x22 C:/NewFiles/STM32CubeIDE_2.1.0/STM32CubeIDE/plugins/com.st.stm32cube.ide.mcu.externaltools.gnu-tools-for-stm32.14.3.rel1.win32_1.0.100.202602081740/tools/bin/../lib/gcc/arm-none-eabi/14.3.1/../../../../arm-none-eabi/lib/thumb/v8-m.main+fp/hard\libc_nano.a(libc_a-nano-vfprintf_i.o)

.ku_font_data   0x0800e973      0xc17
 .ku_font_data  0x0800e973      0xc17 ./Core/Src/app/ku_font.o
                0x0800e973                _binary_ku_bin_start
                0x0800f58a                _binary_ku_bin_end

.ARM.extab
 *(.ARM.extab* .gnu.linkonce.armextab.*)

.ARM            0x0800f58c        0x8
                0x0800f58c                        __exidx_start = .
 *(.ARM.exidx*)
 .ARM.exidx     0x0800f58c        0x8 C:/NewFiles/STM32CubeIDE_2.1.0/STM32CubeIDE/plugins/com.st.stm32cube.ide.mcu.externaltools.gnu-tools-for-stm32.14.3.rel1.win32_1.0.100.202602081740/tools/bin/../lib/gcc/arm-none-eabi/14.3.1/../../../../arm-none-eabi/lib/thumb/v8-m.main+fp/hard\libc_nano.a(libc_a-strlen.o)
 .ARM.exidx     0x0800f594        0x0 C:/NewFiles/STM32CubeIDE_2.1.0/STM32CubeIDE/plugins/com.st.stm32cube.ide.mcu.externaltools.gnu-tools-for-stm32.14.3.rel1.win32_1.0.100.202602081740/tools/bin/../lib/gcc/arm-none-eabi/14.3.1/thumb/v8-m.main+fp/hard\libgcc.a(_udivmoddi4.o)
                                  0x8 (size before relaxing)
                0x0800f594                        __exidx_end = .

.preinit_array  0x0800f594        0x0
                0x0800f594                        PROVIDE (__preinit_array_start = .)
 *(.preinit_array*)
                0x0800f594                        PROVIDE (__preinit_array_end = .)

.init_array     0x0800f594        0x4
                0x0800f594                        PROVIDE (__init_array_start = .)
 *(SORT_BY_NAME(.init_array.*))
 *(.init_array*)
 .init_array    0x0800f594        0x4 C:/NewFiles/STM32CubeIDE_2.1.0/STM32CubeIDE/plugins/com.st.stm32cube.ide.mcu.externaltools.gnu-tools-for-stm32.14.3.rel1.win32_1.0.100.202602081740/tools/bin/../lib/gcc/arm-none-eabi/14.3.1/thumb/v8-m.main+fp/hard/crtbegin.o
                0x0800f598                        PROVIDE (__init_array_end = .)

.fini_array     0x0800f598        0x4
                [!provide]                        PROVIDE (__fini_array_start = .)
 *(SORT_BY_NAME(.fini_array.*))
 *(.fini_array*)
 .fini_array    0x0800f598        0x4 C:/NewFiles/STM32CubeIDE_2.1.0/STM32CubeIDE/plugins/com.st.stm32cube.ide.mcu.externaltools.gnu-tools-for-stm32.14.3.rel1.win32_1.0.100.202602081740/tools/bin/../lib/gcc/arm-none-eabi/14.3.1/thumb/v8-m.main+fp/hard/crtbegin.o
                [!provide]                        PROVIDE (__fini_array_end = .)
                0x0800f59c                        _sidata = LOADADDR (.data)

.rel.dyn        0x0800f59c        0x0
 .rel.iplt      0x0800f59c        0x0 C:/NewFiles/STM32CubeIDE_2.1.0/STM32CubeIDE/plugins/com.st.stm32cube.ide.mcu.externaltools.gnu-tools-for-stm32.14.3.rel1.win32_1.0.100.202602081740/tools/bin/../lib/gcc/arm-none-eabi/14.3.1/thumb/v8-m.main+fp/hard/crtbegin.o

.data           0x20000000       0x68 load address 0x0800f59c
                0x20000000                        _sdata = .
 *(.data)
 *(.data*)
 .data.settings
                0x20000000        0x5 ./Core/Src/app/escpos_commands.o
 *fill*         0x20000005        0x3 
 .data.SystemCoreClock
                0x20000008        0x4 ./Core/Src/system_stm32u5xx.o
                0x20000008                SystemCoreClock
 .data.uwTickPrio
                0x2000000c        0x4 ./Drivers/STM32U5xx_HAL_Driver/Src/stm32u5xx_hal.o
                0x2000000c                uwTickPrio
 .data.uwTickFreq
                0x20000010        0x1 ./Drivers/STM32U5xx_HAL_Driver/Src/stm32u5xx_hal.o
                0x20000010                uwTickFreq
 *fill*         0x20000011        0x3 
 .data.ulCriticalNesting
                0x20000014        0x4 ./Middlewares/Third_Party/FreeRTOS/Source/portable/GCC/ARM_CM33_NTZ/non_secure/port.o
 .data._impure_ptr
                0x20000018        0x4 C:/NewFiles/STM32CubeIDE_2.1.0/STM32CubeIDE/plugins/com.st.stm32cube.ide.mcu.externaltools.gnu-tools-for-stm32.14.3.rel1.win32_1.0.100.202602081740/tools/bin/../lib/gcc/arm-none-eabi/14.3.1/../../../../arm-none-eabi/lib/thumb/v8-m.main+fp/hard\libc_nano.a(libc_a-impure.o)
                0x20000018                _impure_ptr
 .data._impure_data
                0x2000001c       0x4c C:/NewFiles/STM32CubeIDE_2.1.0/STM32CubeIDE/plugins/com.st.stm32cube.ide.mcu.externaltools.gnu-tools-for-stm32.14.3.rel1.win32_1.0.100.202602081740/tools/bin/../lib/gcc/arm-none-eabi/14.3.1/../../../../arm-none-eabi/lib/thumb/v8-m.main+fp/hard\libc_nano.a(libc_a-impure.o)
                0x2000001c                _impure_data
 *(.RamFunc)
 *(.RamFunc*)
                0x20000068                        _edata = .

.igot.plt       0x20000068        0x0 load address 0x0800f604
 .igot.plt      0x20000068        0x0 C:/NewFiles/STM32CubeIDE_2.1.0/STM32CubeIDE/plugins/com.st.stm32cube.ide.mcu.externaltools.gnu-tools-for-stm32.14.3.rel1.win32_1.0.100.202602081740/tools/bin/../lib/gcc/arm-none-eabi/14.3.1/thumb/v8-m.main+fp/hard/crtbegin.o

.bss            0x20000068     0x8e70 load address 0x0800f604
                0x20000068                        _sbss = .
                0x20000068                        __bss_start__ = _sbss
 *(.bss)
 .bss           0x20000068       0x1c C:/NewFiles/STM32CubeIDE_2.1.0/STM32CubeIDE/plugins/com.st.stm32cube.ide.mcu.externaltools.gnu-tools-for-stm32.14.3.rel1.win32_1.0.100.202602081740/tools/bin/../lib/gcc/arm-none-eabi/14.3.1/thumb/v8-m.main+fp/hard/crtbegin.o
 *(.bss*)
 .bss.readIndex
                0x20000084        0x2 ./Core/Src/app/Receive.o
 .bss.writeIndex
                0x20000086        0x2 ./Core/Src/app/Receive.o
 .bss.rx_ring   0x20000088     0x1000 ./Core/Src/app/Receive.o
 .bss.rx_byte   0x20001088        0x1 ./Core/Src/app/Receive.o
                0x20001088                rx_byte
 *fill*         0x20001089        0x3 
 .bss.rx_tick   0x2000108c        0x4 ./Core/Src/app/Receive.o
 .bss.frame.0   0x20001090     0x1000 ./Core/Src/app/Receive.o
 .bss.printer_execute_request
                0x20002090        0x1 ./Core/Src/app/escpos_commands.o
 *fill*         0x20002091        0x3 
 .bss.g_print_task_handle
                0x20002094        0x4 ./Core/Src/app/escpos_commands.o
 .bss.g_print_semaphore
                0x20002098        0x4 ./Core/Src/app/escpos_commands.o
 .bss.g_settings_mutex
                0x2000209c        0x4 ./Core/Src/app/escpos_commands.o
 .bss.g_print_snapshot
                0x200020a0     0x1000 ./Core/Src/app/escpos_commands.o
 .bss.g_print_buffer
                0x200030a0     0x1000 ./Core/Src/app/print_buffer.o
 .bss.g_print_buf_len
                0x200040a0        0x2 ./Core/Src/app/print_buffer.o
 *fill*         0x200040a2        0x2 
 .bss.g_print_buffer_mutex
                0x200040a4        0x4 ./Core/Src/app/print_buffer.o
 .bss.defaultTaskHandle
                0x200040a8        0x4 ./Core/Src/app_freertos.o
                0x200040a8                defaultTaskHandle
 .bss.rxProcessTaskHandle
                0x200040ac        0x4 ./Core/Src/app_freertos.o
                0x200040ac                rxProcessTaskHandle
 .bss.printTaskHandle
                0x200040b0        0x4 ./Core/Src/app_freertos.o
                0x200040b0                printTaskHandle
 .bss.uart1LogMutexHandle
                0x200040b4        0x4 ./Core/Src/app_freertos.o
                0x200040b4                uart1LogMutexHandle
 .bss.printRequestSemaphoreHandle
                0x200040b8        0x4 ./Core/Src/app_freertos.o
                0x200040b8                printRequestSemaphoreHandle
 .bss.printBufferMutexHandle
                0x200040bc        0x4 ./Core/Src/app_freertos.o
                0x200040bc                printBufferMutexHandle
 .bss.settingsMutexHandle
                0x200040c0        0x4 ./Core/Src/app_freertos.o
                0x200040c0                settingsMutexHandle
 .bss.htim6     0x200040c4       0x4c ./Core/Src/stm32u5xx_hal_timebase_tim.o
                0x200040c4                htim6
 .bss.__sbrk_heap_end
                0x20004110        0x4 ./Core/Src/sysmem.o
 .bss.huart1    0x20004114       0x94 ./Core/Src/usart.o
                0x20004114                huart1
 .bss.huart2    0x200041a8       0x94 ./Core/Src/usart.o
                0x200041a8                huart2
 .bss.g_uart1_log_mutex
                0x2000423c        0x4 ./Core/Src/log/myprintf.o
 .bss.uwTick    0x20004240        0x4 ./Drivers/STM32U5xx_HAL_Driver/Src/stm32u5xx_hal.o
                0x20004240                uwTick
 .bss.KernelState
                0x20004244        0x4 ./Middlewares/Third_Party/FreeRTOS/Source/CMSIS_RTOS_V2/cmsis_os2.o
 .bss.xQueueRegistry
                0x20004248       0x40 ./Middlewares/Third_Party/FreeRTOS/Source/queue.o
                0x20004248                xQueueRegistry
 .bss.pxCurrentTCB
                0x20004288        0x4 ./Middlewares/Third_Party/FreeRTOS/Source/tasks.o
                0x20004288                pxCurrentTCB
 .bss.pxReadyTasksLists
                0x2000428c      0x460 ./Middlewares/Third_Party/FreeRTOS/Source/tasks.o
 .bss.xDelayedTaskList1
                0x200046ec       0x14 ./Middlewares/Third_Party/FreeRTOS/Source/tasks.o
 .bss.xDelayedTaskList2
                0x20004700       0x14 ./Middlewares/Third_Party/FreeRTOS/Source/tasks.o
 .bss.pxDelayedTaskList
                0x20004714        0x4 ./Middlewares/Third_Party/FreeRTOS/Source/tasks.o
 .bss.pxOverflowDelayedTaskList
                0x20004718        0x4 ./Middlewares/Third_Party/FreeRTOS/Source/tasks.o
 .bss.xPendingReadyList
                0x2000471c       0x14 ./Middlewares/Third_Party/FreeRTOS/Source/tasks.o
 .bss.xTasksWaitingTermination
                0x20004730       0x14 ./Middlewares/Third_Party/FreeRTOS/Source/tasks.o
 .bss.uxDeletedTasksWaitingCleanUp
                0x20004744        0x4 ./Middlewares/Third_Party/FreeRTOS/Source/tasks.o
 .bss.xSuspendedTaskList
                0x20004748       0x14 ./Middlewares/Third_Party/FreeRTOS/Source/tasks.o
 .bss.uxCurrentNumberOfTasks
                0x2000475c        0x4 ./Middlewares/Third_Party/FreeRTOS/Source/tasks.o
 .bss.xTickCount
                0x20004760        0x4 ./Middlewares/Third_Party/FreeRTOS/Source/tasks.o
 .bss.uxTopReadyPriority
                0x20004764        0x4 ./Middlewares/Third_Party/FreeRTOS/Source/tasks.o
 .bss.xSchedulerRunning
                0x20004768        0x4 ./Middlewares/Third_Party/FreeRTOS/Source/tasks.o
 .bss.xPendedTicks
                0x2000476c        0x4 ./Middlewares/Third_Party/FreeRTOS/Source/tasks.o
 .bss.xYieldPendings
                0x20004770        0x4 ./Middlewares/Third_Party/FreeRTOS/Source/tasks.o
 .bss.xNumOfOverflows
                0x20004774        0x4 ./Middlewares/Third_Party/FreeRTOS/Source/tasks.o
 .bss.uxTaskNumber
                0x20004778        0x4 ./Middlewares/Third_Party/FreeRTOS/Source/tasks.o
 .bss.xNextTaskUnblockTime
                0x2000477c        0x4 ./Middlewares/Third_Party/FreeRTOS/Source/tasks.o
 .bss.xIdleTaskHandles
                0x20004780        0x4 ./Middlewares/Third_Party/FreeRTOS/Source/tasks.o
 .bss.uxSchedulerSuspended
                0x20004784        0x4 ./Middlewares/Third_Party/FreeRTOS/Source/tasks.o
 .bss.xIdleTaskTCB.3
                0x20004788       0x5c ./Middlewares/Third_Party/FreeRTOS/Source/tasks.o
 .bss.uxIdleTaskStack.2
                0x200047e4      0x200 ./Middlewares/Third_Party/FreeRTOS/Source/tasks.o
 .bss.xTimerTaskTCB.1
                0x200049e4       0x5c ./Middlewares/Third_Party/FreeRTOS/Source/tasks.o
 .bss.uxTimerTaskStack.0
                0x20004a40      0x200 ./Middlewares/Third_Party/FreeRTOS/Source/tasks.o
 .bss.xActiveTimerList1
                0x20004c40       0x14 ./Middlewares/Third_Party/FreeRTOS/Source/timers.o
 .bss.xActiveTimerList2
                0x20004c54       0x14 ./Middlewares/Third_Party/FreeRTOS/Source/timers.o
 .bss.pxCurrentTimerList
                0x20004c68        0x4 ./Middlewares/Third_Party/FreeRTOS/Source/timers.o
 .bss.pxOverflowTimerList
                0x20004c6c        0x4 ./Middlewares/Third_Party/FreeRTOS/Source/timers.o
 .bss.xTimerQueue
                0x20004c70        0x4 ./Middlewares/Third_Party/FreeRTOS/Source/timers.o
 .bss.xTimerTaskHandle
                0x20004c74        0x4 ./Middlewares/Third_Party/FreeRTOS/Source/timers.o
 .bss.xLastTime.2
                0x20004c78        0x4 ./Middlewares/Third_Party/FreeRTOS/Source/timers.o
 .bss.ucStaticTimerQueueStorage.1
                0x20004c7c       0xa0 ./Middlewares/Third_Party/FreeRTOS/Source/timers.o
 .bss.xStaticTimerQueue.0
                0x20004d1c       0x50 ./Middlewares/Third_Party/FreeRTOS/Source/timers.o
 .bss.ucMaxSysCallPriority
                0x20004d6c        0x1 ./Middlewares/Third_Party/FreeRTOS/Source/portable/GCC/ARM_CM33_NTZ/non_secure/port.o
 *fill*         0x20004d6d        0x3 
 .bss.ulMaxPRIGROUPValue
                0x20004d70        0x4 ./Middlewares/Third_Party/FreeRTOS/Source/portable/GCC/ARM_CM33_NTZ/non_secure/port.o
 .bss.ucHeap    0x20004d74     0x4000 ./Middlewares/Third_Party/FreeRTOS/Source/portable/MemMang/heap_4.o
 .bss.xStart    0x20008d74        0x8 ./Middlewares/Third_Party/FreeRTOS/Source/portable/MemMang/heap_4.o
 .bss.pxEnd     0x20008d7c        0x4 ./Middlewares/Third_Party/FreeRTOS/Source/portable/MemMang/heap_4.o
 .bss.xFreeBytesRemaining
                0x20008d80        0x4 ./Middlewares/Third_Party/FreeRTOS/Source/portable/MemMang/heap_4.o
 .bss.xMinimumEverFreeBytesRemaining
                0x20008d84        0x4 ./Middlewares/Third_Party/FreeRTOS/Source/portable/MemMang/heap_4.o
 .bss.xNumberOfSuccessfulAllocations
                0x20008d88        0x4 ./Middlewares/Third_Party/FreeRTOS/Source/portable/MemMang/heap_4.o
 .bss.xNumberOfSuccessfulFrees
                0x20008d8c        0x4 ./Middlewares/Third_Party/FreeRTOS/Source/portable/MemMang/heap_4.o
 .bss.__sf      0x20008d90      0x138 C:/NewFiles/STM32CubeIDE_2.1.0/STM32CubeIDE/plugins/com.st.stm32cube.ide.mcu.externaltools.gnu-tools-for-stm32.14.3.rel1.win32_1.0.100.202602081740/tools/bin/../lib/gcc/arm-none-eabi/14.3.1/../../../../arm-none-eabi/lib/thumb/v8-m.main+fp/hard\libc_nano.a(libc_a-findfp.o)
                0x20008d90                __sf
 .bss.errno     0x20008ec8        0x4 C:/NewFiles/STM32CubeIDE_2.1.0/STM32CubeIDE/plugins/com.st.stm32cube.ide.mcu.externaltools.gnu-tools-for-stm32.14.3.rel1.win32_1.0.100.202602081740/tools/bin/../lib/gcc/arm-none-eabi/14.3.1/../../../../arm-none-eabi/lib/thumb/v8-m.main+fp/hard\libc_nano.a(libc_a-reent.o)
                0x20008ec8                errno
 .bss.__lock___malloc_recursive_mutex
                0x20008ecc        0x1 C:/NewFiles/STM32CubeIDE_2.1.0/STM32CubeIDE/plugins/com.st.stm32cube.ide.mcu.externaltools.gnu-tools-for-stm32.14.3.rel1.win32_1.0.100.202602081740/tools/bin/../lib/gcc/arm-none-eabi/14.3.1/../../../../arm-none-eabi/lib/thumb/v8-m.main+fp/hard\libc_nano.a(libc_a-lock.o)
                0x20008ecc                __lock___malloc_recursive_mutex
 *fill*         0x20008ecd        0x3 
 .bss.__malloc_sbrk_start
                0x20008ed0        0x4 C:/NewFiles/STM32CubeIDE_2.1.0/STM32CubeIDE/plugins/com.st.stm32cube.ide.mcu.externaltools.gnu-tools-for-stm32.14.3.rel1.win32_1.0.100.202602081740/tools/bin/../lib/gcc/arm-none-eabi/14.3.1/../../../../arm-none-eabi/lib/thumb/v8-m.main+fp/hard\libc_nano.a(libc_a-mallocr.o)
                0x20008ed0                __malloc_sbrk_start
 .bss.__malloc_free_list
                0x20008ed4        0x4 C:/NewFiles/STM32CubeIDE_2.1.0/STM32CubeIDE/plugins/com.st.stm32cube.ide.mcu.externaltools.gnu-tools-for-stm32.14.3.rel1.win32_1.0.100.202602081740/tools/bin/../lib/gcc/arm-none-eabi/14.3.1/../../../../arm-none-eabi/lib/thumb/v8-m.main+fp/hard\libc_nano.a(libc_a-mallocr.o)
                0x20008ed4                __malloc_free_list
 *(COMMON)
                0x20008ed8                        _ebss = .
                0x20008ed8                        __bss_end__ = _ebss

._user_heap_stack
                0x20008ed8      0x600 load address 0x0800f604
                0x20008ed8                        . = ALIGN (0x8)
                [!provide]                        PROVIDE (end = .)
                0x20008ed8                        PROVIDE (_end = .)
                0x200090d8                        . = (. + _Min_Heap_Size)
 *fill*         0x20008ed8      0x200 
                0x200094d8                        . = (. + _Min_Stack_Size)
 *fill*         0x200090d8      0x400 
                0x200094d8                        . = ALIGN (0x8)

/DISCARD/
 libc.a(*)
 libm.a(*)
 libgcc.a(*)

.ARM.attributes
                0x00000000       0x36
 *(.ARM.attributes)
 .ARM.attributes
                0x00000000       0x26 C:/NewFiles/STM32CubeIDE_2.1.0/STM32CubeIDE/plugins/com.st.stm32cube.ide.mcu.externaltools.gnu-tools-for-stm32.14.3.rel1.win32_1.0.100.202602081740/tools/bin/../lib/gcc/arm-none-eabi/14.3.1/thumb/v8-m.main+fp/hard/crti.o
 .ARM.attributes
                0x00000026       0x38 C:/NewFiles/STM32CubeIDE_2.1.0/STM32CubeIDE/plugins/com.st.stm32cube.ide.mcu.externaltools.gnu-tools-for-stm32.14.3.rel1.win32_1.0.100.202602081740/tools/bin/../lib/gcc/arm-none-eabi/14.3.1/thumb/v8-m.main+fp/hard/crtbegin.o
 .ARM.attributes
                0x0000005e       0x3a ./Core/Src/app/Receive.o
 .ARM.attributes
                0x00000098       0x3a ./Core/Src/app/app_printer.o
 .ARM.attributes
                0x000000d2       0x3a ./Core/Src/app/dotmatrix_converter_debug.o
 .ARM.attributes
                0x0000010c       0x3a ./Core/Src/app/escpos_commands.o
 .ARM.attributes
                0x00000146       0x28 ./Core/Src/app/ku_font.o
 .ARM.attributes
                0x0000016e       0x3a ./Core/Src/app/print_buffer.o
 .ARM.attributes
                0x000001a8       0x3a ./Core/Src/app/printer_output.o
 .ARM.attributes
                0x000001e2       0x3a ./Core/Src/app_freertos.o
 .ARM.attributes
                0x0000021c       0x3a ./Core/Src/gpio.o
 .ARM.attributes