../Core/Src/app/escpos_commands.c:36:16:settings_lock	16	static
../Core/Src/app/escpos_commands.c:44:13:settings_unlock	8	static
../Core/Src/app/escpos_commands.c:51:13:printer_clear_text_buffer	16	static
../Core/Src/app/escpos_commands.c:59:13:printer_settings_reset_default_unlocked	4	static
../Core/Src/app/escpos_commands.c:68:13:printer_settings_reset_default	8	static
../Core/Src/app/escpos_commands.c:77:13:printer_settings_set_alignment	16	static
../Core/Src/app/escpos_commands.c:86:13:printer_settings_set_line_spacing	16	static
../Core/Src/app/escpos_commands.c:95:13:printer_settings_set_margin_left	16	static
../Core/Src/app/escpos_commands.c:104:13:printer_settings_set_margin_right	16	static
../Core/Src/app/escpos_commands.c:113:13:printer_settings_set_scale	16	static
../Core/Src/app/escpos_commands.c:128:13:printer_clear_pending_execute_requests	8	static
../Core/Src/app/escpos_commands.c:137:13:printer_reset_to_default	8	static
../Core/Src/app/escpos_commands.c:144:13:log_command_frame	24	static
../Core/Src/app/escpos_commands.c:152:16:parse_alignment_value	16	static
../Core/Src/app/escpos_commands.c:168:6:printer_bind_print_task	16	static
../Core/Src/app/escpos_commands.c:173:6:printer_bind_print_semaphore	16	static
../Core/Src/app/escpos_commands.c:178:6:printer_bind_settings_mutex	16	static
../Core/Src/app/escpos_commands.c:183:9:printer_copy_settings_snapshot	16	static
../Core/Src/app/escpos_commands.c:196:6:printer_request_execute	16	static
../Core/Src/app/escpos_commands.c:212:9:printer_consume_execute_request	4	static
../Core/Src/app/escpos_commands.c:221:22:printer_get_settings	4	static
../Core/Src/app/escpos_commands.c:226:6:printer_execute_buffer	16	static
../Core/Src/app/escpos_commands.c:249:6:printer_process_execute_request	8	static
../Core/Src/app/escpos_commands.c:256:6:printer_wait_and_process_execute_request	16	static
../Core/Src/app/escpos_commands.c:277:6:handle_escpos_command	24	static
