../Core/Src/app/print_buffer.c:36:16:print_buffer_lock	16	static
../Core/Src/app/print_buffer.c:46:13:print_buffer_unlock	8	static
../Core/Src/app/print_buffer.c:53:6:print_buffer_bind_mutex	16	static
../Core/Src/app/print_buffer.c:58:6:print_buffer_init	8	static
../Core/Src/app/print_buffer.c:63:6:print_buffer_clear	8	static
../Core/Src/app/print_buffer.c:75:9:print_buffer_append_text	16	static
../Core/Src/app/print_buffer.c:103:13:print_buffer_get_data	4	static
../Core/Src/app/print_buffer.c:108:10:print_buffer_get_length	16	static
../Core/Src/app/print_buffer.c:122:9:print_buffer_is_empty	16	static
../Core/Src/app/print_buffer.c:136:10:print_buffer_take_snapshot_and_clear	24	static
