../Core/Src/app/Receive.c:101:17:ring_used_length	4	static
../Core/Src/app/Receive.c:106:17:ring_free_length	8	static
../Core/Src/app/Receive.c:125:16:is_command_frame	16	static
../Core/Src/app/Receive.c:144:13:handle_text_data	40	static
../Core/Src/app/Receive.c:174:13:uart_rx_restart_idle	8	static
../Core/Src/app/Receive.c:192:13:pop_one_raw_chunk	40	static,ignoring_inline_asm
../Core/Src/app/Receive.c:254:6:uart_rx_start	8	static
../Core/Src/app/Receive.c:280:6:uart_rx_pop_chunk	24	static
../Core/Src/app/Receive.c:305:6:HAL_UARTEx_RxEventCallback	24	static
../Core/Src/app/Receive.c:340:6:HAL_UART_RxCpltCallback	16	static
../Core/Src/app/Receive.c:351:6:HAL_UART_ErrorCallback	16	static
../Core/Src/app/Receive.c:364:6:uart_GetDate	16	static
